Archive member included to satisfy reference by file (symbol)

c:/sysgcc/arm-eabi/bin/../lib/gcc/arm-eabi/7.2.0/../../../../arm-eabi/lib/thumb/fpu/cortex_m4\libstdc++_nano.a(atexit_arm.o)
                              VisualGDB/Debug/hw_gpio_driver_stm32f4.o (__aeabi_atexit)
c:/sysgcc/arm-eabi/bin/../lib/gcc/arm-eabi/7.2.0/../../../../arm-eabi/lib/thumb/fpu/cortex_m4\libstdc++_nano.a(del_ops.o)
                              VisualGDB/Debug/hw_gpio_driver_stm32f4.o (_ZdlPvj)
c:/sysgcc/arm-eabi/bin/../lib/gcc/arm-eabi/7.2.0/../../../../arm-eabi/lib/thumb/fpu/cortex_m4\libstdc++_nano.a(pure.o)
                              VisualGDB/Debug/hw_gpio_driver_stm32f4.o (__cxa_pure_virtual)
c:/sysgcc/arm-eabi/bin/../lib/gcc/arm-eabi/7.2.0/../../../../arm-eabi/lib/thumb/fpu/cortex_m4\libstdc++_nano.a(functexcept.o)
                              VisualGDB/Debug/hw_gpio_driver_stm32f4.o (_ZSt17__throw_bad_allocv)
c:/sysgcc/arm-eabi/bin/../lib/gcc/arm-eabi/7.2.0/../../../../arm-eabi/lib/thumb/fpu/cortex_m4\libstdc++_nano.a(hashtable_c++0x.o)
                              VisualGDB/Debug/hw_gpio_driver_stm32f4.o (_ZNKSt8__detail20_Prime_rehash_policy11_M_next_bktEj)
c:/sysgcc/arm-eabi/bin/../lib/gcc/arm-eabi/7.2.0/../../../../arm-eabi/lib/thumb/fpu/cortex_m4\libstdc++_nano.a(snprintf_lite.o)
                              c:/sysgcc/arm-eabi/bin/../lib/gcc/arm-eabi/7.2.0/../../../../arm-eabi/lib/thumb/fpu/cortex_m4\libstdc++_nano.a(functexcept.o) (_ZN9__gnu_cxx15__snprintf_liteEPcjPKcSt9__va_list)
c:/sysgcc/arm-eabi/bin/../lib/gcc/arm-eabi/7.2.0/../../../../arm-eabi/lib/thumb/fpu/cortex_m4\libstdc++_nano.a(eh_terminate.o)
                              c:/sysgcc/arm-eabi/bin/../lib/gcc/arm-eabi/7.2.0/../../../../arm-eabi/lib/thumb/fpu/cortex_m4\libstdc++_nano.a(pure.o) (_ZSt9terminatev)
c:/sysgcc/arm-eabi/bin/../lib/gcc/arm-eabi/7.2.0/../../../../arm-eabi/lib/thumb/fpu/cortex_m4\libstdc++_nano.a(eh_term_handler.o)
                              c:/sysgcc/arm-eabi/bin/../lib/gcc/arm-eabi/7.2.0/../../../../arm-eabi/lib/thumb/fpu/cortex_m4\libstdc++_nano.a(eh_terminate.o) (_ZN10__cxxabiv119__terminate_handlerE)
c:/sysgcc/arm-eabi/bin/../lib/gcc/arm-eabi/7.2.0/../../../../arm-eabi/lib/thumb/fpu/cortex_m4\libstdc++_nano.a(eh_unex_handler.o)
                              c:/sysgcc/arm-eabi/bin/../lib/gcc/arm-eabi/7.2.0/../../../../arm-eabi/lib/thumb/fpu/cortex_m4\libstdc++_nano.a(eh_terminate.o) (_ZN10__cxxabiv120__unexpected_handlerE)
c:/sysgcc/arm-eabi/bin/../lib/gcc/arm-eabi/7.2.0/../../../../arm-eabi/lib/thumb/fpu/cortex_m4\libm.a(lib_a-s_ceil.o)
                              c:/sysgcc/arm-eabi/bin/../lib/gcc/arm-eabi/7.2.0/../../../../arm-eabi/lib/thumb/fpu/cortex_m4\libstdc++_nano.a(hashtable_c++0x.o) (ceil)
c:/sysgcc/arm-eabi/bin/../lib/gcc/arm-eabi/7.2.0/../../../../arm-eabi/lib/thumb/fpu/cortex_m4\libm.a(lib_a-s_floor.o)
                              c:/sysgcc/arm-eabi/bin/../lib/gcc/arm-eabi/7.2.0/../../../../arm-eabi/lib/thumb/fpu/cortex_m4\libstdc++_nano.a(hashtable_c++0x.o) (floor)
c:/sysgcc/arm-eabi/bin/../lib/gcc/arm-eabi/7.2.0/thumb/fpu/cortex_m4\libgcc.a(_arm_addsubdf3.o)
                              c:/sysgcc/arm-eabi/bin/../lib/gcc/arm-eabi/7.2.0/../../../../arm-eabi/lib/thumb/fpu/cortex_m4\libstdc++_nano.a(hashtable_c++0x.o) (__aeabi_dadd)
c:/sysgcc/arm-eabi/bin/../lib/gcc/arm-eabi/7.2.0/thumb/fpu/cortex_m4\libgcc.a(_arm_muldivdf3.o)
                              c:/sysgcc/arm-eabi/bin/../lib/gcc/arm-eabi/7.2.0/../../../../arm-eabi/lib/thumb/fpu/cortex_m4\libstdc++_nano.a(hashtable_c++0x.o) (__aeabi_dmul)
c:/sysgcc/arm-eabi/bin/../lib/gcc/arm-eabi/7.2.0/thumb/fpu/cortex_m4\libgcc.a(_arm_cmpdf2.o)
                              c:/sysgcc/arm-eabi/bin/../lib/gcc/arm-eabi/7.2.0/../../../../arm-eabi/lib/thumb/fpu/cortex_m4\libstdc++_nano.a(hashtable_c++0x.o) (__aeabi_dcmple)
c:/sysgcc/arm-eabi/bin/../lib/gcc/arm-eabi/7.2.0/thumb/fpu/cortex_m4\libgcc.a(_arm_fixunsdfsi.o)
                              c:/sysgcc/arm-eabi/bin/../lib/gcc/arm-eabi/7.2.0/../../../../arm-eabi/lib/thumb/fpu/cortex_m4\libstdc++_nano.a(hashtable_c++0x.o) (__aeabi_d2uiz)
c:/sysgcc/arm-eabi/bin/../lib/gcc/arm-eabi/7.2.0/thumb/fpu/cortex_m4\libgcc.a(_aeabi_uldivmod.o)
                              VisualGDB/Debug/hw_rcc_driver_stm32f4.o (__aeabi_uldivmod)
c:/sysgcc/arm-eabi/bin/../lib/gcc/arm-eabi/7.2.0/thumb/fpu/cortex_m4\libgcc.a(_udivmoddi4.o)
                              c:/sysgcc/arm-eabi/bin/../lib/gcc/arm-eabi/7.2.0/thumb/fpu/cortex_m4\libgcc.a(_aeabi_uldivmod.o) (__udivmoddi4)
c:/sysgcc/arm-eabi/bin/../lib/gcc/arm-eabi/7.2.0/thumb/fpu/cortex_m4\libgcc.a(_dvmd_tls.o)
                              c:/sysgcc/arm-eabi/bin/../lib/gcc/arm-eabi/7.2.0/thumb/fpu/cortex_m4\libgcc.a(_aeabi_uldivmod.o) (__aeabi_ldiv0)
c:/sysgcc/arm-eabi/bin/../lib/gcc/arm-eabi/7.2.0/../../../../arm-eabi/lib/thumb/fpu/cortex_m4\libc_nano.a(lib_a-abort.o)
[...]
Memory Configuration

Name             Origin             Length             Attributes
FLASH            0x08000000         0x00080000         xr
SRAM             0x20000000         0x00020000         xrw
*default*        0x00000000         0xffffffff

Linker script and memory map

LOAD c:/sysgcc/arm-eabi/bin/../lib/gcc/arm-eabi/7.2.0/thumb/fpu/cortex_m4/crti.o
LOAD c:/sysgcc/arm-eabi/bin/../lib/gcc/arm-eabi/7.2.0/thumb/fpu/cortex_m4/crtbegin.o
LOAD c:/sysgcc/arm-eabi/bin/../lib/gcc/arm-eabi/7.2.0/../../../../arm-eabi/lib/thumb/fpu/cortex_m4/crt0.o
START GROUP
LOAD VisualGDB/Debug/hw_flash_driver_stm32f4.o
LOAD VisualGDB/Debug/hw_gpio_driver_stm32f4.o
LOAD VisualGDB/Debug/hw_nvic_driver_stm32f4.o
LOAD VisualGDB/Debug/hw_power_driver_stm32f4.o
LOAD VisualGDB/Debug/hw_rcc_config_stm32f446xx.o
LOAD VisualGDB/Debug/hw_rcc_driver_stm32f4.o
LOAD VisualGDB/Debug/startup_common_init.o
LOAD VisualGDB/Debug/startup_stm32f446xx.o
LOAD VisualGDB/Debug/sys_common_exit.o
LOAD VisualGDB/Debug/sys_common_init.o
LOAD VisualGDB/Debug/thor_custom_gpio.o
LOAD VisualGDB/Debug/thor_custom_usart.o
LOAD VisualGDB/Debug/main.o
LOAD VisualGDB/Debug/thor.o
LOAD VisualGDB/Debug/freertos_hooks_prj.o
LOAD VisualGDB/Debug/serial_defaults.o
LOAD VisualGDB/Debug/spi_defaults.o
LOAD VisualGDB/Debug/hw_usart_driver_stm32f4.o
LOAD VisualGDB/Debug/croutine.o
LOAD VisualGDB/Debug/event_groups.o
LOAD VisualGDB/Debug/list.o
LOAD VisualGDB/Debug/queue.o
LOAD VisualGDB/Debug/stream_buffer.o
LOAD VisualGDB/Debug/tasks.o
LOAD VisualGDB/Debug/timers.o
LOAD VisualGDB/Debug/port.o
LOAD VisualGDB/Debug/heap_4.o
LOAD VisualGDB/Debug/chimera.o
LOAD VisualGDB/Debug/chimera_allocator.o
LOAD VisualGDB/Debug/chimera_buffer.o
LOAD VisualGDB/Debug/chimera_crc.o
LOAD VisualGDB/Debug/chimera_exception.o
LOAD VisualGDB/Debug/chimera_logging.o
LOAD VisualGDB/Debug/chimera_threading.o
LOAD VisualGDB/Debug/chimera_watchdog.o
LOAD VisualGDB/Debug/freertos_hooks.o
LOAD VisualGDB/Debug/chimera_memory_device.o
END GROUP
LOAD c:/sysgcc/arm-eabi/bin/../lib/gcc/arm-eabi/7.2.0/../../../../arm-eabi/lib/thumb/fpu/cortex_m4\libstdc++_nano.a
LOAD c:/sysgcc/arm-eabi/bin/../lib/gcc/arm-eabi/7.2.0/../../../../arm-eabi/lib/thumb/fpu/cortex_m4\libm.a
START GROUP
LOAD c:/sysgcc/arm-eabi/bin/../lib/gcc/arm-eabi/7.2.0/thumb/fpu/cortex_m4\libgcc.a
LOAD c:/sysgcc/arm-eabi/bin/../lib/gcc/arm-eabi/7.2.0/../../../../arm-eabi/lib/thumb/fpu/cortex_m4\libc_nano.a
END GROUP
START GROUP
LOAD c:/sysgcc/arm-eabi/bin/../lib/gcc/arm-eabi/7.2.0/thumb/fpu/cortex_m4\libgcc.a
LOAD c:/sysgcc/arm-eabi/bin/../lib/gcc/arm-eabi/7.2.0/../../../../arm-eabi/lib/thumb/fpu/cortex_m4\libc_nano.a
LOAD c:/sysgcc/arm-eabi/bin/../lib/gcc/arm-eabi/7.2.0/../../../../arm-eabi/lib/thumb/fpu/cortex_m4\libnosys.a
END GROUP
START GROUP
LOAD c:/sysgcc/arm-eabi/bin/../lib/gcc/arm-eabi/7.2.0/thumb/fpu/cortex_m4\libgcc.a
LOAD c:/sysgcc/arm-eabi/bin/../lib/gcc/arm-eabi/7.2.0/../../../../arm-eabi/lib/thumb/fpu/cortex_m4\libc_nano.a
LOAD c:/sysgcc/arm-eabi/bin/../lib/gcc/arm-eabi/7.2.0/../../../../arm-eabi/lib/thumb/fpu/cortex_m4\libnosys.a
END GROUP
LOAD c:/sysgcc/arm-eabi/bin/../lib/gcc/arm-eabi/7.2.0/thumb/fpu/cortex_m4/crtend.o
LOAD c:/sysgcc/arm-eabi/bin/../lib/gcc/arm-eabi/7.2.0/thumb/fpu/cortex_m4/crtn.o
                0x20020000                _estack = 0x20020000

.isr_vector     0x08000000      0x1c4
                0x08000000                . = ALIGN (0x4)
 *(.isr_vector)
 .isr_vector    0x08000000      0x1c4 VisualGDB/Debug/startup_stm32f446xx.o
                0x08000000                g_pfnVectors
                0x080001c4                . = ALIGN (0x4)

.text           0x080001d0     0x8ab8
                0x080001d0                . = ALIGN (0x4)
                0x080001d0                _stext = .
 *(.text)
 .text          0x080001d0       0x88 c:/sysgcc/arm-eabi/bin/../lib/gcc/arm-eabi/7.2.0/thumb/fpu/cortex_m4/crtbegin.o
 .text          0x08000258      0x110 c:/sysgcc/arm-eabi/bin/../lib/gcc/arm-eabi/7.2.0/../../../../arm-eabi/lib/thumb/fpu/cortex_m4\libm.a(lib_a-s_ceil.o)
                0x08000258                ceil
 .text          0x08000368      0x110 c:/sysgcc/arm-eabi/bin/../lib/gcc/arm-eabi/7.2.0/../../../../arm-eabi/lib/thumb/fpu/cortex_m4\libm.a(lib_a-s_floor.o)
                0x08000368                floor
 .text          0x08000478      0x378 c:/sysgcc/arm-eabi/bin/../lib/gcc/arm-eabi/7.2.0/thumb/fpu/cortex_m4\libgcc.a(_arm_addsubdf3.o)
                0x08000478                __aeabi_drsub
                0x08000480                __aeabi_dsub
                0x08000480                __subdf3
                0x08000484                __aeabi_dadd
                0x08000484                __adddf3
                0x080006fc                __floatunsidf
                0x080006fc                __aeabi_ui2d
                0x0800071c                __floatsidf
                0x0800071c                __aeabi_i2d
                0x08000740                __aeabi_f2d
                0x08000740                __extendsfdf2
                0x08000784                __floatundidf
                0x08000784                __aeabi_ul2d
                0x08000794                __floatdidf
                0x08000794                __aeabi_l2d
 .text          0x080007f0      0x424 c:/sysgcc/arm-eabi/bin/../lib/gcc/arm-eabi/7.2.0/thumb/fpu/cortex_m4\libgcc.a(_arm_muldivdf3.o)
                0x080007f0                __aeabi_dmul
                0x080007f0                __muldf3
                0x08000a44                __divdf3
                0x08000a44                __aeabi_ddiv
 .text          0x08000c14      0x110 c:/sysgcc/arm-eabi/bin/../lib/gcc/arm-eabi/7.2.0/thumb/fpu/cortex_m4\libgcc.a(_arm_cmpdf2.o)
                0x08000c14                __gtdf2
                0x08000c14                __gedf2
                0x08000c1c                __ltdf2
                0x08000c1c                __ledf2
                0x08000c24                __nedf2
                0x08000c24                __eqdf2
                0x08000c24                __cmpdf2
                0x08000ca0                __aeabi_cdrcmple
                0x08000cb0                __aeabi_cdcmpeq
                0x08000cb0                __aeabi_cdcmple
                0x08000cc0                __aeabi_dcmpeq
                0x08000cd4                __aeabi_dcmplt
                0x08000ce8                __aeabi_dcmple
                0x08000cfc                __aeabi_dcmpge
                0x08000d10                __aeabi_dcmpgt
 .text          0x08000d24       0x40 c:/sysgcc/arm-eabi/bin/../lib/gcc/arm-eabi/7.2.0/thumb/fpu/cortex_m4\libgcc.a(_arm_fixunsdfsi.o)
                0x08000d24                __aeabi_d2uiz
                0x08000d24                __fixunsdfsi
 .text          0x08000d64       0x30 c:/sysgcc/arm-eabi/bin/../lib/gcc/arm-eabi/7.2.0/thumb/fpu/cortex_m4\libgcc.a(_aeabi_uldivmod.o)
                0x08000d64                __aeabi_uldivmod
 .text          0x08000d94      0x2cc c:/sysgcc/arm-eabi/bin/../lib/gcc/arm-eabi/7.2.0/thumb/fpu/cortex_m4\libgcc.a(_udivmoddi4.o)
                0x08000d94                __udivmoddi4
 .text          0x08001060        0x4 c:/sysgcc/arm-eabi/bin/../lib/gcc/arm-eabi/7.2.0/thumb/fpu/cortex_m4\libgcc.a(_dvmd_tls.o)
                0x08001060                __aeabi_idiv0
                0x08001060                __aeabi_ldiv0
 .text          0x08001064       0x10 c:/sysgcc/arm-eabi/bin/../lib/gcc/arm-eabi/7.2.0/../../../../arm-eabi/lib/thumb/fpu/cortex_m4\libc_nano.a(lib_a-abort.o)
                0x08001064                abort
 .text          0x08001074       0x1c c:/sysgcc/arm-eabi/bin/../lib/gcc/arm-eabi/7.2.0/../../../../arm-eabi/lib/thumb/fpu/cortex_m4\libc_nano.a(lib_a-cxa_atexit.o)
                0x08001074                __cxa_atexit
 .text          0x08001090       0x48 c:/sysgcc/arm-eabi/bin/../lib/gcc/arm-eabi/7.2.0/../../../../arm-eabi/lib/thumb/fpu/cortex_m4\libc_nano.a(lib_a-init.o)
                0x08001090                __libc_init_array
 .text          0x080010d8      0x134 c:/sysgcc/arm-eabi/bin/../lib/gcc/arm-eabi/7.2.0/../../../../arm-eabi/lib/thumb/fpu/cortex_m4\libc_nano.a(lib_a-memcpy.o)
                0x080010d8                memcpy
 .text          0x0800120c       0xc8 c:/sysgcc/arm-eabi/bin/../lib/gcc/arm-eabi/7.2.0/../../../../arm-eabi/lib/thumb/fpu/cortex_m4\libc_nano.a(lib_a-memmove.o)
                0x0800120c                memmove
 .text          0x080012d4       0x94 c:/sysgcc/arm-eabi/bin/../lib/gcc/arm-eabi/7.2.0/../../../../arm-eabi/lib/thumb/fpu/cortex_m4\libc_nano.a(lib_a-memset.o)
                0x080012d4                memset
 .text          0x08001368      0x150 c:/sysgcc/arm-eabi/bin/../lib/gcc/arm-eabi/7.2.0/../../../../arm-eabi/lib/thumb/fpu/cortex_m4\libc_nano.a(lib_a-signal.o)
                0x08001390                _init_signal_r
                0x0800139c                _signal_r
                0x080013d0                _raise_r
                0x08001424                __sigtramp_r
                0x08001474                raise
                0x08001484                signal
                0x08001494                _init_signal
                0x080014a8                __sigtramp
 .text          0x080014b8       0x2c c:/sysgcc/arm-eabi/bin/../lib/gcc/arm-eabi/7.2.0/../../../../arm-eabi/lib/thumb/fpu/cortex_m4\libc_nano.a(lib_a-signalr.o)
                0x080014b8                _kill_r
                0x080014e0                _getpid_r
 .text          0x080014e4       0x18 c:/sysgcc/arm-eabi/bin/../lib/gcc/arm-eabi/7.2.0/../../../../arm-eabi/lib/thumb/fpu/cortex_m4\libc_nano.a(lib_a-syswrite.o)
                0x080014e4                write
 .text          0x080014fc       0x2c c:/sysgcc/arm-eabi/bin/../lib/gcc/arm-eabi/7.2.0/../../../../arm-eabi/lib/thumb/fpu/cortex_m4\libc_nano.a(lib_a-writer.o)
                0x080014fc                _write_r
 .text          0x08001528       0xc8 c:/sysgcc/arm-eabi/bin/../lib/gcc/arm-eabi/7.2.0/../../../../arm-eabi/lib/thumb/fpu/cortex_m4\libc_nano.a(lib_a-nano-mallocr.o)
                0x08001528                _malloc_r
 .text          0x080015f0       0x24 c:/sysgcc/arm-eabi/bin/../lib/gcc/arm-eabi/7.2.0/../../../../arm-eabi/lib/thumb/fpu/cortex_m4\libc_nano.a(lib_a-sbrkr.o)
                0x080015f0                _sbrk_r
 .text          0x08001614        0x8 c:/sysgcc/arm-eabi/bin/../lib/gcc/arm-eabi/7.2.0/../../../../arm-eabi/lib/thumb/fpu/cortex_m4\libc_nano.a(lib_a-mlock.o)
                0x08001614                __malloc_lock
                0x08001618                __malloc_unlock
 .text          0x0800161c       0x10 c:/sysgcc/arm-eabi/bin/../lib/gcc/arm-eabi/7.2.0/../../../../arm-eabi/lib/thumb/fpu/cortex_m4\libnosys.a(getpid.o)
                0x0800161c                _getpid
 .text          0x0800162c       0x10 c:/sysgcc/arm-eabi/bin/../lib/gcc/arm-eabi/7.2.0/../../../../arm-eabi/lib/thumb/fpu/cortex_m4\libnosys.a(kill.o)
                0x0800162c                _kill
 .text          0x0800163c       0x1c c:/sysgcc/arm-eabi/bin/../lib/gcc/arm-eabi/7.2.0/../../../../arm-eabi/lib/thumb/fpu/cortex_m4\libnosys.a(sbrk.o)
                0x0800163c                _sbrk
 .text          0x08001658       0x10 c:/sysgcc/arm-eabi/bin/../lib/gcc/arm-eabi/7.2.0/../../../../arm-eabi/lib/thumb/fpu/cortex_m4\libnosys.a(write.o)
                0x08001658                _write
 .text          0x08001668        0x4 c:/sysgcc/arm-eabi/bin/../lib/gcc/arm-eabi/7.2.0/../../../../arm-eabi/lib/thumb/fpu/cortex_m4\libnosys.a(_exit.o)
                0x08001668                _exit
 *(.text*)
 .text._ZN4Thor6Driver4GPIO10DriverBareD2Ev
                0x0800166c        0x2 VisualGDB/Debug/hw_gpio_driver_stm32f4.o
                0x0800166c                _ZN4Thor6Driver4GPIO10DriverBareD2Ev
                0x0800166c                _ZN4Thor6Driver4GPIO10DriverBareD1Ev
 .text._ZN4Thor6Driver4GPIO10DriverBare5writeEhN7Chimera4GPIO5StateEj
                0x0800166e       0x26 VisualGDB/Debug/hw_gpio_driver_stm32f4.o
                0x0800166e                _ZN4Thor6Driver4GPIO10DriverBare5writeEhN7Chimera4GPIO5StateEj
 .text._ZN4Thor6Driver4GPIO10DriverBare20alternateFunctionSetEhjj
                0x08001694       0x22 VisualGDB/Debug/hw_gpio_driver_stm32f4.o
                0x08001694                _ZN4Thor6Driver4GPIO10DriverBare20alternateFunctionSetEhjj
 .text._ZN4Thor6Driver4GPIO10DriverBare4readEj
                0x080016b6        0x6 VisualGDB/Debug/hw_gpio_driver_stm32f4.o
                0x080016b6                _ZN4Thor6Driver4GPIO10DriverBare4readEj
 .text._ZN4Thor6Driver4GPIO10DriverBare8driveGetEhj
                0x080016bc        0xa VisualGDB/Debug/hw_gpio_driver_stm32f4.o
                0x080016bc                _ZN4Thor6Driver4GPIO10DriverBare8driveGetEhj
 .text._ZN4Thor6Driver4GPIO10DriverBare8speedGetEhj
                0x080016c6       0x16 VisualGDB/Debug/hw_gpio_driver_stm32f4.o
                0x080016c6                _ZN4Thor6Driver4GPIO10DriverBare8speedGetEhj
 .text._ZN4Thor6Driver4GPIO10DriverBare7pullGetEhj
                0x080016dc        0xa VisualGDB/Debug/hw_gpio_driver_stm32f4.o
                0x080016dc                _ZN4Thor6Driver4GPIO10DriverBare7pullGetEhj
 .text._ZN4Thor6Driver4GPIO10DriverBare20alternateFunctionGetEhj
                0x080016e6        0x4 VisualGDB/Debug/hw_gpio_driver_stm32f4.o
                0x080016e6                _ZN4Thor6Driver4GPIO10DriverBare20alternateFunctionGetEhj
 *fill*         0x080016ea        0x2 
 .text._ZN4Thor6Driver4GPIO14DriverThreadedD2Ev
                0x080016ec        0xc VisualGDB/Debug/hw_gpio_driver_stm32f4.o
                0x080016ec                _ZN4Thor6Driver4GPIO14DriverThreadedD2Ev
                0x080016ec                _ZN4Thor6Driver4GPIO14DriverThreadedD1Ev
 .text._ZN4Thor6Driver4GPIO12DriverAtomicD2Ev
                0x080016f8        0x2 VisualGDB/Debug/hw_gpio_driver_stm32f4.o
                0x080016f8                _ZN4Thor6Driver4GPIO12DriverAtomicD2Ev
                0x080016f8                _ZN4Thor6Driver4GPIO12DriverAtomicD1Ev
 .text._ZN4Thor6Driver4GPIO12DriverAtomic6attachEPVNS1_11RegisterMapE
                0x080016fa        0x2 VisualGDB/Debug/hw_gpio_driver_stm32f4.o
                0x080016fa                _ZN4Thor6Driver4GPIO12DriverAtomic6attachEPVNS1_11RegisterMapE
 .text._ZN4Thor6Driver4GPIO12DriverAtomic11clockEnableEv
                0x080016fc        0x2 VisualGDB/Debug/hw_gpio_driver_stm32f4.o
                0x080016fc                _ZN4Thor6Driver4GPIO12DriverAtomic11clockEnableEv
 .text._ZN4Thor6Driver4GPIO12DriverAtomic12clockDisableEv
                0x080016fe        0x2 VisualGDB/Debug/hw_gpio_driver_stm32f4.o
                0x080016fe                _ZN4Thor6Driver4GPIO12DriverAtomic12clockDisableEv
 .text._ZN4Thor6Driver4GPIO12DriverAtomic8driveSetEhN7Chimera4GPIO5DriveEj
                0x08001700        0x4 VisualGDB/Debug/hw_gpio_driver_stm32f4.o
                0x08001700                _ZN4Thor6Driver4GPIO12DriverAtomic8driveSetEhN7Chimera4GPIO5DriveEj
 .text._ZN4Thor6Driver4GPIO12DriverAtomic8speedSetEhNS1_5SpeedEj
                0x08001704        0x4 VisualGDB/Debug/hw_gpio_driver_stm32f4.o
                0x08001704                _ZN4Thor6Driver4GPIO12DriverAtomic8speedSetEhNS1_5SpeedEj
 .text._ZN4Thor6Driver4GPIO12DriverAtomic7pullSetEhN7Chimera4GPIO4PullEj
                0x08001708        0x4 VisualGDB/Debug/hw_gpio_driver_stm32f4.o
                0x08001708                _ZN4Thor6Driver4GPIO12DriverAtomic7pullSetEhN7Chimera4GPIO4PullEj
 .text._ZN4Thor6Driver4GPIO12DriverAtomic5writeEhN7Chimera4GPIO5StateEj
                0x0800170c        0x4 VisualGDB/Debug/hw_gpio_driver_stm32f4.o
                0x0800170c                _ZN4Thor6Driver4GPIO12DriverAtomic5writeEhN7Chimera4GPIO5StateEj
 .text._ZN4Thor6Driver4GPIO12DriverAtomic20alternateFunctionSetEhjj
                0x08001710        0x4 VisualGDB/Debug/hw_gpio_driver_stm32f4.o
                0x08001710                _ZN4Thor6Driver4GPIO12DriverAtomic20alternateFunctionSetEhjj
 .text._ZN4Thor6Driver4GPIO12DriverAtomic4readEj
                0x08001714        0x4 VisualGDB/Debug/hw_gpio_driver_stm32f4.o
                0x08001714                _ZN4Thor6Driver4GPIO12DriverAtomic4readEj
 .text._ZN4Thor6Driver4GPIO12DriverAtomic8driveGetEhj
                0x08001718        0x4 VisualGDB/Debug/hw_gpio_driver_stm32f4.o
                0x08001718                _ZN4Thor6Driver4GPIO12DriverAtomic8driveGetEhj
 .text._ZN4Thor6Driver4GPIO12DriverAtomic8speedGetEhj
                0x0800171c        0x4 VisualGDB/Debug/hw_gpio_driver_stm32f4.o
                0x0800171c                _ZN4Thor6Driver4GPIO12DriverAtomic8speedGetEhj
 .text._ZN4Thor6Driver4GPIO12DriverAtomic7pullGetEhj
                0x08001720        0x4 VisualGDB/Debug/hw_gpio_driver_stm32f4.o
                0x08001720                _ZN4Thor6Driver4GPIO12DriverAtomic7pullGetEhj
 .text._ZN4Thor6Driver4GPIO12DriverAtomic20alternateFunctionGetEhj
                0x08001724        0x4 VisualGDB/Debug/hw_gpio_driver_stm32f4.o
                0x08001724                _ZN4Thor6Driver4GPIO12DriverAtomic20alternateFunctionGetEhj
 .text._ZN4Thor6Driver4GPIO10DriverBareD0Ev
                0x08001728        0xe VisualGDB/Debug/hw_gpio_driver_stm32f4.o
                0x08001728                _ZN4Thor6Driver4GPIO10DriverBareD0Ev
 .text._ZN4Thor6Driver4GPIO14DriverThreadedD0Ev
                0x08001736       0x14 VisualGDB/Debug/hw_gpio_driver_stm32f4.o
                0x08001736                _ZN4Thor6Driver4GPIO14DriverThreadedD0Ev
 .text._ZN4Thor6Driver4GPIO12DriverAtomicD0Ev
                0x0800174a        0xe VisualGDB/Debug/hw_gpio_driver_stm32f4.o
                0x0800174a                _ZN4Thor6Driver4GPIO12DriverAtomicD0Ev
 .text._ZN4Thor6Driver4GPIO10DriverBare11clockEnableEv
                0x08001758       0x12 VisualGDB/Debug/hw_gpio_driver_stm32f4.o
                0x08001758                _ZN4Thor6Driver4GPIO10DriverBare11clockEnableEv
 .text._ZN4Thor6Driver4GPIO14DriverThreaded11clockEnableEv
                0x0800176a        0xa VisualGDB/Debug/hw_gpio_driver_stm32f4.o
                0x0800176a                _ZN4Thor6Driver4GPIO14DriverThreaded11clockEnableEv
 .text._ZN4Thor6Driver4GPIO10DriverBare12clockDisableEv
                0x08001774       0x12 VisualGDB/Debug/hw_gpio_driver_stm32f4.o
                0x08001774                _ZN4Thor6Driver4GPIO10DriverBare12clockDisableEv
 .text._ZN4Thor6Driver4GPIO14DriverThreaded12clockDisableEv
                0x08001786        0xa VisualGDB/Debug/hw_gpio_driver_stm32f4.o
                0x08001786                _ZN4Thor6Driver4GPIO14DriverThreaded12clockDisableEv
 .text._ZN4Thor6Driver4GPIO14DriverThreaded5writeEhN7Chimera4GPIO5StateEj
                0x08001790       0x3a VisualGDB/Debug/hw_gpio_driver_stm32f4.o
                0x08001790                _ZN4Thor6Driver4GPIO14DriverThreaded5writeEhN7Chimera4GPIO5StateEj
 .text._ZN4Thor6Driver4GPIO14DriverThreaded20alternateFunctionSetEhjj
                0x080017ca       0x3a VisualGDB/Debug/hw_gpio_driver_stm32f4.o
                0x080017ca                _ZN4Thor6Driver4GPIO14DriverThreaded20alternateFunctionSetEhjj
 .text._ZN4Thor6Driver4GPIO14DriverThreaded4readEj
                0x08001804       0x2c VisualGDB/Debug/hw_gpio_driver_stm32f4.o
                0x08001804                _ZN4Thor6Driver4GPIO14DriverThreaded4readEj
 .text._ZN4Thor6Driver4GPIO14DriverThreaded8driveGetEhj
                0x08001830       0x32 VisualGDB/Debug/hw_gpio_driver_stm32f4.o
                0x08001830                _ZN4Thor6Driver4GPIO14DriverThreaded8driveGetEhj
 .text._ZN4Thor6Driver4GPIO14DriverThreaded8speedGetEhj
                0x08001862       0x32 VisualGDB/Debug/hw_gpio_driver_stm32f4.o
                0x08001862                _ZN4Thor6Driver4GPIO14DriverThreaded8speedGetEhj
 .text._ZN4Thor6Driver4GPIO14DriverThreaded7pullGetEhj
                0x08001894       0x32 VisualGDB/Debug/hw_gpio_driver_stm32f4.o
                0x08001894                _ZN4Thor6Driver4GPIO14DriverThreaded7pullGetEhj
 .text._ZN4Thor6Driver4GPIO14DriverThreaded20alternateFunctionGetEhj
                0x080018c6       0x32 VisualGDB/Debug/hw_gpio_driver_stm32f4.o
                0x080018c6                _ZN4Thor6Driver4GPIO14DriverThreaded20alternateFunctionGetEhj
 .text._ZN4Thor6Driver4GPIO10DriverBareC2Ev
                0x080018f8       0x10 VisualGDB/Debug/hw_gpio_driver_stm32f4.o
                0x080018f8                _ZN4Thor6Driver4GPIO10DriverBareC1Ev
                0x080018f8                _ZN4Thor6Driver4GPIO10DriverBareC2Ev
 .text._ZN4Thor6Driver4GPIO14DriverThreadedC2Ev
                0x08001908       0x28 VisualGDB/Debug/hw_gpio_driver_stm32f4.o
                0x08001908                _ZN4Thor6Driver4GPIO14DriverThreadedC2Ev
                0x08001908                _ZN4Thor6Driver4GPIO14DriverThreadedC1Ev
 .text._ZN4Thor6Driver4GPIO12DriverAtomicC2Ev
                0x08001930        0xc VisualGDB/Debug/hw_gpio_driver_stm32f4.o
                0x08001930                _ZN4Thor6Driver4GPIO12DriverAtomicC1Ev
                0x08001930                _ZN4Thor6Driver4GPIO12DriverAtomicC2Ev
 .text._ZNKSt10_HashtableIjSt4pairIKjN7Chimera4GPIO4PortEESaIS5_ENSt8__detail10_Select1stESt8equal_toIjESt4hashIjENS7_18_Mod_range_hashingENS7_20_Default_ranged_hashENS7_20_Prime_rehash_policyENS7_17_Hashtable_traitsILb0ELb0ELb1EEEE19_M_find_before_nodeEjRS1_j
                0x0800193c       0x3c VisualGDB/Debug/hw_gpio_driver_stm32f4.o
                0x0800193c                _ZNKSt10_HashtableIjSt4pairIKjN7Chimera4GPIO4PortEESaIS5_ENSt8__detail10_Select1stESt8equal_toIjESt4hashIjENS7_18_Mod_range_hashingENS7_20_Default_ranged_hashENS7_20_Prime_rehash_policyENS7_17_Hashtable_traitsILb0ELb0ELb1EEEE19_M_find_before_nodeEjRS1_j
 .text._ZNKSt10_HashtableIjSt4pairIKjN7Chimera4GPIO4PortEESaIS5_ENSt8__detail10_Select1stESt8equal_toIjESt4hashIjENS7_18_Mod_range_hashingENS7_20_Default_ranged_hashENS7_20_Prime_rehash_policyENS7_17_Hashtable_traitsILb0ELb0ELb1EEEE4findERS1_
                0x08001978       0x20 VisualGDB/Debug/hw_gpio_driver_stm32f4.o
                0x08001978                _ZNKSt10_HashtableIjSt4pairIKjN7Chimera4GPIO4PortEESaIS5_ENSt8__detail10_Select1stESt8equal_toIjESt4hashIjENS7_18_Mod_range_hashingENS7_20_Default_ranged_hashENS7_20_Prime_rehash_policyENS7_17_Hashtable_traitsILb0ELb0ELb1EEEE4findERS1_
 .text._ZNKSt10_HashtableIN7Chimera4GPIO4PortESt4pairIKS2_hESaIS5_ENSt8__detail10_Select1stESt8equal_toIS2_ESt4hashIS2_ENS7_18_Mod_range_hashingENS7_20_Default_ranged_hashENS7_20_Prime_rehash_policyENS7_17_Hashtable_traitsILb0ELb0ELb1EEEE19_M_find_before_nodeEjRS4_j
                0x08001998       0x3c VisualGDB/Debug/hw_gpio_driver_stm32f4.o
                0x08001998                _ZNKSt10_HashtableIN7Chimera4GPIO4PortESt4pairIKS2_hESaIS5_ENSt8__detail10_Select1stESt8equal_toIS2_ESt4hashIS2_ENS7_18_Mod_range_hashingENS7_20_Default_ranged_hashENS7_20_Prime_rehash_policyENS7_17_Hashtable_traitsILb0ELb0ELb1EEEE19_M_find_before_nodeEjRS4_j
 .text._ZNKSt10_HashtableIN7Chimera4GPIO4PortESt4pairIKS2_hESaIS5_ENSt8__detail10_Select1stESt8equal_toIS2_ESt4hashIS2_ENS7_18_Mod_range_hashingENS7_20_Default_ranged_hashENS7_20_Prime_rehash_policyENS7_17_Hashtable_traitsILb0ELb0ELb1EEEE4findERS4_
                0x080019d4       0x20 VisualGDB/Debug/hw_gpio_driver_stm32f4.o
                0x080019d4                _ZNKSt10_HashtableIN7Chimera4GPIO4PortESt4pairIKS2_hESaIS5_ENSt8__detail10_Select1stESt8equal_toIS2_ESt4hashIS2_ENS7_18_Mod_range_hashingENS7_20_Default_ranged_hashENS7_20_Prime_rehash_policyENS7_17_Hashtable_traitsILb0ELb0ELb1EEEE4findERS4_
 .text._ZN4Thor6Driver4GPIO10DriverBare6attachEPVNS1_11RegisterMapE
                0x080019f4       0x3c VisualGDB/Debug/hw_gpio_driver_stm32f4.o
                0x080019f4                _ZN4Thor6Driver4GPIO10DriverBare6attachEPVNS1_11RegisterMapE
 .text._ZN4Thor6Driver4GPIO14DriverThreaded6attachEPVNS1_11RegisterMapE
                0x08001a30        0xa VisualGDB/Debug/hw_gpio_driver_stm32f4.o
                0x08001a30                _ZN4Thor6Driver4GPIO14DriverThreaded6attachEPVNS1_11RegisterMapE
 .text._ZNKSt10_HashtableIN7Chimera4GPIO5DriveESt4pairIKS2_jESaIS5_ENSt8__detail10_Select1stESt8equal_toIS2_ESt4hashIS2_ENS7_18_Mod_range_hashingENS7_20_Default_ranged_hashENS7_20_Prime_rehash_policyENS7_17_Hashtable_traitsILb0ELb0ELb1EEEE19_M_find_before_nodeEjRS4_j
                0x08001a3a       0x3c VisualGDB/Debug/hw_gpio_driver_stm32f4.o
                0x08001a3a                _ZNKSt10_HashtableIN7Chimera4GPIO5DriveESt4pairIKS2_jESaIS5_ENSt8__detail10_Select1stESt8equal_toIS2_ESt4hashIS2_ENS7_18_Mod_range_hashingENS7_20_Default_ranged_hashENS7_20_Prime_rehash_policyENS7_17_Hashtable_traitsILb0ELb0ELb1EEEE19_M_find_before_nodeEjRS4_j
 .text._ZNKSt10_HashtableIN7Chimera4GPIO5DriveESt4pairIKS2_jESaIS5_ENSt8__detail10_Select1stESt8equal_toIS2_ESt4hashIS2_ENS7_18_Mod_range_hashingENS7_20_Default_ranged_hashENS7_20_Prime_rehash_policyENS7_17_Hashtable_traitsILb0ELb0ELb1EEEE4findERS4_
                0x08001a76       0x20 VisualGDB/Debug/hw_gpio_driver_stm32f4.o
                0x08001a76                _ZNKSt10_HashtableIN7Chimera4GPIO5DriveESt4pairIKS2_jESaIS5_ENSt8__detail10_Select1stESt8equal_toIS2_ESt4hashIS2_ENS7_18_Mod_range_hashingENS7_20_Default_ranged_hashENS7_20_Prime_rehash_policyENS7_17_Hashtable_traitsILb0ELb0ELb1EEEE4findERS4_
 *fill*         0x08001a96        0x2 
 .text._ZN4Thor6Driver4GPIO10DriverBare8driveSetEhN7Chimera4GPIO5DriveEj
                0x08001a98       0x40 VisualGDB/Debug/hw_gpio_driver_stm32f4.o
                0x08001a98                _ZN4Thor6Driver4GPIO10DriverBare8driveSetEhN7Chimera4GPIO5DriveEj
 .text._ZN4Thor6Driver4GPIO14DriverThreaded8driveSetEhN7Chimera4GPIO5DriveEj
                0x08001ad8       0x3a VisualGDB/Debug/hw_gpio_driver_stm32f4.o
                0x08001ad8                _ZN4Thor6Driver4GPIO14DriverThreaded8driveSetEhN7Chimera4GPIO5DriveEj
 .text._ZNKSt10_HashtableIN4Thor6Driver4GPIO5SpeedESt4pairIKS3_jESaIS6_ENSt8__detail10_Select1stESt8equal_toIS3_ESt4hashIS3_ENS8_18_Mod_range_hashingENS8_20_Default_ranged_hashENS8_20_Prime_rehash_policyENS8_17_Hashtable_traitsILb0ELb0ELb1EEEE19_M_find_before_nodeEjRS5_j
                0x08001b12       0x3c VisualGDB/Debug/hw_gpio_driver_stm32f4.o
                0x08001b12                _ZNKSt10_HashtableIN4Thor6Driver4GPIO5SpeedESt4pairIKS3_jESaIS6_ENSt8__detail10_Select1stESt8equal_toIS3_ESt4hashIS3_ENS8_18_Mod_range_hashingENS8_20_Default_ranged_hashENS8_20_Prime_rehash_policyENS8_17_Hashtable_traitsILb0ELb0ELb1EEEE19_M_find_before_nodeEjRS5_j
 .text._ZNKSt10_HashtableIN4Thor6Driver4GPIO5SpeedESt4pairIKS3_jESaIS6_ENSt8__detail10_Select1stESt8equal_toIS3_ESt4hashIS3_ENS8_18_Mod_range_hashingENS8_20_Default_ranged_hashENS8_20_Prime_rehash_policyENS8_17_Hashtable_traitsILb0ELb0ELb1EEEE4findERS5_
                0x08001b4e       0x20 VisualGDB/Debug/hw_gpio_driver_stm32f4.o
                0x08001b4e                _ZNKSt10_HashtableIN4Thor6Driver4GPIO5SpeedESt4pairIKS3_jESaIS6_ENSt8__detail10_Select1stESt8equal_toIS3_ESt4hashIS3_ENS8_18_Mod_range_hashingENS8_20_Default_ranged_hashENS8_20_Prime_rehash_policyENS8_17_Hashtable_traitsILb0ELb0ELb1EEEE4findERS5_
 *fill*         0x08001b6e        0x2 
 .text._ZN4Thor6Driver4GPIO10DriverBare8speedSetEhNS1_5SpeedEj
                0x08001b70       0x40 VisualGDB/Debug/hw_gpio_driver_stm32f4.o
                0x08001b70                _ZN4Thor6Driver4GPIO10DriverBare8speedSetEhNS1_5SpeedEj
 .text._ZN4Thor6Driver4GPIO14DriverThreaded8speedSetEhNS1_5SpeedEj
                0x08001bb0       0x3a VisualGDB/Debug/hw_gpio_driver_stm32f4.o
                0x08001bb0                _ZN4Thor6Driver4GPIO14DriverThreaded8speedSetEhNS1_5SpeedEj
 .text._ZNKSt10_HashtableIN7Chimera4GPIO4PullESt4pairIKS2_jESaIS5_ENSt8__detail10_Select1stESt8equal_toIS2_ESt4hashIS2_ENS7_18_Mod_range_hashingENS7_20_Default_ranged_hashENS7_20_Prime_rehash_policyENS7_17_Hashtable_traitsILb0ELb0ELb1EEEE19_M_find_before_nodeEjRS4_j
                0x08001bea       0x3c VisualGDB/Debug/hw_gpio_driver_stm32f4.o
                0x08001bea                _ZNKSt10_HashtableIN7Chimera4GPIO4PullESt4pairIKS2_jESaIS5_ENSt8__detail10_Select1stESt8equal_toIS2_ESt4hashIS2_ENS7_18_Mod_range_hashingENS7_20_Default_ranged_hashENS7_20_Prime_rehash_policyENS7_17_Hashtable_traitsILb0ELb0ELb1EEEE19_M_find_before_nodeEjRS4_j
 .text._ZNKSt10_HashtableIN7Chimera4GPIO4PullESt4pairIKS2_jESaIS5_ENSt8__detail10_Select1stESt8equal_toIS2_ESt4hashIS2_ENS7_18_Mod_range_hashingENS7_20_Default_ranged_hashENS7_20_Prime_rehash_policyENS7_17_Hashtable_traitsILb0ELb0ELb1EEEE4findERS4_
                0x08001c26       0x20 VisualGDB/Debug/hw_gpio_driver_stm32f4.o
                0x08001c26                _ZNKSt10_HashtableIN7Chimera4GPIO4PullESt4pairIKS2_jESaIS5_ENSt8__detail10_Select1stESt8equal_toIS2_ESt4hashIS2_ENS7_18_Mod_range_hashingENS7_20_Default_ranged_hashENS7_20_Prime_rehash_policyENS7_17_Hashtable_traitsILb0ELb0ELb1EEEE4findERS4_
 *fill*         0x08001c46        0x2 
 .text._ZN4Thor6Driver4GPIO10DriverBare7pullSetEhN7Chimera4GPIO4PullEj
                0x08001c48       0x40 VisualGDB/Debug/hw_gpio_driver_stm32f4.o
                0x08001c48                _ZN4Thor6Driver4GPIO10DriverBare7pullSetEhN7Chimera4GPIO4PullEj
 .text._ZN4Thor6Driver4GPIO14DriverThreaded7pullSetEhN7Chimera4GPIO4PullEj
                0x08001c88       0x3a VisualGDB/Debug/hw_gpio_driver_stm32f4.o
                0x08001c88                _ZN4Thor6Driver4GPIO14DriverThreaded7pullSetEhN7Chimera4GPIO4PullEj
 .text._ZNSt8__detail16_Hashtable_allocISaINS_10_Hash_nodeISt4pairIKN7Chimera4GPIO4PullEjELb0EEEEE19_M_allocate_bucketsEj
                0x08001cc2       0x22 VisualGDB/Debug/hw_gpio_driver_stm32f4.o
                0x08001cc2                _ZNSt8__detail16_Hashtable_allocISaINS_10_Hash_nodeISt4pairIKN7Chimera4GPIO4PullEjELb0EEEEE19_M_allocate_bucketsEj
 .text._ZNSt8__detail16_Hashtable_allocISaINS_10_Hash_nodeISt4pairIKN7Chimera4GPIO4PullEjELb0EEEEE18_M_deallocate_nodeEPS8_
                0x08001ce4        0xa VisualGDB/Debug/hw_gpio_driver_stm32f4.o
                0x08001ce4                _ZNSt8__detail16_Hashtable_allocISaINS_10_Hash_nodeISt4pairIKN7Chimera4GPIO4PullEjELb0EEEEE18_M_deallocate_nodeEPS8_
 .text._ZNSt8__detail16_Hashtable_allocISaINS_10_Hash_nodeISt4pairIKN7Chimera4GPIO4PullEjELb0EEEEE19_M_deallocate_nodesEPS8_
                0x08001cee       0x14 VisualGDB/Debug/hw_gpio_driver_stm32f4.o
                0x08001cee                _ZNSt8__detail16_Hashtable_allocISaINS_10_Hash_nodeISt4pairIKN7Chimera4GPIO4PullEjELb0EEEEE19_M_deallocate_nodesEPS8_
 .text._ZNSt10_HashtableIN7Chimera4GPIO4PullESt4pairIKS2_jESaIS5_ENSt8__detail10_Select1stESt8equal_toIS2_ESt4hashIS2_ENS7_18_Mod_range_hashingENS7_20_Default_ranged_hashENS7_20_Prime_rehash_policyENS7_17_Hashtable_traitsILb0ELb0ELb1EEEE5clearEv
                0x08001d02       0x1e VisualGDB/Debug/hw_gpio_driver_stm32f4.o
                0x08001d02                _ZNSt10_HashtableIN7Chimera4GPIO4PullESt4pairIKS2_jESaIS5_ENSt8__detail10_Select1stESt8equal_toIS2_ESt4hashIS2_ENS7_18_Mod_range_hashingENS7_20_Default_ranged_hashENS7_20_Prime_rehash_policyENS7_17_Hashtable_traitsILb0ELb0ELb1EEEE5clearEv
 .text._ZNSt8__detail16_Hashtable_allocISaINS_10_Hash_nodeISt4pairIKN7Chimera4GPIO4PullEjELb0EEEEE21_M_deallocate_bucketsEPPNS_15_Hash_node_baseEj
                0x08001d20        0xa VisualGDB/Debug/hw_gpio_driver_stm32f4.o
                0x08001d20                _ZNSt8__detail16_Hashtable_allocISaINS_10_Hash_nodeISt4pairIKN7Chimera4GPIO4PullEjELb0EEEEE21_M_deallocate_bucketsEPPNS_15_Hash_node_baseEj
 .text._ZNSt10_HashtableIN7Chimera4GPIO4PullESt4pairIKS2_jESaIS5_ENSt8__detail10_Select1stESt8equal_toIS2_ESt4hashIS2_ENS7_18_Mod_range_hashingENS7_20_Default_ranged_hashENS7_20_Prime_rehash_policyENS7_17_Hashtable_traitsILb0ELb0ELb1EEEED2Ev
                0x08001d2a       0x1e VisualGDB/Debug/hw_gpio_driver_stm32f4.o
                0x08001d2a                _ZNSt10_HashtableIN7Chimera4GPIO4PullESt4pairIKS2_jESaIS5_ENSt8__detail10_Select1stESt8equal_toIS2_ESt4hashIS2_ENS7_18_Mod_range_hashingENS7_20_Default_ranged_hashENS7_20_Prime_rehash_policyENS7_17_Hashtable_traitsILb0ELb0ELb1EEEED1Ev
                0x08001d2a                _ZNSt10_HashtableIN7Chimera4GPIO4PullESt4pairIKS2_jESaIS5_ENSt8__detail10_Select1stESt8equal_toIS2_ESt4hashIS2_ENS7_18_Mod_range_hashingENS7_20_Default_ranged_hashENS7_20_Prime_rehash_policyENS7_17_Hashtable_traitsILb0ELb0ELb1EEEED2Ev
 .text._ZNSt13unordered_mapIN7Chimera4GPIO4PullEjSt4hashIS2_ESt8equal_toIS2_ESaISt4pairIKS2_jEEED2Ev
                0x08001d48        0xc VisualGDB/Debug/hw_gpio_driver_stm32f4.o
                0x08001d48                _ZNSt13unordered_mapIN7Chimera4GPIO4PullEjSt4hashIS2_ESt8equal_toIS2_ESaISt4pairIKS2_jEEED1Ev
                0x08001d48                _ZNSt13unordered_mapIN7Chimera4GPIO4PullEjSt4hashIS2_ESt8equal_toIS2_ESaISt4pairIKS2_jEEED2Ev
 .text._ZNSt8__detail16_Hashtable_allocISaINS_10_Hash_nodeISt4pairIKN7Chimera4GPIO5DriveEjELb0EEEEE19_M_allocate_bucketsEj
                0x08001d54       0x22 VisualGDB/Debug/hw_gpio_driver_stm32f4.o
                0x08001d54                _ZNSt8__detail16_Hashtable_allocISaINS_10_Hash_nodeISt4pairIKN7Chimera4GPIO5DriveEjELb0EEEEE19_M_allocate_bucketsEj
 .text._ZNSt8__detail16_Hashtable_allocISaINS_10_Hash_nodeISt4pairIKN7Chimera4GPIO5DriveEjELb0EEEEE18_M_deallocate_nodeEPS8_
                0x08001d76        0xa VisualGDB/Debug/hw_gpio_driver_stm32f4.o
                0x08001d76                _ZNSt8__detail16_Hashtable_allocISaINS_10_Hash_nodeISt4pairIKN7Chimera4GPIO5DriveEjELb0EEEEE18_M_deallocate_nodeEPS8_
 .text._ZNSt8__detail16_Hashtable_allocISaINS_10_Hash_nodeISt4pairIKN7Chimera4GPIO5DriveEjELb0EEEEE19_M_deallocate_nodesEPS8_
                0x08001d80       0x14 VisualGDB/Debug/hw_gpio_driver_stm32f4.o
                0x08001d80                _ZNSt8__detail16_Hashtable_allocISaINS_10_Hash_nodeISt4pairIKN7Chimera4GPIO5DriveEjELb0EEEEE19_M_deallocate_nodesEPS8_
 .text._ZNSt10_HashtableIN7Chimera4GPIO5DriveESt4pairIKS2_jESaIS5_ENSt8__detail10_Select1stESt8equal_toIS2_ESt4hashIS2_ENS7_18_Mod_range_hashingENS7_20_Default_ranged_hashENS7_20_Prime_rehash_policyENS7_17_Hashtable_traitsILb0ELb0ELb1EEEE5clearEv
                0x08001d94       0x1e VisualGDB/Debug/hw_gpio_driver_stm32f4.o
                0x08001d94                _ZNSt10_HashtableIN7Chimera4GPIO5DriveESt4pairIKS2_jESaIS5_ENSt8__detail10_Select1stESt8equal_toIS2_ESt4hashIS2_ENS7_18_Mod_range_hashingENS7_20_Default_ranged_hashENS7_20_Prime_rehash_policyENS7_17_Hashtable_traitsILb0ELb0ELb1EEEE5clearEv
 .text._ZNSt8__detail16_Hashtable_allocISaINS_10_Hash_nodeISt4pairIKN7Chimera4GPIO5DriveEjELb0EEEEE21_M_deallocate_bucketsEPPNS_15_Hash_node_baseEj
                0x08001db2        0xa VisualGDB/Debug/hw_gpio_driver_stm32f4.o
                0x08001db2                _ZNSt8__detail16_Hashtable_allocISaINS_10_Hash_nodeISt4pairIKN7Chimera4GPIO5DriveEjELb0EEEEE21_M_deallocate_bucketsEPPNS_15_Hash_node_baseEj
 .text._ZNSt10_HashtableIN7Chimera4GPIO5DriveESt4pairIKS2_jESaIS5_ENSt8__detail10_Select1stESt8equal_toIS2_ESt4hashIS2_ENS7_18_Mod_range_hashingENS7_20_Default_ranged_hashENS7_20_Prime_rehash_policyENS7_17_Hashtable_traitsILb0ELb0ELb1EEEED2Ev
                0x08001dbc       0x1e VisualGDB/Debug/hw_gpio_driver_stm32f4.o
                0x08001dbc                _ZNSt10_HashtableIN7Chimera4GPIO5DriveESt4pairIKS2_jESaIS5_ENSt8__detail10_Select1stESt8equal_toIS2_ESt4hashIS2_ENS7_18_Mod_range_hashingENS7_20_Default_ranged_hashENS7_20_Prime_rehash_policyENS7_17_Hashtable_traitsILb0ELb0ELb1EEEED2Ev
                0x08001dbc                _ZNSt10_HashtableIN7Chimera4GPIO5DriveESt4pairIKS2_jESaIS5_ENSt8__detail10_Select1stESt8equal_toIS2_ESt4hashIS2_ENS7_18_Mod_range_hashingENS7_20_Default_ranged_hashENS7_20_Prime_rehash_policyENS7_17_Hashtable_traitsILb0ELb0ELb1EEEED1Ev
 .text._ZNSt13unordered_mapIN7Chimera4GPIO5DriveEjSt4hashIS2_ESt8equal_toIS2_ESaISt4pairIKS2_jEEED2Ev
                0x08001dda        0xc VisualGDB/Debug/hw_gpio_driver_stm32f4.o
                0x08001dda                _ZNSt13unordered_mapIN7Chimera4GPIO5DriveEjSt4hashIS2_ESt8equal_toIS2_ESaISt4pairIKS2_jEEED2Ev
                0x08001dda                _ZNSt13unordered_mapIN7Chimera4GPIO5DriveEjSt4hashIS2_ESt8equal_toIS2_ESaISt4pairIKS2_jEEED1Ev
 .text._ZNSt8__detail16_Hashtable_allocISaINS_10_Hash_nodeISt4pairIKN4Thor6Driver4GPIO5SpeedEjELb0EEEEE19_M_allocate_bucketsEj
                0x08001de6       0x22 VisualGDB/Debug/hw_gpio_driver_stm32f4.o
                0x08001de6                _ZNSt8__detail16_Hashtable_allocISaINS_10_Hash_nodeISt4pairIKN4Thor6Driver4GPIO5SpeedEjELb0EEEEE19_M_allocate_bucketsEj
 .text._ZNSt8__detail16_Hashtable_allocISaINS_10_Hash_nodeISt4pairIKN4Thor6Driver4GPIO5SpeedEjELb0EEEEE18_M_deallocate_nodeEPS9_
                0x08001e08        0xa VisualGDB/Debug/hw_gpio_driver_stm32f4.o
                0x08001e08                _ZNSt8__detail16_Hashtable_allocISaINS_10_Hash_nodeISt4pairIKN4Thor6Driver4GPIO5SpeedEjELb0EEEEE18_M_deallocate_nodeEPS9_
 .text._ZNSt8__detail16_Hashtable_allocISaINS_10_Hash_nodeISt4pairIKN4Thor6Driver4GPIO5SpeedEjELb0EEEEE19_M_deallocate_nodesEPS9_
                0x08001e12       0x14 VisualGDB/Debug/hw_gpio_driver_stm32f4.o
                0x08001e12                _ZNSt8__detail16_Hashtable_allocISaINS_10_Hash_nodeISt4pairIKN4Thor6Driver4GPIO5SpeedEjELb0EEEEE19_M_deallocate_nodesEPS9_
 .text._ZNSt10_HashtableIN4Thor6Driver4GPIO5SpeedESt4pairIKS3_jESaIS6_ENSt8__detail10_Select1stESt8equal_toIS3_ESt4hashIS3_ENS8_18_Mod_range_hashingENS8_20_Default_ranged_hashENS8_20_Prime_rehash_policyENS8_17_Hashtable_traitsILb0ELb0ELb1EEEE5clearEv
                0x08001e26       0x1e VisualGDB/Debug/hw_gpio_driver_stm32f4.o
                0x08001e26                _ZNSt10_HashtableIN4Thor6Driver4GPIO5SpeedESt4pairIKS3_jESaIS6_ENSt8__detail10_Select1stESt8equal_toIS3_ESt4hashIS3_ENS8_18_Mod_range_hashingENS8_20_Default_ranged_hashENS8_20_Prime_rehash_policyENS8_17_Hashtable_traitsILb0ELb0ELb1EEEE5clearEv
 .text._ZNSt8__detail16_Hashtable_allocISaINS_10_Hash_nodeISt4pairIKN4Thor6Driver4GPIO5SpeedEjELb0EEEEE21_M_deallocate_bucketsEPPNS_15_Hash_node_baseEj
                0x08001e44        0xa VisualGDB/Debug/hw_gpio_driver_stm32f4.o
                0x08001e44                _ZNSt8__detail16_Hashtable_allocISaINS_10_Hash_nodeISt4pairIKN4Thor6Driver4GPIO5SpeedEjELb0EEEEE21_M_deallocate_bucketsEPPNS_15_Hash_node_baseEj
 .text._ZNSt10_HashtableIN4Thor6Driver4GPIO5SpeedESt4pairIKS3_jESaIS6_ENSt8__detail10_Select1stESt8equal_toIS3_ESt4hashIS3_ENS8_18_Mod_range_hashingENS8_20_Default_ranged_hashENS8_20_Prime_rehash_policyENS8_17_Hashtable_traitsILb0ELb0ELb1EEEED2Ev
                0x08001e4e       0x1e VisualGDB/Debug/hw_gpio_driver_stm32f4.o
                0x08001e4e                _ZNSt10_HashtableIN4Thor6Driver4GPIO5SpeedESt4pairIKS3_jESaIS6_ENSt8__detail10_Select1stESt8equal_toIS3_ESt4hashIS3_ENS8_18_Mod_range_hashingENS8_20_Default_ranged_hashENS8_20_Prime_rehash_policyENS8_17_Hashtable_traitsILb0ELb0ELb1EEEED1Ev
                0x08001e4e                _ZNSt10_HashtableIN4Thor6Driver4GPIO5SpeedESt4pairIKS3_jESaIS6_ENSt8__detail10_Select1stESt8equal_toIS3_ESt4hashIS3_ENS8_18_Mod_range_hashingENS8_20_Default_ranged_hashENS8_20_Prime_rehash_policyENS8_17_Hashtable_traitsILb0ELb0ELb1EEEED2Ev
 .text._ZNSt13unordered_mapIN4Thor6Driver4GPIO5SpeedEjSt4hashIS3_ESt8equal_toIS3_ESaISt4pairIKS3_jEEED2Ev
                0x08001e6c        0xc VisualGDB/Debug/hw_gpio_driver_stm32f4.o
                0x08001e6c                _ZNSt13unordered_mapIN4Thor6Driver4GPIO5SpeedEjSt4hashIS3_ESt8equal_toIS3_ESaISt4pairIKS3_jEEED2Ev
                0x08001e6c                _ZNSt13unordered_mapIN4Thor6Driver4GPIO5SpeedEjSt4hashIS3_ESt8equal_toIS3_ESaISt4pairIKS3_jEEED1Ev
 .text._ZNSt8__detail16_Hashtable_allocISaINS_10_Hash_nodeISt4pairIKN7Chimera4GPIO4PortEhELb0EEEEE19_M_allocate_bucketsEj
                0x08001e78       0x22 VisualGDB/Debug/hw_gpio_driver_stm32f4.o
                0x08001e78                _ZNSt8__detail16_Hashtable_allocISaINS_10_Hash_nodeISt4pairIKN7Chimera4GPIO4PortEhELb0EEEEE19_M_allocate_bucketsEj
 .text._ZNSt8__detail16_Hashtable_allocISaINS_10_Hash_nodeISt4pairIKN7Chimera4GPIO4PortEhELb0EEEEE18_M_deallocate_nodeEPS8_
                0x08001e9a        0xa VisualGDB/Debug/hw_gpio_driver_stm32f4.o
                0x08001e9a                _ZNSt8__detail16_Hashtable_allocISaINS_10_Hash_nodeISt4pairIKN7Chimera4GPIO4PortEhELb0EEEEE18_M_deallocate_nodeEPS8_
 .text._ZNSt8__detail16_Hashtable_allocISaINS_10_Hash_nodeISt4pairIKN7Chimera4GPIO4PortEhELb0EEEEE19_M_deallocate_nodesEPS8_
                0x08001ea4       0x14 VisualGDB/Debug/hw_gpio_driver_stm32f4.o
                0x08001ea4                _ZNSt8__detail16_Hashtable_allocISaINS_10_Hash_nodeISt4pairIKN7Chimera4GPIO4PortEhELb0EEEEE19_M_deallocate_nodesEPS8_
 .text._ZNSt10_HashtableIN7Chimera4GPIO4PortESt4pairIKS2_hESaIS5_ENSt8__detail10_Select1stESt8equal_toIS2_ESt4hashIS2_ENS7_18_Mod_range_hashingENS7_20_Default_ranged_hashENS7_20_Prime_rehash_policyENS7_17_Hashtable_traitsILb0ELb0ELb1EEEE5clearEv
                0x08001eb8       0x1e VisualGDB/Debug/hw_gpio_driver_stm32f4.o
                0x08001eb8                _ZNSt10_HashtableIN7Chimera4GPIO4PortESt4pairIKS2_hESaIS5_ENSt8__detail10_Select1stESt8equal_toIS2_ESt4hashIS2_ENS7_18_Mod_range_hashingENS7_20_Default_ranged_hashENS7_20_Prime_rehash_policyENS7_17_Hashtable_traitsILb0ELb0ELb1EEEE5clearEv
 .text._ZNSt8__detail16_Hashtable_allocISaINS_10_Hash_nodeISt4pairIKN7Chimera4GPIO4PortEhELb0EEEEE21_M_deallocate_bucketsEPPNS_15_Hash_node_baseEj
                0x08001ed6        0xa VisualGDB/Debug/hw_gpio_driver_stm32f4.o
                0x08001ed6                _ZNSt8__detail16_Hashtable_allocISaINS_10_Hash_nodeISt4pairIKN7Chimera4GPIO4PortEhELb0EEEEE21_M_deallocate_bucketsEPPNS_15_Hash_node_baseEj
 .text._ZNSt10_HashtableIN7Chimera4GPIO4PortESt4pairIKS2_hESaIS5_ENSt8__detail10_Select1stESt8equal_toIS2_ESt4hashIS2_ENS7_18_Mod_range_hashingENS7_20_Default_ranged_hashENS7_20_Prime_rehash_policyENS7_17_Hashtable_traitsILb0ELb0ELb1EEEED2Ev
                0x08001ee0       0x1e VisualGDB/Debug/hw_gpio_driver_stm32f4.o
                0x08001ee0                _ZNSt10_HashtableIN7Chimera4GPIO4PortESt4pairIKS2_hESaIS5_ENSt8__detail10_Select1stESt8equal_toIS2_ESt4hashIS2_ENS7_18_Mod_range_hashingENS7_20_Default_ranged_hashENS7_20_Prime_rehash_policyENS7_17_Hashtable_traitsILb0ELb0ELb1EEEED1Ev
                0x08001ee0                _ZNSt10_HashtableIN7Chimera4GPIO4PortESt4pairIKS2_hESaIS5_ENSt8__detail10_Select1stESt8equal_toIS2_ESt4hashIS2_ENS7_18_Mod_range_hashingENS7_20_Default_ranged_hashENS7_20_Prime_rehash_policyENS7_17_Hashtable_traitsILb0ELb0ELb1EEEED2Ev
 .text._ZNSt13unordered_mapIN7Chimera4GPIO4PortEhSt4hashIS2_ESt8equal_toIS2_ESaISt4pairIKS2_hEEED2Ev
                0x08001efe        0xc VisualGDB/Debug/hw_gpio_driver_stm32f4.o
                0x08001efe                _ZNSt13unordered_mapIN7Chimera4GPIO4PortEhSt4hashIS2_ESt8equal_toIS2_ESaISt4pairIKS2_hEEED1Ev
                0x08001efe                _ZNSt13unordered_mapIN7Chimera4GPIO4PortEhSt4hashIS2_ESt8equal_toIS2_ESaISt4pairIKS2_hEEED2Ev
 .text._ZNSt8__detail16_Hashtable_allocISaINS_10_Hash_nodeISt4pairIKjN7Chimera4GPIO4PortEELb0EEEEE19_M_allocate_bucketsEj
                0x08001f0a       0x22 VisualGDB/Debug/hw_gpio_driver_stm32f4.o
                0x08001f0a                _ZNSt8__detail16_Hashtable_allocISaINS_10_Hash_nodeISt4pairIKjN7Chimera4GPIO4PortEELb0EEEEE19_M_allocate_bucketsEj
 .text._ZNSt8__detail16_Hashtable_allocISaINS_10_Hash_nodeISt4pairIKjN7Chimera4GPIO4PortEELb0EEEEE18_M_deallocate_nodeEPS8_
                0x08001f2c        0xa VisualGDB/Debug/hw_gpio_driver_stm32f4.o
                0x08001f2c                _ZNSt8__detail16_Hashtable_allocISaINS_10_Hash_nodeISt4pairIKjN7Chimera4GPIO4PortEELb0EEEEE18_M_deallocate_nodeEPS8_
 .text._ZNSt8__detail16_Hashtable_allocISaINS_10_Hash_nodeISt4pairIKjN7Chimera4GPIO4PortEELb0EEEEE19_M_deallocate_nodesEPS8_
                0x08001f36       0x14 VisualGDB/Debug/hw_gpio_driver_stm32f4.o
                0x08001f36                _ZNSt8__detail16_Hashtable_allocISaINS_10_Hash_nodeISt4pairIKjN7Chimera4GPIO4PortEELb0EEEEE19_M_deallocate_nodesEPS8_
 .text._ZNSt10_HashtableIjSt4pairIKjN7Chimera4GPIO4PortEESaIS5_ENSt8__detail10_Select1stESt8equal_toIjESt4hashIjENS7_18_Mod_range_hashingENS7_20_Default_ranged_hashENS7_20_Prime_rehash_policyENS7_17_Hashtable_traitsILb0ELb0ELb1EEEE5clearEv
                0x08001f4a       0x1e VisualGDB/Debug/hw_gpio_driver_stm32f4.o
                0x08001f4a                _ZNSt10_HashtableIjSt4pairIKjN7Chimera4GPIO4PortEESaIS5_ENSt8__detail10_Select1stESt8equal_toIjESt4hashIjENS7_18_Mod_range_hashingENS7_20_Default_ranged_hashENS7_20_Prime_rehash_policyENS7_17_Hashtable_traitsILb0ELb0ELb1EEEE5clearEv
 .text._ZNSt8__detail16_Hashtable_allocISaINS_10_Hash_nodeISt4pairIKjN7Chimera4GPIO4PortEELb0EEEEE21_M_deallocate_bucketsEPPNS_15_Hash_node_baseEj
                0x08001f68        0xa VisualGDB/Debug/hw_gpio_driver_stm32f4.o
                0x08001f68                _ZNSt8__detail16_Hashtable_allocISaINS_10_Hash_nodeISt4pairIKjN7Chimera4GPIO4PortEELb0EEEEE21_M_deallocate_bucketsEPPNS_15_Hash_node_baseEj
 .text._ZNSt10_HashtableIjSt4pairIKjN7Chimera4GPIO4PortEESaIS5_ENSt8__detail10_Select1stESt8equal_toIjESt4hashIjENS7_18_Mod_range_hashingENS7_20_Default_ranged_hashENS7_20_Prime_rehash_policyENS7_17_Hashtable_traitsILb0ELb0ELb1EEEED2Ev
                0x08001f72       0x1e VisualGDB/Debug/hw_gpio_driver_stm32f4.o
                0x08001f72                _ZNSt10_HashtableIjSt4pairIKjN7Chimera4GPIO4PortEESaIS5_ENSt8__detail10_Select1stESt8equal_toIjESt4hashIjENS7_18_Mod_range_hashingENS7_20_Default_ranged_hashENS7_20_Prime_rehash_policyENS7_17_Hashtable_traitsILb0ELb0ELb1EEEED1Ev
                0x08001f72                _ZNSt10_HashtableIjSt4pairIKjN7Chimera4GPIO4PortEESaIS5_ENSt8__detail10_Select1stESt8equal_toIjESt4hashIjENS7_18_Mod_range_hashingENS7_20_Default_ranged_hashENS7_20_Prime_rehash_policyENS7_17_Hashtable_traitsILb0ELb0ELb1EEEED2Ev
 .text._ZNSt13unordered_mapIjN7Chimera4GPIO4PortESt4hashIjESt8equal_toIjESaISt4pairIKjS2_EEED2Ev
                0x08001f90        0xc VisualGDB/Debug/hw_gpio_driver_stm32f4.o
                0x08001f90                _ZNSt13unordered_mapIjN7Chimera4GPIO4PortESt4hashIjESt8equal_toIjESaISt4pairIKjS2_EEED2Ev
                0x08001f90                _ZNSt13unordered_mapIjN7Chimera4GPIO4PortESt4hashIjESt8equal_toIjESaISt4pairIKjS2_EEED1Ev
 .text._ZNSt8__detail16_Hashtable_allocISaINS_10_Hash_nodeISt4pairIKN7Chimera4GPIO4PortEKPVN4Thor6Driver4GPIO11RegisterMapEELb0EEEEE19_M_allocate_bucketsEj
                0x08001f9c       0x22 VisualGDB/Debug/hw_gpio_driver_stm32f4.o
                0x08001f9c                _ZNSt8__detail16_Hashtable_allocISaINS_10_Hash_nodeISt4pairIKN7Chimera4GPIO4PortEKPVN4Thor6Driver4GPIO11RegisterMapEELb0EEEEE19_M_allocate_bucketsEj
 .text._ZNSt8__detail16_Hashtable_allocISaINS_10_Hash_nodeISt4pairIKN7Chimera4GPIO4PortEKPVN4Thor6Driver4GPIO11RegisterMapEELb0EEEEE18_M_deallocate_nodeEPSF_
                0x08001fbe        0xa VisualGDB/Debug/hw_gpio_driver_stm32f4.o
                0x08001fbe                _ZNSt8__detail16_Hashtable_allocISaINS_10_Hash_nodeISt4pairIKN7Chimera4GPIO4PortEKPVN4Thor6Driver4GPIO11RegisterMapEELb0EEEEE18_M_deallocate_nodeEPSF_
 .text._ZNSt8__detail16_Hashtable_allocISaINS_10_Hash_nodeISt4pairIKN7Chimera4GPIO4PortEKPVN4Thor6Driver4GPIO11RegisterMapEELb0EEEEE19_M_deallocate_nodesEPSF_
                0x08001fc8       0x14 VisualGDB/Debug/hw_gpio_driver_stm32f4.o
                0x08001fc8                _ZNSt8__detail16_Hashtable_allocISaINS_10_Hash_nodeISt4pairIKN7Chimera4GPIO4PortEKPVN4Thor6Driver4GPIO11RegisterMapEELb0EEEEE19_M_deallocate_nodesEPSF_
 .text._ZNSt10_HashtableIN7Chimera4GPIO4PortESt4pairIKS2_KPVN4Thor6Driver4GPIO11RegisterMapEESaISC_ENSt8__detail10_Select1stESt8equal_toIS2_ESt4hashIS2_ENSE_18_Mod_range_hashingENSE_20_Default_ranged_hashENSE_20_Prime_rehash_policyENSE_17_Hashtable_traitsILb0ELb0ELb1EEEE5clearEv
                0x08001fdc       0x1e VisualGDB/Debug/hw_gpio_driver_stm32f4.o
                0x08001fdc                _ZNSt10_HashtableIN7Chimera4GPIO4PortESt4pairIKS2_KPVN4Thor6Driver4GPIO11RegisterMapEESaISC_ENSt8__detail10_Select1stESt8equal_toIS2_ESt4hashIS2_ENSE_18_Mod_range_hashingENSE_20_Default_ranged_hashENSE_20_Prime_rehash_policyENSE_17_Hashtable_traitsILb0ELb0ELb1EEEE5clearEv
 .text._ZNSt8__detail16_Hashtable_allocISaINS_10_Hash_nodeISt4pairIKN7Chimera4GPIO4PortEKPVN4Thor6Driver4GPIO11RegisterMapEELb0EEEEE21_M_deallocate_bucketsEPPNS_15_Hash_node_baseEj
                0x08001ffa        0xa VisualGDB/Debug/hw_gpio_driver_stm32f4.o
                0x08001ffa                _ZNSt8__detail16_Hashtable_allocISaINS_10_Hash_nodeISt4pairIKN7Chimera4GPIO4PortEKPVN4Thor6Driver4GPIO11RegisterMapEELb0EEEEE21_M_deallocate_bucketsEPPNS_15_Hash_node_baseEj
 .text._ZNSt10_HashtableIN7Chimera4GPIO4PortESt4pairIKS2_KPVN4Thor6Driver4GPIO11RegisterMapEESaISC_ENSt8__detail10_Select1stESt8equal_toIS2_ESt4hashIS2_ENSE_18_Mod_range_hashingENSE_20_Default_ranged_hashENSE_20_Prime_rehash_policyENSE_17_Hashtable_traitsILb0ELb0ELb1EEEED2Ev
                0x08002004       0x1e VisualGDB/Debug/hw_gpio_driver_stm32f4.o
                0x08002004                _ZNSt10_HashtableIN7Chimera4GPIO4PortESt4pairIKS2_KPVN4Thor6Driver4GPIO11RegisterMapEESaISC_ENSt8__detail10_Select1stESt8equal_toIS2_ESt4hashIS2_ENSE_18_Mod_range_hashingENSE_20_Default_ranged_hashENSE_20_Prime_rehash_policyENSE_17_Hashtable_traitsILb0ELb0ELb1EEEED2Ev
                0x08002004                _ZNSt10_HashtableIN7Chimera4GPIO4PortESt4pairIKS2_KPVN4Thor6Driver4GPIO11RegisterMapEESaISC_ENSt8__detail10_Select1stESt8equal_toIS2_ESt4hashIS2_ENSE_18_Mod_range_hashingENSE_20_Default_ranged_hashENSE_20_Prime_rehash_policyENSE_17_Hashtable_traitsILb0ELb0ELb1EEEED1Ev
 .text._ZNSt13unordered_mapIN7Chimera4GPIO4PortEKPVN4Thor6Driver4GPIO11RegisterMapESt4hashIS2_ESt8equal_toIS2_ESaISt4pairIKS2_S9_EEED2Ev
                0x08002022        0xc VisualGDB/Debug/hw_gpio_driver_stm32f4.o
                0x08002022                _ZNSt13unordered_mapIN7Chimera4GPIO4PortEKPVN4Thor6Driver4GPIO11RegisterMapESt4hashIS2_ESt8equal_toIS2_ESaISt4pairIKS2_S9_EEED1Ev
                0x08002022                _ZNSt13unordered_mapIN7Chimera4GPIO4PortEKPVN4Thor6Driver4GPIO11RegisterMapESt4hashIS2_ESt8equal_toIS2_ESaISt4pairIKS2_S9_EEED2Ev
 .text._ZNSt8__detail16_Hashtable_allocISaINS_10_Hash_nodeISt4pairIKN7Chimera4GPIO4PullEjELb0EEEEE16_M_allocate_nodeIJRKS7_EEEPS8_DpOT_
                0x0800202e       0x20 VisualGDB/Debug/hw_gpio_driver_stm32f4.o
                0x0800202e                _ZNSt8__detail16_Hashtable_allocISaINS_10_Hash_nodeISt4pairIKN7Chimera4GPIO4PullEjELb0EEEEE16_M_allocate_nodeIJRKS7_EEEPS8_DpOT_
 .text._ZNSt10_HashtableIN7Chimera4GPIO4PullESt4pairIKS2_jESaIS5_ENSt8__detail10_Select1stESt8equal_toIS2_ESt4hashIS2_ENS7_18_Mod_range_hashingENS7_20_Default_ranged_hashENS7_20_Prime_rehash_policyENS7_17_Hashtable_traitsILb0ELb0ELb1EEEE22_M_insert_bucket_beginEjPNS7_10_Hash_nodeIS5_Lb0EEE
                0x0800204e       0x40 VisualGDB/Debug/hw_gpio_driver_stm32f4.o
                0x0800204e                _ZNSt10_HashtableIN7Chimera4GPIO4PullESt4pairIKS2_jESaIS5_ENSt8__detail10_Select1stESt8equal_toIS2_ESt4hashIS2_ENS7_18_Mod_range_hashingENS7_20_Default_ranged_hashENS7_20_Prime_rehash_policyENS7_17_Hashtable_traitsILb0ELb0ELb1EEEE22_M_insert_bucket_beginEjPNS7_10_Hash_nodeIS5_Lb0EEE
 .text._ZNSt8__detail16_Hashtable_allocISaINS_10_Hash_nodeISt4pairIKN7Chimera4GPIO5DriveEjELb0EEEEE16_M_allocate_nodeIJRKS7_EEEPS8_DpOT_
                0x0800208e       0x20 VisualGDB/Debug/hw_gpio_driver_stm32f4.o
                0x0800208e                _ZNSt8__detail16_Hashtable_allocISaINS_10_Hash_nodeISt4pairIKN7Chimera4GPIO5DriveEjELb0EEEEE16_M_allocate_nodeIJRKS7_EEEPS8_DpOT_
 .text._ZNSt10_HashtableIN7Chimera4GPIO5DriveESt4pairIKS2_jESaIS5_ENSt8__detail10_Select1stESt8equal_toIS2_ESt4hashIS2_ENS7_18_Mod_range_hashingENS7_20_Default_ranged_hashENS7_20_Prime_rehash_policyENS7_17_Hashtable_traitsILb0ELb0ELb1EEEE22_M_insert_bucket_beginEjPNS7_10_Hash_nodeIS5_Lb0EEE
                0x080020ae       0x40 VisualGDB/Debug/hw_gpio_driver_stm32f4.o
                0x080020ae                _ZNSt10_HashtableIN7Chimera4GPIO5DriveESt4pairIKS2_jESaIS5_ENSt8__detail10_Select1stESt8equal_toIS2_ESt4hashIS2_ENS7_18_Mod_range_hashingENS7_20_Default_ranged_hashENS7_20_Prime_rehash_policyENS7_17_Hashtable_traitsILb0ELb0ELb1EEEE22_M_insert_bucket_beginEjPNS7_10_Hash_nodeIS5_Lb0EEE
 .text._ZNSt8__detail16_Hashtable_allocISaINS_10_Hash_nodeISt4pairIKN4Thor6Driver4GPIO5SpeedEjELb0EEEEE16_M_allocate_nodeIJRKS8_EEEPS9_DpOT_
                0x080020ee       0x20 VisualGDB/Debug/hw_gpio_driver_stm32f4.o
                0x080020ee                _ZNSt8__detail16_Hashtable_allocISaINS_10_Hash_nodeISt4pairIKN4Thor6Driver4GPIO5SpeedEjELb0EEEEE16_M_allocate_nodeIJRKS8_EEEPS9_DpOT_
 .text._ZNSt10_HashtableIN4Thor6Driver4GPIO5SpeedESt4pairIKS3_jESaIS6_ENSt8__detail10_Select1stESt8equal_toIS3_ESt4hashIS3_ENS8_18_Mod_range_hashingENS8_20_Default_ranged_hashENS8_20_Prime_rehash_policyENS8_17_Hashtable_traitsILb0ELb0ELb1EEEE22_M_insert_bucket_beginEjPNS8_10_Hash_nodeIS6_Lb0EEE
                0x0800210e       0x40 VisualGDB/Debug/hw_gpio_driver_stm32f4.o
                0x0800210e                _ZNSt10_HashtableIN4Thor6Driver4GPIO5SpeedESt4pairIKS3_jESaIS6_ENSt8__detail10_Select1stESt8equal_toIS3_ESt4hashIS3_ENS8_18_Mod_range_hashingENS8_20_Default_ranged_hashENS8_20_Prime_rehash_policyENS8_17_Hashtable_traitsILb0ELb0ELb1EEEE22_M_insert_bucket_beginEjPNS8_10_Hash_nodeIS6_Lb0EEE
 .text._ZNSt8__detail16_Hashtable_allocISaINS_10_Hash_nodeISt4pairIKN7Chimera4GPIO4PortEhELb0EEEEE16_M_allocate_nodeIJRKS7_EEEPS8_DpOT_
                0x0800214e       0x14 VisualGDB/Debug/hw_gpio_driver_stm32f4.o
                0x0800214e                _ZNSt8__detail16_Hashtable_allocISaINS_10_Hash_nodeISt4pairIKN7Chimera4GPIO4PortEhELb0EEEEE16_M_allocate_nodeIJRKS7_EEEPS8_DpOT_
 .text._ZNSt10_HashtableIN7Chimera4GPIO4PortESt4pairIKS2_hESaIS5_ENSt8__detail10_Select1stESt8equal_toIS2_ESt4hashIS2_ENS7_18_Mod_range_hashingENS7_20_Default_ranged_hashENS7_20_Prime_rehash_policyENS7_17_Hashtable_traitsILb0ELb0ELb1EEEE22_M_insert_bucket_beginEjPNS7_10_Hash_nodeIS5_Lb0EEE
                0x08002162       0x40 VisualGDB/Debug/hw_gpio_driver_stm32f4.o
                0x08002162                _ZNSt10_HashtableIN7Chimera4GPIO4PortESt4pairIKS2_hESaIS5_ENSt8__detail10_Select1stESt8equal_toIS2_ESt4hashIS2_ENS7_18_Mod_range_hashingENS7_20_Default_ranged_hashENS7_20_Prime_rehash_policyENS7_17_Hashtable_traitsILb0ELb0ELb1EEEE22_M_insert_bucket_beginEjPNS7_10_Hash_nodeIS5_Lb0EEE
 .text._ZNSt8__detail16_Hashtable_allocISaINS_10_Hash_nodeISt4pairIKjN7Chimera4GPIO4PortEELb0EEEEE16_M_allocate_nodeIJRKS7_EEEPS8_DpOT_
                0x080021a2       0x20 VisualGDB/Debug/hw_gpio_driver_stm32f4.o
                0x080021a2                _ZNSt8__detail16_Hashtable_allocISaINS_10_Hash_nodeISt4pairIKjN7Chimera4GPIO4PortEELb0EEEEE16_M_allocate_nodeIJRKS7_EEEPS8_DpOT_
 .text._ZNSt10_HashtableIjSt4pairIKjN7Chimera4GPIO4PortEESaIS5_ENSt8__detail10_Select1stESt8equal_toIjESt4hashIjENS7_18_Mod_range_hashingENS7_20_Default_ranged_hashENS7_20_Prime_rehash_policyENS7_17_Hashtable_traitsILb0ELb0ELb1EEEE22_M_insert_bucket_beginEjPNS7_10_Hash_nodeIS5_Lb0EEE
                0x080021c2       0x40 VisualGDB/Debug/hw_gpio_driver_stm32f4.o
                0x080021c2                _ZNSt10_HashtableIjSt4pairIKjN7Chimera4GPIO4PortEESaIS5_ENSt8__detail10_Select1stESt8equal_toIjESt4hashIjENS7_18_Mod_range_hashingENS7_20_Default_ranged_hashENS7_20_Prime_rehash_policyENS7_17_Hashtable_traitsILb0ELb0ELb1EEEE22_M_insert_bucket_beginEjPNS7_10_Hash_nodeIS5_Lb0EEE
 .text._ZNKSt10_HashtableIN7Chimera4GPIO4PortESt4pairIKS2_KPVN4Thor6Driver4GPIO11RegisterMapEESaISC_ENSt8__detail10_Select1stESt8equal_toIS2_ESt4hashIS2_ENSE_18_Mod_range_hashingENSE_20_Default_ranged_hashENSE_20_Prime_rehash_policyENSE_17_Hashtable_traitsILb0ELb0ELb1EEEE19_M_find_before_nodeEjRS4_j
                0x08002202       0x3c VisualGDB/Debug/hw_gpio_driver_stm32f4.o
                0x08002202                _ZNKSt10_HashtableIN7Chimera4GPIO4PortESt4pairIKS2_KPVN4Thor6Driver4GPIO11RegisterMapEESaISC_ENSt8__detail10_Select1stESt8equal_toIS2_ESt4hashIS2_ENSE_18_Mod_range_hashingENSE_20_Default_ranged_hashENSE_20_Prime_rehash_policyENSE_17_Hashtable_traitsILb0ELb0ELb1EEEE19_M_find_before_nodeEjRS4_j
 .text._ZNSt8__detail16_Hashtable_allocISaINS_10_Hash_nodeISt4pairIKN7Chimera4GPIO4PortEKPVN4Thor6Driver4GPIO11RegisterMapEELb0EEEEE16_M_allocate_nodeIJRKSE_EEEPSF_DpOT_
                0x0800223e       0x20 VisualGDB/Debug/hw_gpio_driver_stm32f4.o
                0x0800223e                _ZNSt8__detail16_Hashtable_allocISaINS_10_Hash_nodeISt4pairIKN7Chimera4GPIO4PortEKPVN4Thor6Driver4GPIO11RegisterMapEELb0EEEEE16_M_allocate_nodeIJRKSE_EEEPSF_DpOT_
 .text._ZNSt10_HashtableIN7Chimera4GPIO4PortESt4pairIKS2_KPVN4Thor6Driver4GPIO11RegisterMapEESaISC_ENSt8__detail10_Select1stESt8equal_toIS2_ESt4hashIS2_ENSE_18_Mod_range_hashingENSE_20_Default_ranged_hashENSE_20_Prime_rehash_policyENSE_17_Hashtable_traitsILb0ELb0ELb1EEEE22_M_insert_bucket_beginEjPNSE_10_Hash_nodeISC_Lb0EEE
                0x0800225e       0x40 VisualGDB/Debug/hw_gpio_driver_stm32f4.o
                0x0800225e                _ZNSt10_HashtableIN7Chimera4GPIO4PortESt4pairIKS2_KPVN4Thor6Driver4GPIO11RegisterMapEESaISC_ENSt8__detail10_Select1stESt8equal_toIS2_ESt4hashIS2_ENSE_18_Mod_range_hashingENSE_20_Default_ranged_hashENSE_20_Prime_rehash_policyENSE_17_Hashtable_traitsILb0ELb0ELb1EEEE22_M_insert_bucket_beginEjPNSE_10_Hash_nodeISC_Lb0EEE
 .text._ZNSt10_HashtableIN7Chimera4GPIO4PullESt4pairIKS2_jESaIS5_ENSt8__detail10_Select1stESt8equal_toIS2_ESt4hashIS2_ENS7_18_Mod_range_hashingENS7_20_Default_ranged_hashENS7_20_Prime_rehash_policyENS7_17_Hashtable_traitsILb0ELb0ELb1EEEE13_M_rehash_auxEjSt17integral_constantIbLb1EE
                0x0800229e       0x7c VisualGDB/Debug/hw_gpio_driver_stm32f4.o
                0x0800229e                _ZNSt10_HashtableIN7Chimera4GPIO4PullESt4pairIKS2_jESaIS5_ENSt8__detail10_Select1stESt8equal_toIS2_ESt4hashIS2_ENS7_18_Mod_range_hashingENS7_20_Default_ranged_hashENS7_20_Prime_rehash_policyENS7_17_Hashtable_traitsILb0ELb0ELb1EEEE13_M_rehash_auxEjSt17integral_constantIbLb1EE
 .text._ZNSt10_HashtableIN7Chimera4GPIO4PullESt4pairIKS2_jESaIS5_ENSt8__detail10_Select1stESt8equal_toIS2_ESt4hashIS2_ENS7_18_Mod_range_hashingENS7_20_Default_ranged_hashENS7_20_Prime_rehash_policyENS7_17_Hashtable_traitsILb0ELb0ELb1EEEE9_M_rehashEjRKj
                0x0800231a        0xc VisualGDB/Debug/hw_gpio_driver_stm32f4.o
                0x0800231a                _ZNSt10_HashtableIN7Chimera4GPIO4PullESt4pairIKS2_jESaIS5_ENSt8__detail10_Select1stESt8equal_toIS2_ESt4hashIS2_ENS7_18_Mod_range_hashingENS7_20_Default_ranged_hashENS7_20_Prime_rehash_policyENS7_17_Hashtable_traitsILb0ELb0ELb1EEEE9_M_rehashEjRKj
 .text._ZNSt10_HashtableIN7Chimera4GPIO4PullESt4pairIKS2_jESaIS5_ENSt8__detail10_Select1stESt8equal_toIS2_ESt4hashIS2_ENS7_18_Mod_range_hashingENS7_20_Default_ranged_hashENS7_20_Prime_rehash_policyENS7_17_Hashtable_traitsILb0ELb0ELb1EEEE21_M_insert_unique_nodeEjjPNS7_10_Hash_nodeIS5_Lb0EEE
                0x08002326       0x54 VisualGDB/Debug/hw_gpio_driver_stm32f4.o
                0x08002326                _ZNSt10_HashtableIN7Chimera4GPIO4PullESt4pairIKS2_jESaIS5_ENSt8__detail10_Select1stESt8equal_toIS2_ESt4hashIS2_ENS7_18_Mod_range_hashingENS7_20_Default_ranged_hashENS7_20_Prime_rehash_policyENS7_17_Hashtable_traitsILb0ELb0ELb1EEEE21_M_insert_unique_nodeEjjPNS7_10_Hash_nodeIS5_Lb0EEE
 .text._ZNSt10_HashtableIN7Chimera4GPIO4PullESt4pairIKS2_jESaIS5_ENSt8__detail10_Select1stESt8equal_toIS2_ESt4hashIS2_ENS7_18_Mod_range_hashingENS7_20_Default_ranged_hashENS7_20_Prime_rehash_policyENS7_17_Hashtable_traitsILb0ELb0ELb1EEEE9_M_insertIRKS5_NS7_10_AllocNodeISaINS7_10_Hash_nodeIS5_Lb0EEEEEEEES3_INS7_14_Node_iteratorIS5_Lb0ELb0EEEbEOT_RKT0_St17integral_constantIbLb1EE
                0x0800237a       0x52 VisualGDB/Debug/hw_gpio_driver_stm32f4.o
                0x0800237a                _ZNSt10_HashtableIN7Chimera4GPIO4PullESt4pairIKS2_jESaIS5_ENSt8__detail10_Select1stESt8equal_toIS2_ESt4hashIS2_ENS7_18_Mod_range_hashingENS7_20_Default_ranged_hashENS7_20_Prime_rehash_policyENS7_17_Hashtable_traitsILb0ELb0ELb1EEEE9_M_insertIRKS5_NS7_10_AllocNodeISaINS7_10_Hash_nodeIS5_Lb0EEEEEEEES3_INS7_14_Node_iteratorIS5_Lb0ELb0EEEbEOT_RKT0_St17integral_constantIbLb1EE
 .text._ZNSt10_HashtableIN7Chimera4GPIO4PullESt4pairIKS2_jESaIS5_ENSt8__detail10_Select1stESt8equal_toIS2_ESt4hashIS2_ENS7_18_Mod_range_hashingENS7_20_Default_ranged_hashENS7_20_Prime_rehash_policyENS7_17_Hashtable_traitsILb0ELb0ELb1EEEEC2IPKS5_EET_SM_jRKSC_RKSD_RKSE_RKSA_RKS8_RKS6_
                0x080023cc       0x8a VisualGDB/Debug/hw_gpio_driver_stm32f4.o
                0x080023cc                _ZNSt10_HashtableIN7Chimera4GPIO4PullESt4pairIKS2_jESaIS5_ENSt8__detail10_Select1stESt8equal_toIS2_ESt4hashIS2_ENS7_18_Mod_range_hashingENS7_20_Default_ranged_hashENS7_20_Prime_rehash_policyENS7_17_Hashtable_traitsILb0ELb0ELb1EEEEC2IPKS5_EET_SM_jRKSC_RKSD_RKSE_RKSA_RKS8_RKS6_
                0x080023cc                _ZNSt10_HashtableIN7Chimera4GPIO4PullESt4pairIKS2_jESaIS5_ENSt8__detail10_Select1stESt8equal_toIS2_ESt4hashIS2_ENS7_18_Mod_range_hashingENS7_20_Default_ranged_hashENS7_20_Prime_rehash_policyENS7_17_Hashtable_traitsILb0ELb0ELb1EEEEC1IPKS5_EET_SM_jRKSC_RKSD_RKSE_RKSA_RKS8_RKS6_
 .text._ZNSt10_HashtableIN7Chimera4GPIO5DriveESt4pairIKS2_jESaIS5_ENSt8__detail10_Select1stESt8equal_toIS2_ESt4hashIS2_ENS7_18_Mod_range_hashingENS7_20_Default_ranged_hashENS7_20_Prime_rehash_policyENS7_17_Hashtable_traitsILb0ELb0ELb1EEEE13_M_rehash_auxEjSt17integral_constantIbLb1EE
                0x08002456       0x7c VisualGDB/Debug/hw_gpio_driver_stm32f4.o
                0x08002456                _ZNSt10_HashtableIN7Chimera4GPIO5DriveESt4pairIKS2_jESaIS5_ENSt8__detail10_Select1stESt8equal_toIS2_ESt4hashIS2_ENS7_18_Mod_range_hashingENS7_20_Default_ranged_hashENS7_20_Prime_rehash_policyENS7_17_Hashtable_traitsILb0ELb0ELb1EEEE13_M_rehash_auxEjSt17integral_constantIbLb1EE
 .text._ZNSt10_HashtableIN7Chimera4GPIO5DriveESt4pairIKS2_jESaIS5_ENSt8__detail10_Select1stESt8equal_toIS2_ESt4hashIS2_ENS7_18_Mod_range_hashingENS7_20_Default_ranged_hashENS7_20_Prime_rehash_policyENS7_17_Hashtable_traitsILb0ELb0ELb1EEEE9_M_rehashEjRKj
                0x080024d2        0xc VisualGDB/Debug/hw_gpio_driver_stm32f4.o
                0x080024d2                _ZNSt10_HashtableIN7Chimera4GPIO5DriveESt4pairIKS2_jESaIS5_ENSt8__detail10_Select1stESt8equal_toIS2_ESt4hashIS2_ENS7_18_Mod_range_hashingENS7_20_Default_ranged_hashENS7_20_Prime_rehash_policyENS7_17_Hashtable_traitsILb0ELb0ELb1EEEE9_M_rehashEjRKj
 .text._ZNSt10_HashtableIN7Chimera4GPIO5DriveESt4pairIKS2_jESaIS5_ENSt8__detail10_Select1stESt8equal_toIS2_ESt4hashIS2_ENS7_18_Mod_range_hashingENS7_20_Default_ranged_hashENS7_20_Prime_rehash_policyENS7_17_Hashtable_traitsILb0ELb0ELb1EEEE21_M_insert_unique_nodeEjjPNS7_10_Hash_nodeIS5_Lb0EEE
                0x080024de       0x54 VisualGDB/Debug/hw_gpio_driver_stm32f4.o
                0x080024de                _ZNSt10_HashtableIN7Chimera4GPIO5DriveESt4pairIKS2_jESaIS5_ENSt8__detail10_Select1stESt8equal_toIS2_ESt4hashIS2_ENS7_18_Mod_range_hashingENS7_20_Default_ranged_hashENS7_20_Prime_rehash_policyENS7_17_Hashtable_traitsILb0ELb0ELb1EEEE21_M_insert_unique_nodeEjjPNS7_10_Hash_nodeIS5_Lb0EEE
 .text._ZNSt10_HashtableIN7Chimera4GPIO5DriveESt4pairIKS2_jESaIS5_ENSt8__detail10_Select1stESt8equal_toIS2_ESt4hashIS2_ENS7_18_Mod_range_hashingENS7_20_Default_ranged_hashENS7_20_Prime_rehash_policyENS7_17_Hashtable_traitsILb0ELb0ELb1EEEE9_M_insertIRKS5_NS7_10_AllocNodeISaINS7_10_Hash_nodeIS5_Lb0EEEEEEEES3_INS7_14_Node_iteratorIS5_Lb0ELb0EEEbEOT_RKT0_St17integral_constantIbLb1EE
                0x08002532       0x52 VisualGDB/Debug/hw_gpio_driver_stm32f4.o
                0x08002532                _ZNSt10_HashtableIN7Chimera4GPIO5DriveESt4pairIKS2_jESaIS5_ENSt8__detail10_Select1stESt8equal_toIS2_ESt4hashIS2_ENS7_18_Mod_range_hashingENS7_20_Default_ranged_hashENS7_20_Prime_rehash_policyENS7_17_Hashtable_traitsILb0ELb0ELb1EEEE9_M_insertIRKS5_NS7_10_AllocNodeISaINS7_10_Hash_nodeIS5_Lb0EEEEEEEES3_INS7_14_Node_iteratorIS5_Lb0ELb0EEEbEOT_RKT0_St17integral_constantIbLb1EE
 .text._ZNSt10_HashtableIN7Chimera4GPIO5DriveESt4pairIKS2_jESaIS5_ENSt8__detail10_Select1stESt8equal_toIS2_ESt4hashIS2_ENS7_18_Mod_range_hashingENS7_20_Default_ranged_hashENS7_20_Prime_rehash_policyENS7_17_Hashtable_traitsILb0ELb0ELb1EEEEC2IPKS5_EET_SM_jRKSC_RKSD_RKSE_RKSA_RKS8_RKS6_
                0x08002584       0x8a VisualGDB/Debug/hw_gpio_driver_stm32f4.o
                0x08002584                _ZNSt10_HashtableIN7Chimera4GPIO5DriveESt4pairIKS2_jESaIS5_ENSt8__detail10_Select1stESt8equal_toIS2_ESt4hashIS2_ENS7_18_Mod_range_hashingENS7_20_Default_ranged_hashENS7_20_Prime_rehash_policyENS7_17_Hashtable_traitsILb0ELb0ELb1EEEEC2IPKS5_EET_SM_jRKSC_RKSD_RKSE_RKSA_RKS8_RKS6_
                0x08002584                _ZNSt10_HashtableIN7Chimera4GPIO5DriveESt4pairIKS2_jESaIS5_ENSt8__detail10_Select1stESt8equal_toIS2_ESt4hashIS2_ENS7_18_Mod_range_hashingENS7_20_Default_ranged_hashENS7_20_Prime_rehash_policyENS7_17_Hashtable_traitsILb0ELb0ELb1EEEEC1IPKS5_EET_SM_jRKSC_RKSD_RKSE_RKSA_RKS8_RKS6_
 .text._ZNSt10_HashtableIN4Thor6Driver4GPIO5SpeedESt4pairIKS3_jESaIS6_ENSt8__detail10_Select1stESt8equal_toIS3_ESt4hashIS3_ENS8_18_Mod_range_hashingENS8_20_Default_ranged_hashENS8_20_Prime_rehash_policyENS8_17_Hashtable_traitsILb0ELb0ELb1EEEE13_M_rehash_auxEjSt17integral_constantIbLb1EE
                0x0800260e       0x7c VisualGDB/Debug/hw_gpio_driver_stm32f4.o
                0x0800260e                _ZNSt10_HashtableIN4Thor6Driver4GPIO5SpeedESt4pairIKS3_jESaIS6_ENSt8__detail10_Select1stESt8equal_toIS3_ESt4hashIS3_ENS8_18_Mod_range_hashingENS8_20_Default_ranged_hashENS8_20_Prime_rehash_policyENS8_17_Hashtable_traitsILb0ELb0ELb1EEEE13_M_rehash_auxEjSt17integral_constantIbLb1EE
 .text._ZNSt10_HashtableIN4Thor6Driver4GPIO5SpeedESt4pairIKS3_jESaIS6_ENSt8__detail10_Select1stESt8equal_toIS3_ESt4hashIS3_ENS8_18_Mod_range_hashingENS8_20_Default_ranged_hashENS8_20_Prime_rehash_policyENS8_17_Hashtable_traitsILb0ELb0ELb1EEEE9_M_rehashEjRKj
                0x0800268a        0xc VisualGDB/Debug/hw_gpio_driver_stm32f4.o
                0x0800268a                _ZNSt10_HashtableIN4Thor6Driver4GPIO5SpeedESt4pairIKS3_jESaIS6_ENSt8__detail10_Select1stESt8equal_toIS3_ESt4hashIS3_ENS8_18_Mod_range_hashingENS8_20_Default_ranged_hashENS8_20_Prime_rehash_policyENS8_17_Hashtable_traitsILb0ELb0ELb1EEEE9_M_rehashEjRKj
 .text._ZNSt10_HashtableIN4Thor6Driver4GPIO5SpeedESt4pairIKS3_jESaIS6_ENSt8__detail10_Select1stESt8equal_toIS3_ESt4hashIS3_ENS8_18_Mod_range_hashingENS8_20_Default_ranged_hashENS8_20_Prime_rehash_policyENS8_17_Hashtable_traitsILb0ELb0ELb1EEEE21_M_insert_unique_nodeEjjPNS8_10_Hash_nodeIS6_Lb0EEE
                0x08002696       0x54 VisualGDB/Debug/hw_gpio_driver_stm32f4.o
                0x08002696                _ZNSt10_HashtableIN4Thor6Driver4GPIO5SpeedESt4pairIKS3_jESaIS6_ENSt8__detail10_Select1stESt8equal_toIS3_ESt4hashIS3_ENS8_18_Mod_range_hashingENS8_20_Default_ranged_hashENS8_20_Prime_rehash_policyENS8_17_Hashtable_traitsILb0ELb0ELb1EEEE21_M_insert_unique_nodeEjjPNS8_10_Hash_nodeIS6_Lb0EEE
 .text._ZNSt10_HashtableIN4Thor6Driver4GPIO5SpeedESt4pairIKS3_jESaIS6_ENSt8__detail10_Select1stESt8equal_toIS3_ESt4hashIS3_ENS8_18_Mod_range_hashingENS8_20_Default_ranged_hashENS8_20_Prime_rehash_policyENS8_17_Hashtable_traitsILb0ELb0ELb1EEEE9_M_insertIRKS6_NS8_10_AllocNodeISaINS8_10_Hash_nodeIS6_Lb0EEEEEEEES4_INS8_14_Node_iteratorIS6_Lb0ELb0EEEbEOT_RKT0_St17integral_constantIbLb1EE
                0x080026ea       0x52 VisualGDB/Debug/hw_gpio_driver_stm32f4.o
                0x080026ea                _ZNSt10_HashtableIN4Thor6Driver4GPIO5SpeedESt4pairIKS3_jESaIS6_ENSt8__detail10_Select1stESt8equal_toIS3_ESt4hashIS3_ENS8_18_Mod_range_hashingENS8_20_Default_ranged_hashENS8_20_Prime_rehash_policyENS8_17_Hashtable_traitsILb0ELb0ELb1EEEE9_M_insertIRKS6_NS8_10_AllocNodeISaINS8_10_Hash_nodeIS6_Lb0EEEEEEEES4_INS8_14_Node_iteratorIS6_Lb0ELb0EEEbEOT_RKT0_St17integral_constantIbLb1EE
 .text._ZNSt10_HashtableIN4Thor6Driver4GPIO5SpeedESt4pairIKS3_jESaIS6_ENSt8__detail10_Select1stESt8equal_toIS3_ESt4hashIS3_ENS8_18_Mod_range_hashingENS8_20_Default_ranged_hashENS8_20_Prime_rehash_policyENS8_17_Hashtable_traitsILb0ELb0ELb1EEEEC2IPKS6_EET_SN_jRKSD_RKSE_RKSF_RKSB_RKS9_RKS7_
                0x0800273c       0x8a VisualGDB/Debug/hw_gpio_driver_stm32f4.o
                0x0800273c                _ZNSt10_HashtableIN4Thor6Driver4GPIO5SpeedESt4pairIKS3_jESaIS6_ENSt8__detail10_Select1stESt8equal_toIS3_ESt4hashIS3_ENS8_18_Mod_range_hashingENS8_20_Default_ranged_hashENS8_20_Prime_rehash_policyENS8_17_Hashtable_traitsILb0ELb0ELb1EEEEC1IPKS6_EET_SN_jRKSD_RKSE_RKSF_RKSB_RKS9_RKS7_
                0x0800273c                _ZNSt10_HashtableIN4Thor6Driver4GPIO5SpeedESt4pairIKS3_jESaIS6_ENSt8__detail10_Select1stESt8equal_toIS3_ESt4hashIS3_ENS8_18_Mod_range_hashingENS8_20_Default_ranged_hashENS8_20_Prime_rehash_policyENS8_17_Hashtable_traitsILb0ELb0ELb1EEEEC2IPKS6_EET_SN_jRKSD_RKSE_RKSF_RKSB_RKS9_RKS7_
 .text._ZNSt10_HashtableIN7Chimera4GPIO4PortESt4pairIKS2_hESaIS5_ENSt8__detail10_Select1stESt8equal_toIS2_ESt4hashIS2_ENS7_18_Mod_range_hashingENS7_20_Default_ranged_hashENS7_20_Prime_rehash_policyENS7_17_Hashtable_traitsILb0ELb0ELb1EEEE13_M_rehash_auxEjSt17integral_constantIbLb1EE
                0x080027c6       0x7c VisualGDB/Debug/hw_gpio_driver_stm32f4.o
                0x080027c6                _ZNSt10_HashtableIN7Chimera4GPIO4PortESt4pairIKS2_hESaIS5_ENSt8__detail10_Select1stESt8equal_toIS2_ESt4hashIS2_ENS7_18_Mod_range_hashingENS7_20_Default_ranged_hashENS7_20_Prime_rehash_policyENS7_17_Hashtable_traitsILb0ELb0ELb1EEEE13_M_rehash_auxEjSt17integral_constantIbLb1EE
 .text._ZNSt10_HashtableIN7Chimera4GPIO4PortESt4pairIKS2_hESaIS5_ENSt8__detail10_Select1stESt8equal_toIS2_ESt4hashIS2_ENS7_18_Mod_range_hashingENS7_20_Default_ranged_hashENS7_20_Prime_rehash_policyENS7_17_Hashtable_traitsILb0ELb0ELb1EEEE9_M_rehashEjRKj
                0x08002842        0xc VisualGDB/Debug/hw_gpio_driver_stm32f4.o
                0x08002842                _ZNSt10_HashtableIN7Chimera4GPIO4PortESt4pairIKS2_hESaIS5_ENSt8__detail10_Select1stESt8equal_toIS2_ESt4hashIS2_ENS7_18_Mod_range_hashingENS7_20_Default_ranged_hashENS7_20_Prime_rehash_policyENS7_17_Hashtable_traitsILb0ELb0ELb1EEEE9_M_rehashEjRKj
 .text._ZNSt10_HashtableIN7Chimera4GPIO4PortESt4pairIKS2_hESaIS5_ENSt8__detail10_Select1stESt8equal_toIS2_ESt4hashIS2_ENS7_18_Mod_range_hashingENS7_20_Default_ranged_hashENS7_20_Prime_rehash_policyENS7_17_Hashtable_traitsILb0ELb0ELb1EEEE21_M_insert_unique_nodeEjjPNS7_10_Hash_nodeIS5_Lb0EEE
                0x0800284e       0x54 VisualGDB/Debug/hw_gpio_driver_stm32f4.o
                0x0800284e                _ZNSt10_HashtableIN7Chimera4GPIO4PortESt4pairIKS2_hESaIS5_ENSt8__detail10_Select1stESt8equal_toIS2_ESt4hashIS2_ENS7_18_Mod_range_hashingENS7_20_Default_ranged_hashENS7_20_Prime_rehash_policyENS7_17_Hashtable_traitsILb0ELb0ELb1EEEE21_M_insert_unique_nodeEjjPNS7_10_Hash_nodeIS5_Lb0EEE
 .text._ZNSt10_HashtableIN7Chimera4GPIO4PortESt4pairIKS2_hESaIS5_ENSt8__detail10_Select1stESt8equal_toIS2_ESt4hashIS2_ENS7_18_Mod_range_hashingENS7_20_Default_ranged_hashENS7_20_Prime_rehash_policyENS7_17_Hashtable_traitsILb0ELb0ELb1EEEE9_M_insertIRKS5_NS7_10_AllocNodeISaINS7_10_Hash_nodeIS5_Lb0EEEEEEEES3_INS7_14_Node_iteratorIS5_Lb0ELb0EEEbEOT_RKT0_St17integral_constantIbLb1EE
                0x080028a2       0x52 VisualGDB/Debug/hw_gpio_driver_stm32f4.o
                0x080028a2                _ZNSt10_HashtableIN7Chimera4GPIO4PortESt4pairIKS2_hESaIS5_ENSt8__detail10_Select1stESt8equal_toIS2_ESt4hashIS2_ENS7_18_Mod_range_hashingENS7_20_Default_ranged_hashENS7_20_Prime_rehash_policyENS7_17_Hashtable_traitsILb0ELb0ELb1EEEE9_M_insertIRKS5_NS7_10_AllocNodeISaINS7_10_Hash_nodeIS5_Lb0EEEEEEEES3_INS7_14_Node_iteratorIS5_Lb0ELb0EEEbEOT_RKT0_St17integral_constantIbLb1EE
 .text._ZNSt10_HashtableIN7Chimera4GPIO4PortESt4pairIKS2_hESaIS5_ENSt8__detail10_Select1stESt8equal_toIS2_ESt4hashIS2_ENS7_18_Mod_range_hashingENS7_20_Default_ranged_hashENS7_20_Prime_rehash_policyENS7_17_Hashtable_traitsILb0ELb0ELb1EEEEC2IPKS5_EET_SM_jRKSC_RKSD_RKSE_RKSA_RKS8_RKS6_
                0x080028f4       0x8a VisualGDB/Debug/hw_gpio_driver_stm32f4.o
                0x080028f4                _ZNSt10_HashtableIN7Chimera4GPIO4PortESt4pairIKS2_hESaIS5_ENSt8__detail10_Select1stESt8equal_toIS2_ESt4hashIS2_ENS7_18_Mod_range_hashingENS7_20_Default_ranged_hashENS7_20_Prime_rehash_policyENS7_17_Hashtable_traitsILb0ELb0ELb1EEEEC2IPKS5_EET_SM_jRKSC_RKSD_RKSE_RKSA_RKS8_RKS6_
                0x080028f4                _ZNSt10_HashtableIN7Chimera4GPIO4PortESt4pairIKS2_hESaIS5_ENSt8__detail10_Select1stESt8equal_toIS2_ESt4hashIS2_ENS7_18_Mod_range_hashingENS7_20_Default_ranged_hashENS7_20_Prime_rehash_policyENS7_17_Hashtable_traitsILb0ELb0ELb1EEEEC1IPKS5_EET_SM_jRKSC_RKSD_RKSE_RKSA_RKS8_RKS6_
 .text._ZNSt10_HashtableIjSt4pairIKjN7Chimera4GPIO4PortEESaIS5_ENSt8__detail10_Select1stESt8equal_toIjESt4hashIjENS7_18_Mod_range_hashingENS7_20_Default_ranged_hashENS7_20_Prime_rehash_policyENS7_17_Hashtable_traitsILb0ELb0ELb1EEEE13_M_rehash_auxEjSt17integral_constantIbLb1EE
                0x0800297e       0x7c VisualGDB/Debug/hw_gpio_driver_stm32f4.o
                0x0800297e                _ZNSt10_HashtableIjSt4pairIKjN7Chimera4GPIO4PortEESaIS5_ENSt8__detail10_Select1stESt8equal_toIjESt4hashIjENS7_18_Mod_range_hashingENS7_20_Default_ranged_hashENS7_20_Prime_rehash_policyENS7_17_Hashtable_traitsILb0ELb0ELb1EEEE13_M_rehash_auxEjSt17integral_constantIbLb1EE
 .text._ZNSt10_HashtableIjSt4pairIKjN7Chimera4GPIO4PortEESaIS5_ENSt8__detail10_Select1stESt8equal_toIjESt4hashIjENS7_18_Mod_range_hashingENS7_20_Default_ranged_hashENS7_20_Prime_rehash_policyENS7_17_Hashtable_traitsILb0ELb0ELb1EEEE9_M_rehashEjRS1_
                0x080029fa        0xc VisualGDB/Debug/hw_gpio_driver_stm32f4.o
                0x080029fa                _ZNSt10_HashtableIjSt4pairIKjN7Chimera4GPIO4PortEESaIS5_ENSt8__detail10_Select1stESt8equal_toIjESt4hashIjENS7_18_Mod_range_hashingENS7_20_Default_ranged_hashENS7_20_Prime_rehash_policyENS7_17_Hashtable_traitsILb0ELb0ELb1EEEE9_M_rehashEjRS1_
 .text._ZNSt10_HashtableIjSt4pairIKjN7Chimera4GPIO4PortEESaIS5_ENSt8__detail10_Select1stESt8equal_toIjESt4hashIjENS7_18_Mod_range_hashingENS7_20_Default_ranged_hashENS7_20_Prime_rehash_policyENS7_17_Hashtable_traitsILb0ELb0ELb1EEEE21_M_insert_unique_nodeEjjPNS7_10_Hash_nodeIS5_Lb0EEE
                0x08002a06       0x54 VisualGDB/Debug/hw_gpio_driver_stm32f4.o
                0x08002a06                _ZNSt10_HashtableIjSt4pairIKjN7Chimera4GPIO4PortEESaIS5_ENSt8__detail10_Select1stESt8equal_toIjESt4hashIjENS7_18_Mod_range_hashingENS7_20_Default_ranged_hashENS7_20_Prime_rehash_policyENS7_17_Hashtable_traitsILb0ELb0ELb1EEEE21_M_insert_unique_nodeEjjPNS7_10_Hash_nodeIS5_Lb0EEE
 .text._ZNSt10_HashtableIjSt4pairIKjN7Chimera4GPIO4PortEESaIS5_ENSt8__detail10_Select1stESt8equal_toIjESt4hashIjENS7_18_Mod_range_hashingENS7_20_Default_ranged_hashENS7_20_Prime_rehash_policyENS7_17_Hashtable_traitsILb0ELb0ELb1EEEE9_M_insertIRKS5_NS7_10_AllocNodeISaINS7_10_Hash_nodeIS5_Lb0EEEEEEEES0_INS7_14_Node_iteratorIS5_Lb0ELb0EEEbEOT_RKT0_St17integral_constantIbLb1EE
                0x08002a5a       0x52 VisualGDB/Debug/hw_gpio_driver_stm32f4.o
                0x08002a5a                _ZNSt10_HashtableIjSt4pairIKjN7Chimera4GPIO4PortEESaIS5_ENSt8__detail10_Select1stESt8equal_toIjESt4hashIjENS7_18_Mod_range_hashingENS7_20_Default_ranged_hashENS7_20_Prime_rehash_policyENS7_17_Hashtable_traitsILb0ELb0ELb1EEEE9_M_insertIRKS5_NS7_10_AllocNodeISaINS7_10_Hash_nodeIS5_Lb0EEEEEEEES0_INS7_14_Node_iteratorIS5_Lb0ELb0EEEbEOT_RKT0_St17integral_constantIbLb1EE
 .text._ZNSt10_HashtableIjSt4pairIKjN7Chimera4GPIO4PortEESaIS5_ENSt8__detail10_Select1stESt8equal_toIjESt4hashIjENS7_18_Mod_range_hashingENS7_20_Default_ranged_hashENS7_20_Prime_rehash_policyENS7_17_Hashtable_traitsILb0ELb0ELb1EEEEC2IPKS5_EET_SM_jRKSC_RKSD_RKSE_RKSA_RKS8_RKS6_
                0x08002aac       0x8a VisualGDB/Debug/hw_gpio_driver_stm32f4.o
                0x08002aac                _ZNSt10_HashtableIjSt4pairIKjN7Chimera4GPIO4PortEESaIS5_ENSt8__detail10_Select1stESt8equal_toIjESt4hashIjENS7_18_Mod_range_hashingENS7_20_Default_ranged_hashENS7_20_Prime_rehash_policyENS7_17_Hashtable_traitsILb0ELb0ELb1EEEEC2IPKS5_EET_SM_jRKSC_RKSD_RKSE_RKSA_RKS8_RKS6_
                0x08002aac                _ZNSt10_HashtableIjSt4pairIKjN7Chimera4GPIO4PortEESaIS5_ENSt8__detail10_Select1stESt8equal_toIjESt4hashIjENS7_18_Mod_range_hashingENS7_20_Default_ranged_hashENS7_20_Prime_rehash_policyENS7_17_Hashtable_traitsILb0ELb0ELb1EEEEC1IPKS5_EET_SM_jRKSC_RKSD_RKSE_RKSA_RKS8_RKS6_
 .text._ZNSt10_HashtableIN7Chimera4GPIO4PortESt4pairIKS2_KPVN4Thor6Driver4GPIO11RegisterMapEESaISC_ENSt8__detail10_Select1stESt8equal_toIS2_ESt4hashIS2_ENSE_18_Mod_range_hashingENSE_20_Default_ranged_hashENSE_20_Prime_rehash_policyENSE_17_Hashtable_traitsILb0ELb0ELb1EEEE13_M_rehash_auxEjSt17integral_constantIbLb1EE
                0x08002b36       0x7c VisualGDB/Debug/hw_gpio_driver_stm32f4.o
                0x08002b36                _ZNSt10_HashtableIN7Chimera4GPIO4PortESt4pairIKS2_KPVN4Thor6Driver4GPIO11RegisterMapEESaISC_ENSt8__detail10_Select1stESt8equal_toIS2_ESt4hashIS2_ENSE_18_Mod_range_hashingENSE_20_Default_ranged_hashENSE_20_Prime_rehash_policyENSE_17_Hashtable_traitsILb0ELb0ELb1EEEE13_M_rehash_auxEjSt17integral_constantIbLb1EE
 .text._ZNSt10_HashtableIN7Chimera4GPIO4PortESt4pairIKS2_KPVN4Thor6Driver4GPIO11RegisterMapEESaISC_ENSt8__detail10_Select1stESt8equal_toIS2_ESt4hashIS2_ENSE_18_Mod_range_hashingENSE_20_Default_ranged_hashENSE_20_Prime_rehash_policyENSE_17_Hashtable_traitsILb0ELb0ELb1EEEE9_M_rehashEjRKj
                0x08002bb2        0xc VisualGDB/Debug/hw_gpio_driver_stm32f4.o
                0x08002bb2                _ZNSt10_HashtableIN7Chimera4GPIO4PortESt4pairIKS2_KPVN4Thor6Driver4GPIO11RegisterMapEESaISC_ENSt8__detail10_Select1stESt8equal_toIS2_ESt4hashIS2_ENSE_18_Mod_range_hashingENSE_20_Default_ranged_hashENSE_20_Prime_rehash_policyENSE_17_Hashtable_traitsILb0ELb0ELb1EEEE9_M_rehashEjRKj
 .text._ZNSt10_HashtableIN7Chimera4GPIO4PortESt4pairIKS2_KPVN4Thor6Driver4GPIO11RegisterMapEESaISC_ENSt8__detail10_Select1stESt8equal_toIS2_ESt4hashIS2_ENSE_18_Mod_range_hashingENSE_20_Default_ranged_hashENSE_20_Prime_rehash_policyENSE_17_Hashtable_traitsILb0ELb0ELb1EEEE21_M_insert_unique_nodeEjjPNSE_10_Hash_nodeISC_Lb0EEE
                0x08002bbe       0x54 VisualGDB/Debug/hw_gpio_driver_stm32f4.o
                0x08002bbe                _ZNSt10_HashtableIN7Chimera4GPIO4PortESt4pairIKS2_KPVN4Thor6Driver4GPIO11RegisterMapEESaISC_ENSt8__detail10_Select1stESt8equal_toIS2_ESt4hashIS2_ENSE_18_Mod_range_hashingENSE_20_Default_ranged_hashENSE_20_Prime_rehash_policyENSE_17_Hashtable_traitsILb0ELb0ELb1EEEE21_M_insert_unique_nodeEjjPNSE_10_Hash_nodeISC_Lb0EEE
 .text._ZNSt10_HashtableIN7Chimera4GPIO4PortESt4pairIKS2_KPVN4Thor6Driver4GPIO11RegisterMapEESaISC_ENSt8__detail10_Select1stESt8equal_toIS2_ESt4hashIS2_ENSE_18_Mod_range_hashingENSE_20_Default_ranged_hashENSE_20_Prime_rehash_policyENSE_17_Hashtable_traitsILb0ELb0ELb1EEEE9_M_insertIRKSC_NSE_10_AllocNodeISaINSE_10_Hash_nodeISC_Lb0EEEEEEEES3_INSE_14_Node_iteratorISC_Lb0ELb0EEEbEOT_RKT0_St17integral_constantIbLb1EE
                0x08002c12       0x52 VisualGDB/Debug/hw_gpio_driver_stm32f4.o
                0x08002c12                _ZNSt10_HashtableIN7Chimera4GPIO4PortESt4pairIKS2_KPVN4Thor6Driver4GPIO11RegisterMapEESaISC_ENSt8__detail10_Select1stESt8equal_toIS2_ESt4hashIS2_ENSE_18_Mod_range_hashingENSE_20_Default_ranged_hashENSE_20_Prime_rehash_policyENSE_17_Hashtable_traitsILb0ELb0ELb1EEEE9_M_insertIRKSC_NSE_10_AllocNodeISaINSE_10_Hash_nodeISC_Lb0EEEEEEEES3_INSE_14_Node_iteratorISC_Lb0ELb0EEEbEOT_RKT0_St17integral_constantIbLb1EE
 .text._ZNSt10_HashtableIN7Chimera4GPIO4PortESt4pairIKS2_KPVN4Thor6Driver4GPIO11RegisterMapEESaISC_ENSt8__detail10_Select1stESt8equal_toIS2_ESt4hashIS2_ENSE_18_Mod_range_hashingENSE_20_Default_ranged_hashENSE_20_Prime_rehash_policyENSE_17_Hashtable_traitsILb0ELb0ELb1EEEEC2IPKSC_EET_ST_jRKSJ_RKSK_RKSL_RKSH_RKSF_RKSD_
                0x08002c64       0x8a VisualGDB/Debug/hw_gpio_driver_stm32f4.o
                0x08002c64                _ZNSt10_HashtableIN7Chimera4GPIO4PortESt4pairIKS2_KPVN4Thor6Driver4GPIO11RegisterMapEESaISC_ENSt8__detail10_Select1stESt8equal_toIS2_ESt4hashIS2_ENSE_18_Mod_range_hashingENSE_20_Default_ranged_hashENSE_20_Prime_rehash_policyENSE_17_Hashtable_traitsILb0ELb0ELb1EEEEC1IPKSC_EET_ST_jRKSJ_RKSK_RKSL_RKSH_RKSF_RKSD_
                0x08002c64                _ZNSt10_HashtableIN7Chimera4GPIO4PortESt4pairIKS2_KPVN4Thor6Driver4GPIO11RegisterMapEESaISC_ENSt8__detail10_Select1stESt8equal_toIS2_ESt4hashIS2_ENSE_18_Mod_range_hashingENSE_20_Default_ranged_hashENSE_20_Prime_rehash_policyENSE_17_Hashtable_traitsILb0ELb0ELb1EEEEC2IPKSC_EET_ST_jRKSJ_RKSK_RKSL_RKSH_RKSF_RKSD_
 *fill*         0x08002cee        0x2 
 .text._Z41__static_initialization_and_destruction_0ii
                0x08002cf0      0x2d0 VisualGDB/Debug/hw_gpio_driver_stm32f4.o
 .text._GLOBAL__sub_I__ZN4Thor6Driver4GPIO10DriverBareC2Ev
                0x08002fc0        0xe VisualGDB/Debug/hw_gpio_driver_stm32f4.o
 *fill*         0x08002fce        0x2 
 .text._ZN4Thor6Driver3RCCL10HCLKConfigEPKNS1_9ClockInitE
                0x08002fd0       0x3c VisualGDB/Debug/hw_rcc_driver_stm32f4.o
 .text._ZN4Thor6Driver3RCCL18UpdateFlashLatencyEm
                0x0800300c       0x24 VisualGDB/Debug/hw_rcc_driver_stm32f4.o
 .text._ZN4Thor6Driver3RCC11SystemClockD2Ev
                0x08003030        0x2 VisualGDB/Debug/hw_rcc_driver_stm32f4.o
                0x08003030                _ZN4Thor6Driver3RCC11SystemClockD2Ev
                0x08003030                _ZN4Thor6Driver3RCC11SystemClockD1Ev
 .text._ZN4Thor6Driver3RCC11SystemClock14setPeriphClockEN7Chimera10Peripheral4TypeEj
                0x08003032        0x4 VisualGDB/Debug/hw_rcc_driver_stm32f4.o
                0x08003032                _ZN4Thor6Driver3RCC11SystemClock14setPeriphClockEN7Chimera10Peripheral4TypeEj
 .text._ZN4Thor6Driver3RCC11SystemClock12setCoreClockEj
                0x08003036        0x4 VisualGDB/Debug/hw_rcc_driver_stm32f4.o
                0x08003036                _ZN4Thor6Driver3RCC11SystemClock12setCoreClockEj
 .text._ZN4Thor6Driver3RCC11SystemClock18setCoreClockSourceENS_5Clock6SourceE
                0x0800303a        0x4 VisualGDB/Debug/hw_rcc_driver_stm32f4.o
                0x0800303a                _ZN4Thor6Driver3RCC11SystemClock18setCoreClockSourceENS_5Clock6SourceE
 .text._ZN4Thor6Driver3RCC11SystemClock18getCoreClockSourceEv
                0x0800303e        0x4 VisualGDB/Debug/hw_rcc_driver_stm32f4.o
                0x0800303e                _ZN4Thor6Driver3RCC11SystemClock18getCoreClockSourceEv
 .text._ZN4Thor6Driver3RCC11SystemClock14getPeriphClockEN7Chimera10Peripheral4TypeE
                0x08003042        0x4 VisualGDB/Debug/hw_rcc_driver_stm32f4.o
                0x08003042                _ZN4Thor6Driver3RCC11SystemClock14getPeriphClockEN7Chimera10Peripheral4TypeE
 .text._ZN4Thor6Driver3RCC10GPIOPeriph7getTypeEv
                0x08003046        0x4 VisualGDB/Debug/hw_rcc_driver_stm32f4.o
                0x08003046                _ZN4Thor6Driver3RCC10GPIOPeriph7getTypeEv
 .text._ZN4Thor6Driver3RCC10GPIOPeriph4initEv
                0x0800304a        0x4 VisualGDB/Debug/hw_rcc_driver_stm32f4.o
                0x0800304a                _ZN4Thor6Driver3RCC10GPIOPeriph4initEv
 *fill*         0x0800304e        0x2 
 .text._ZN4Thor6Driver3RCC10GPIOPeriph5resetEj
                0x08003050       0x2c VisualGDB/Debug/hw_rcc_driver_stm32f4.o
                0x08003050                _ZN4Thor6Driver3RCC10GPIOPeriph5resetEj
 .text._ZN4Thor6Driver3RCC10GPIOPeriph11enableClockEj
                0x0800307c       0x24 VisualGDB/Debug/hw_rcc_driver_stm32f4.o
                0x0800307c                _ZN4Thor6Driver3RCC10GPIOPeriph11enableClockEj
 .text._ZN4Thor6Driver3RCC10GPIOPeriph12disableClockEj
                0x080030a0       0x28 VisualGDB/Debug/hw_rcc_driver_stm32f4.o
                0x080030a0                _ZN4Thor6Driver3RCC10GPIOPeriph12disableClockEj
 .text._ZN4Thor6Driver3RCC10GPIOPeriph19enableClockLowPowerEj
                0x080030c8       0x24 VisualGDB/Debug/hw_rcc_driver_stm32f4.o
                0x080030c8                _ZN4Thor6Driver3RCC10GPIOPeriph19enableClockLowPowerEj
 .text._ZN4Thor6Driver3RCC10GPIOPeriph20disableClockLowPowerEj
                0x080030ec       0x28 VisualGDB/Debug/hw_rcc_driver_stm32f4.o
                0x080030ec                _ZN4Thor6Driver3RCC10GPIOPeriph20disableClockLowPowerEj
 .text._ZN4Thor6Driver3RCC11SystemClockD0Ev
                0x08003114        0xe VisualGDB/Debug/hw_rcc_driver_stm32f4.o
                0x08003114                _ZN4Thor6Driver3RCC11SystemClockD0Ev
 *fill*         0x08003122        0x2 
 .text._ZN4Thor6Driver3RCCL19PLLOscillatorConfigEPKNS1_14OscillatorInitE
                0x08003124       0xa8 VisualGDB/Debug/hw_rcc_driver_stm32f4.o
 .text._ZN4Thor6Driver3RCCL16OscillatorConfigEPNS1_14OscillatorInitE
                0x080031cc      0x15c VisualGDB/Debug/hw_rcc_driver_stm32f4.o
 .text._ZN4Thor6Driver3RCCL12SYSCLKConfigEPKNS1_9ClockInitE
                0x08003328       0x7c VisualGDB/Debug/hw_rcc_driver_stm32f4.o
 .text._ZN4Thor6Driver3RCC10GPIOPeriphD2Ev
                0x080033a4       0x28 VisualGDB/Debug/hw_rcc_driver_stm32f4.o
                0x080033a4                _ZN4Thor6Driver3RCC10GPIOPeriphD2Ev
                0x080033a4                _ZN4Thor6Driver3RCC10GPIOPeriphD1Ev
 .text._ZN4Thor6Driver3RCC10GPIOPeriphD0Ev
                0x080033cc       0x14 VisualGDB/Debug/hw_rcc_driver_stm32f4.o
                0x080033cc                _ZN4Thor6Driver3RCC10GPIOPeriphD0Ev
 .text._ZN4Thor6Driver3RCC14prjGetHSIValueEv
                0x080033e0        0x8 VisualGDB/Debug/hw_rcc_driver_stm32f4.o
                0x080033e0                _ZN4Thor6Driver3RCC14prjGetHSIValueEv
 .text._ZN4Thor6Driver3RCC14prjGetHSEValueEv
                0x080033e8        0x8 VisualGDB/Debug/hw_rcc_driver_stm32f4.o
                0x080033e8                _ZN4Thor6Driver3RCC14prjGetHSEValueEv
 .text._ZN4Thor6Driver3RCC18prjGetSysClockFreqEv
                0x080033f0       0x6c VisualGDB/Debug/hw_rcc_driver_stm32f4.o
                0x080033f0                _ZN4Thor6Driver3RCC18prjGetSysClockFreqEv
 .text._ZN4Thor6Driver3RCCL11ClockConfigEPKNS1_9ClockInitE
                0x0800345c       0x7c VisualGDB/Debug/hw_rcc_driver_stm32f4.o
 .text._ZN4Thor6Driver3RCC11SystemClock12getCoreClockEv
                0x080034d8        0x8 VisualGDB/Debug/hw_rcc_driver_stm32f4.o
                0x080034d8                _ZN4Thor6Driver3RCC11SystemClock12getCoreClockEv
 .text._ZN4Thor6Driver3RCC22prjGetOscillatorConfigEv
                0x080034e0       0x2e VisualGDB/Debug/hw_rcc_driver_stm32f4.o
                0x080034e0                _ZN4Thor6Driver3RCC22prjGetOscillatorConfigEv
 .text._ZN4Thor6Driver3RCC17prjGetClockConfigEv
                0x0800350e       0x1e VisualGDB/Debug/hw_rcc_driver_stm32f4.o
                0x0800350e                _ZN4Thor6Driver3RCC17prjGetClockConfigEv
 .text._ZN4Thor6Driver3RCC11SystemClock22configureProjectClocksEv
                0x0800352c       0x3c VisualGDB/Debug/hw_rcc_driver_stm32f4.o
                0x0800352c                _ZN4Thor6Driver3RCC11SystemClock22configureProjectClocksEv
 .text._ZN4Thor6Driver3RCC4initEv
                0x08003568       0x18 VisualGDB/Debug/hw_rcc_driver_stm32f4.o
                0x08003568                _ZN4Thor6Driver3RCC4initEv
 .text._ZN4Thor6Driver3RCC11SystemClockC2Ev
                0x08003580       0x14 VisualGDB/Debug/hw_rcc_driver_stm32f4.o
                0x08003580                _ZN4Thor6Driver3RCC11SystemClockC2Ev
                0x08003580                _ZN4Thor6Driver3RCC11SystemClockC1Ev
 .text._ZN4Thor6Driver3RCC11SystemClock3getEv
                0x08003594       0x28 VisualGDB/Debug/hw_rcc_driver_stm32f4.o
                0x08003594                _ZN4Thor6Driver3RCC11SystemClock3getEv
 .text._ZNKSt10_HashtableIN7Chimera10Peripheral4TypeESt4pairIKS2_hESaIS5_ENSt8__detail10_Select1stESt8equal_toIS2_ESt4hashIS2_ENS7_18_Mod_range_hashingENS7_20_Default_ranged_hashENS7_20_Prime_rehash_policyENS7_17_Hashtable_traitsILb0ELb0ELb1EEEE19_M_find_before_nodeEjRS4_j
                0x080035bc       0x3c VisualGDB/Debug/hw_rcc_driver_stm32f4.o
                0x080035bc                _ZNKSt10_HashtableIN7Chimera10Peripheral4TypeESt4pairIKS2_hESaIS5_ENSt8__detail10_Select1stESt8equal_toIS2_ESt4hashIS2_ENS7_18_Mod_range_hashingENS7_20_Default_ranged_hashENS7_20_Prime_rehash_policyENS7_17_Hashtable_traitsILb0ELb0ELb1EEEE19_M_find_before_nodeEjRS4_j
 .text._ZNKSt10_HashtableIN7Chimera10Peripheral4TypeESt4pairIKS2_hESaIS5_ENSt8__detail10_Select1stESt8equal_toIS2_ESt4hashIS2_ENS7_18_Mod_range_hashingENS7_20_Default_ranged_hashENS7_20_Prime_rehash_policyENS7_17_Hashtable_traitsILb0ELb0ELb1EEEE4findERS4_
                0x080035f8       0x20 VisualGDB/Debug/hw_rcc_driver_stm32f4.o
                0x080035f8                _ZNKSt10_HashtableIN7Chimera10Peripheral4TypeESt4pairIKS2_hESaIS5_ENSt8__detail10_Select1stESt8equal_toIS2_ESt4hashIS2_ENS7_18_Mod_range_hashingENS7_20_Default_ranged_hashENS7_20_Prime_rehash_policyENS7_17_Hashtable_traitsILb0ELb0ELb1EEEE4findERS4_
 .text._ZN4Thor6Driver3RCC10GPIOPeriphC2Ev
                0x08003618       0x38 VisualGDB/Debug/hw_rcc_driver_stm32f4.o
                0x08003618                _ZN4Thor6Driver3RCC10GPIOPeriphC1Ev
                0x08003618                _ZN4Thor6Driver3RCC10GPIOPeriphC2Ev
 .text._ZN4Thor6Driver3RCC10GPIOPeriph3getEv
                0x08003650       0x50 VisualGDB/Debug/hw_rcc_driver_stm32f4.o
                0x08003650                _ZN4Thor6Driver3RCC10GPIOPeriph3getEv
 .text._ZN4Thor6Driver3RCC10GPIOPeriph14getPeriphIndexEPKv
                0x080036a0       0x20 VisualGDB/Debug/hw_rcc_driver_stm32f4.o
                0x080036a0                _ZN4Thor6Driver3RCC10GPIOPeriph14getPeriphIndexEPKv
 .text._ZNKSt10_HashtableIjSt4pairIKjjESaIS2_ENSt8__detail10_Select1stESt8equal_toIjESt4hashIjENS4_18_Mod_range_hashingENS4_20_Default_ranged_hashENS4_20_Prime_rehash_policyENS4_17_Hashtable_traitsILb0ELb0ELb1EEEE19_M_find_before_nodeEjRS1_j
                0x080036c0       0x3c VisualGDB/Debug/hw_rcc_driver_stm32f4.o
                0x080036c0                _ZNKSt10_HashtableIjSt4pairIKjjESaIS2_ENSt8__detail10_Select1stESt8equal_toIjESt4hashIjENS4_18_Mod_range_hashingENS4_20_Default_ranged_hashENS4_20_Prime_rehash_policyENS4_17_Hashtable_traitsILb0ELb0ELb1EEEE19_M_find_before_nodeEjRS1_j
 .text._ZNSt8__detail16_Hashtable_allocISaINS_10_Hash_nodeISt4pairIKN7Chimera10Peripheral4TypeEhELb0EEEEE19_M_allocate_bucketsEj
                0x080036fc       0x22 VisualGDB/Debug/hw_rcc_driver_stm32f4.o
                0x080036fc                _ZNSt8__detail16_Hashtable_allocISaINS_10_Hash_nodeISt4pairIKN7Chimera10Peripheral4TypeEhELb0EEEEE19_M_allocate_bucketsEj
 .text._ZNSt8__detail16_Hashtable_allocISaINS_10_Hash_nodeISt4pairIKN7Chimera10Peripheral4TypeEhELb0EEEEE18_M_deallocate_nodeEPS8_
                0x0800371e        0xa VisualGDB/Debug/hw_rcc_driver_stm32f4.o
                0x0800371e                _ZNSt8__detail16_Hashtable_allocISaINS_10_Hash_nodeISt4pairIKN7Chimera10Peripheral4TypeEhELb0EEEEE18_M_deallocate_nodeEPS8_
 .text._ZNSt8__detail16_Hashtable_allocISaINS_10_Hash_nodeISt4pairIKN7Chimera10Peripheral4TypeEhELb0EEEEE19_M_deallocate_nodesEPS8_
                0x08003728       0x14 VisualGDB/Debug/hw_rcc_driver_stm32f4.o
                0x08003728                _ZNSt8__detail16_Hashtable_allocISaINS_10_Hash_nodeISt4pairIKN7Chimera10Peripheral4TypeEhELb0EEEEE19_M_deallocate_nodesEPS8_
 .text._ZNSt10_HashtableIN7Chimera10Peripheral4TypeESt4pairIKS2_hESaIS5_ENSt8__detail10_Select1stESt8equal_toIS2_ESt4hashIS2_ENS7_18_Mod_range_hashingENS7_20_Default_ranged_hashENS7_20_Prime_rehash_policyENS7_17_Hashtable_traitsILb0ELb0ELb1EEEE5clearEv
                0x0800373c       0x1e VisualGDB/Debug/hw_rcc_driver_stm32f4.o
                0x0800373c                _ZNSt10_HashtableIN7Chimera10Peripheral4TypeESt4pairIKS2_hESaIS5_ENSt8__detail10_Select1stESt8equal_toIS2_ESt4hashIS2_ENS7_18_Mod_range_hashingENS7_20_Default_ranged_hashENS7_20_Prime_rehash_policyENS7_17_Hashtable_traitsILb0ELb0ELb1EEEE5clearEv
 .text._ZNSt8__detail16_Hashtable_allocISaINS_10_Hash_nodeISt4pairIKN7Chimera10Peripheral4TypeEhELb0EEEEE21_M_deallocate_bucketsEPPNS_15_Hash_node_baseEj
                0x0800375a        0xa VisualGDB/Debug/hw_rcc_driver_stm32f4.o
                0x0800375a                _ZNSt8__detail16_Hashtable_allocISaINS_10_Hash_nodeISt4pairIKN7Chimera10Peripheral4TypeEhELb0EEEEE21_M_deallocate_bucketsEPPNS_15_Hash_node_baseEj
 .text._ZNSt10_HashtableIN7Chimera10Peripheral4TypeESt4pairIKS2_hESaIS5_ENSt8__detail10_Select1stESt8equal_toIS2_ESt4hashIS2_ENS7_18_Mod_range_hashingENS7_20_Default_ranged_hashENS7_20_Prime_rehash_policyENS7_17_Hashtable_traitsILb0ELb0ELb1EEEED2Ev
                0x08003764       0x1e VisualGDB/Debug/hw_rcc_driver_stm32f4.o
                0x08003764                _ZNSt10_HashtableIN7Chimera10Peripheral4TypeESt4pairIKS2_hESaIS5_ENSt8__detail10_Select1stESt8equal_toIS2_ESt4hashIS2_ENS7_18_Mod_range_hashingENS7_20_Default_ranged_hashENS7_20_Prime_rehash_policyENS7_17_Hashtable_traitsILb0ELb0ELb1EEEED1Ev
                0x08003764                _ZNSt10_HashtableIN7Chimera10Peripheral4TypeESt4pairIKS2_hESaIS5_ENSt8__detail10_Select1stESt8equal_toIS2_ESt4hashIS2_ENS7_18_Mod_range_hashingENS7_20_Default_ranged_hashENS7_20_Prime_rehash_policyENS7_17_Hashtable_traitsILb0ELb0ELb1EEEED2Ev
 .text._ZNSt13unordered_mapIN7Chimera10Peripheral4TypeEhSt4hashIS2_ESt8equal_toIS2_ESaISt4pairIKS2_hEEED2Ev
                0x08003782        0xc VisualGDB/Debug/hw_rcc_driver_stm32f4.o