Archive member included to satisfy reference by file (symbol)

c:/sysgcc/arm-eabi/bin/../lib/gcc/arm-eabi/7.2.0/../../../../arm-eabi/lib/thumb/fpu/cortex_m4\libstdc++_nano.a(atexit_arm.o)
                              VisualGDB/Debug/hw_dma_mapping.o (__aeabi_atexit)
c:/sysgcc/arm-eabi/bin/../lib/gcc/arm-eabi/7.2.0/../../../../arm-eabi/lib/thumb/fpu/cortex_m4\libstdc++_nano.a(del_ops.o)
                              VisualGDB/Debug/hw_dma_driver_stm32f4.o (_ZdlPvj)
c:/sysgcc/arm-eabi/bin/../lib/gcc/arm-eabi/7.2.0/../../../../arm-eabi/lib/thumb/fpu/cortex_m4\libstdc++_nano.a(del_opv.o)
                              VisualGDB/Debug/chimera_buffer.o (_ZdaPv)
c:/sysgcc/arm-eabi/bin/../lib/gcc/arm-eabi/7.2.0/../../../../arm-eabi/lib/thumb/fpu/cortex_m4\libstdc++_nano.a(guard.o)
                              VisualGDB/Debug/hw_rcc_driver_stm32f4.o (__cxa_guard_acquire)
c:/sysgcc/arm-eabi/bin/../lib/gcc/arm-eabi/7.2.0/../../../../arm-eabi/lib/thumb/fpu/cortex_m4\libstdc++_nano.a(pure.o)
                              VisualGDB/Debug/hw_dma_driver_stm32f4.o (__cxa_pure_virtual)
c:/sysgcc/arm-eabi/bin/../lib/gcc/arm-eabi/7.2.0/../../../../arm-eabi/lib/thumb/fpu/cortex_m4\libstdc++_nano.a(stdexcept.o)
                              VisualGDB/Debug/main.o (_ZNSt12length_errorD1Ev)
c:/sysgcc/arm-eabi/bin/../lib/gcc/arm-eabi/7.2.0/../../../../arm-eabi/lib/thumb/fpu/cortex_m4\libstdc++_nano.a(cow-stdexcept.o)
                              VisualGDB/Debug/main.o (_ZNSt12length_errorC1EPKc)
c:/sysgcc/arm-eabi/bin/../lib/gcc/arm-eabi/7.2.0/../../../../arm-eabi/lib/thumb/fpu/cortex_m4\libstdc++_nano.a(cow-string-inst.o)
                              c:/sysgcc/arm-eabi/bin/../lib/gcc/arm-eabi/7.2.0/../../../../arm-eabi/lib/thumb/fpu/cortex_m4\libstdc++_nano.a(cow-stdexcept.o) (_ZNSs4_Rep20_S_empty_rep_storageE)
c:/sysgcc/arm-eabi/bin/../lib/gcc/arm-eabi/7.2.0/../../../../arm-eabi/lib/thumb/fpu/cortex_m4\libstdc++_nano.a(functexcept.o)
                              VisualGDB/Debug/hw_dma_mapping.o (_ZSt17__throw_bad_allocv)
c:/sysgcc/arm-eabi/bin/../lib/gcc/arm-eabi/7.2.0/../../../../arm-eabi/lib/thumb/fpu/cortex_m4\libstdc++_nano.a(functional.o)
                              VisualGDB/Debug/thor_event.o (_ZSt25__throw_bad_function_callv)
c:/sysgcc/arm-eabi/bin/../lib/gcc/arm-eabi/7.2.0/../../../../arm-eabi/lib/thumb/fpu/cortex_m4\libstdc++_nano.a(hashtable_c++0x.o)
                              VisualGDB/Debug/hw_dma_mapping.o (_ZNKSt8__detail20_Prime_rehash_policy11_M_next_bktEj)
c:/sysgcc/arm-eabi/bin/../lib/gcc/arm-eabi/7.2.0/../../../../arm-eabi/lib/thumb/fpu/cortex_m4\libstdc++_nano.a(random.o)
                              c:/sysgcc/arm-eabi/bin/../lib/gcc/arm-eabi/7.2.0/../../../../arm-eabi/lib/thumb/fpu/cortex_m4\libstdc++_nano.a(cow-string-inst.o) (_ZNSt23mersenne_twister_engineIjLj32ELj624ELj397ELj31ELj2567483615ELj11ELj4294967295ELj7ELj2636928640ELj15ELj4022730752ELj18ELj1812433253EE4seedEj)
c:/sysgcc/arm-eabi/bin/../lib/gcc/arm-eabi/7.2.0/../../../../arm-eabi/lib/thumb/fpu/cortex_m4\libstdc++_nano.a(snprintf_lite.o)
                              c:/sysgcc/arm-eabi/bin/../lib/gcc/arm-eabi/7.2.0/../../../../arm-eabi/lib/thumb/fpu/cortex_m4\libstdc++_nano.a(functexcept.o) (_ZN9__gnu_cxx15__snprintf_liteEPcjPKcSt9__va_list)
c:/sysgcc/arm-eabi/bin/../lib/gcc/arm-eabi/7.2.0/../../../../arm-eabi/lib/thumb/fpu/cortex_m4\libstdc++_nano.a(sso_string.o)
                              c:/sysgcc/arm-eabi/bin/../lib/gcc/arm-eabi/7.2.0/../../../../arm-eabi/lib/thumb/fpu/cortex_m4\libstdc++_nano.a(cow-stdexcept.o) (_ZNSt12__sso_stringC1EPKcj)
c:/sysgcc/arm-eabi/bin/../lib/gcc/arm-eabi/7.2.0/../../../../arm-eabi/lib/thumb/fpu/cortex_m4\libstdc++_nano.a(string-inst.o)
                              c:/sysgcc/arm-eabi/bin/../lib/gcc/arm-eabi/7.2.0/../../../../arm-eabi/lib/thumb/fpu/cortex_m4\libstdc++_nano.a(sso_string.o) (_ZNSt7__cxx1112basic_stringIcSt11char_traitsIcESaIcEE10_M_disposeEv)
c:/sysgcc/arm-eabi/bin/../lib/gcc/arm-eabi/7.2.0/../../../../arm-eabi/lib/thumb/fpu/cortex_m4\libstdc++_nano.a(eh_exception.o)
                              c:/sysgcc/arm-eabi/bin/../lib/gcc/arm-eabi/7.2.0/../../../../arm-eabi/lib/thumb/fpu/cortex_m4\libstdc++_nano.a(stdexcept.o) (_ZNSt9exceptionD2Ev)
c:/sysgcc/arm-eabi/bin/../lib/gcc/arm-eabi/7.2.0/../../../../arm-eabi/lib/thumb/fpu/cortex_m4\libstdc++_nano.a(eh_terminate.o)
                              c:/sysgcc/arm-eabi/bin/../lib/gcc/arm-eabi/7.2.0/../../../../arm-eabi/lib/thumb/fpu/cortex_m4\libstdc++_nano.a(pure.o) (_ZSt9terminatev)
c:/sysgcc/arm-eabi/bin/../lib/gcc/arm-eabi/7.2.0/../../../../arm-eabi/lib/thumb/fpu/cortex_m4\libstdc++_nano.a(eh_term_handler.o)
                              c:/sysgcc/arm-eabi/bin/../lib/gcc/arm-eabi/7.2.0/../../../../arm-eabi/lib/thumb/fpu/cortex_m4\libstdc++_nano.a(eh_terminate.o) (_ZN10__cxxabiv119__terminate_handlerE)
c:/sysgcc/arm-eabi/bin/../lib/gcc/arm-eabi/7.2.0/../../../../arm-eabi/lib/thumb/fpu/cortex_m4\libstdc++_nano.a(eh_unex_handler.o)
[...]
Memory Configuration

Name             Origin             Length             Attributes
FLASH            0x08000000         0x00080000         xr
SRAM             0x20000000         0x00020000         xrw
*default*        0x00000000         0xffffffff

Linker script and memory map

LOAD c:/sysgcc/arm-eabi/bin/../lib/gcc/arm-eabi/7.2.0/thumb/fpu/cortex_m4/crti.o
LOAD c:/sysgcc/arm-eabi/bin/../lib/gcc/arm-eabi/7.2.0/thumb/fpu/cortex_m4/crtbegin.o
LOAD c:/sysgcc/arm-eabi/bin/../lib/gcc/arm-eabi/7.2.0/../../../../arm-eabi/lib/thumb/fpu/cortex_m4/crt0.o
START GROUP
LOAD VisualGDB/Debug/chimera_system.o
LOAD VisualGDB/Debug/hw_dma_driver_stm32f4.o
LOAD VisualGDB/Debug/hw_dma_mapping.o
LOAD VisualGDB/Debug/hw_flash_driver_stm32f4.o
LOAD VisualGDB/Debug/hw_gpio_driver_stm32f4.o
LOAD VisualGDB/Debug/hw_gpio_mapping.o
LOAD VisualGDB/Debug/hw_gpio_types.o
LOAD VisualGDB/Debug/hw_nvic_driver_stm32f4.o
LOAD VisualGDB/Debug/hw_power_driver_stm32f4.o
LOAD VisualGDB/Debug/hw_rcc_config_stm32f446xx.o
LOAD VisualGDB/Debug/hw_rcc_driver_stm32f4.o
LOAD VisualGDB/Debug/hw_rcc_mapping_gpio.o
LOAD VisualGDB/Debug/hw_rcc_mapping_uart.o
LOAD VisualGDB/Debug/hw_rcc_mapping_usart.o
LOAD VisualGDB/Debug/startup_common_init.o
LOAD VisualGDB/Debug/startup_stm32f446xx.o
LOAD VisualGDB/Debug/sys_common_exit.o
LOAD VisualGDB/Debug/sys_common_init.o
LOAD VisualGDB/Debug/hw_uart_driver.o
LOAD VisualGDB/Debug/hw_uart_mapping.o
LOAD VisualGDB/Debug/hw_usart_mapping.o
LOAD VisualGDB/Debug/thor_dma_resources.o
LOAD VisualGDB/Debug/thor_boost_stub.o
LOAD VisualGDB/Debug/thor_custom_dma.o
LOAD VisualGDB/Debug/thor_custom_gpio.o
LOAD VisualGDB/Debug/thor_custom_uart.o
LOAD VisualGDB/Debug/thor_custom_usart.o
LOAD VisualGDB/Debug/thor_event.o
LOAD VisualGDB/Debug/thor_exceptions.o
LOAD VisualGDB/Debug/thor_serial.o
LOAD VisualGDB/Debug/thor_stm32hal_uart.o
LOAD VisualGDB/Debug/thor_stm32hal_usart.o
LOAD VisualGDB/Debug/thor_system.o
LOAD VisualGDB/Debug/main.o
LOAD VisualGDB/Debug/thor.o
LOAD VisualGDB/Debug/freertos_hooks_prj.o
LOAD VisualGDB/Debug/serial_defaults.o
LOAD VisualGDB/Debug/spi_defaults.o
LOAD VisualGDB/Debug/hw_usart_driver_stm32f4.o
LOAD VisualGDB/Debug/croutine.o
LOAD VisualGDB/Debug/event_groups.o
LOAD VisualGDB/Debug/list.o
LOAD VisualGDB/Debug/queue.o
LOAD VisualGDB/Debug/stream_buffer.o
LOAD VisualGDB/Debug/tasks.o
LOAD VisualGDB/Debug/timers.o
LOAD VisualGDB/Debug/port.o
LOAD VisualGDB/Debug/heap_4.o
LOAD VisualGDB/Debug/chimera.o
LOAD VisualGDB/Debug/chimera_allocator.o
LOAD VisualGDB/Debug/chimera_buffer.o
LOAD VisualGDB/Debug/chimera_crc.o
LOAD VisualGDB/Debug/chimera_exception.o
LOAD VisualGDB/Debug/chimera_logging.o
LOAD VisualGDB/Debug/chimera_threading.o
LOAD VisualGDB/Debug/chimera_watchdog.o
LOAD VisualGDB/Debug/freertos_hooks.o
LOAD VisualGDB/Debug/chimera_memory_device.o
END GROUP
LOAD c:/sysgcc/arm-eabi/bin/../lib/gcc/arm-eabi/7.2.0/../../../../arm-eabi/lib/thumb/fpu/cortex_m4\libstdc++_nano.a
LOAD c:/sysgcc/arm-eabi/bin/../lib/gcc/arm-eabi/7.2.0/../../../../arm-eabi/lib/thumb/fpu/cortex_m4\libm.a
START GROUP
LOAD c:/sysgcc/arm-eabi/bin/../lib/gcc/arm-eabi/7.2.0/thumb/fpu/cortex_m4\libgcc.a
LOAD c:/sysgcc/arm-eabi/bin/../lib/gcc/arm-eabi/7.2.0/../../../../arm-eabi/lib/thumb/fpu/cortex_m4\libc_nano.a
END GROUP
START GROUP
LOAD c:/sysgcc/arm-eabi/bin/../lib/gcc/arm-eabi/7.2.0/thumb/fpu/cortex_m4\libgcc.a
LOAD c:/sysgcc/arm-eabi/bin/../lib/gcc/arm-eabi/7.2.0/../../../../arm-eabi/lib/thumb/fpu/cortex_m4\libc_nano.a
LOAD c:/sysgcc/arm-eabi/bin/../lib/gcc/arm-eabi/7.2.0/../../../../arm-eabi/lib/thumb/fpu/cortex_m4\libnosys.a
END GROUP
START GROUP
LOAD c:/sysgcc/arm-eabi/bin/../lib/gcc/arm-eabi/7.2.0/thumb/fpu/cortex_m4\libgcc.a
LOAD c:/sysgcc/arm-eabi/bin/../lib/gcc/arm-eabi/7.2.0/../../../../arm-eabi/lib/thumb/fpu/cortex_m4\libc_nano.a
LOAD c:/sysgcc/arm-eabi/bin/../lib/gcc/arm-eabi/7.2.0/../../../../arm-eabi/lib/thumb/fpu/cortex_m4\libnosys.a
END GROUP
LOAD c:/sysgcc/arm-eabi/bin/../lib/gcc/arm-eabi/7.2.0/thumb/fpu/cortex_m4/crtend.o
LOAD c:/sysgcc/arm-eabi/bin/../lib/gcc/arm-eabi/7.2.0/thumb/fpu/cortex_m4/crtn.o
                0x20020000                _estack = 0x20020000

.isr_vector     0x08000000      0x1c4
                0x08000000                . = ALIGN (0x4)
 *(.isr_vector)
 .isr_vector    0x08000000      0x1c4 VisualGDB/Debug/startup_stm32f446xx.o
                0x08000000                g_pfnVectors
                0x080001c4                . = ALIGN (0x4)

.text           0x08000200     0xdf94
                0x08000200                . = ALIGN (0x4)
                0x08000200                _stext = .
 *(.text)
 .text          0x08000200       0x88 c:/sysgcc/arm-eabi/bin/../lib/gcc/arm-eabi/7.2.0/thumb/fpu/cortex_m4/crtbegin.o
 .text          0x08000288      0x110 c:/sysgcc/arm-eabi/bin/../lib/gcc/arm-eabi/7.2.0/../../../../arm-eabi/lib/thumb/fpu/cortex_m4\libm.a(lib_a-s_ceil.o)
                0x08000288                ceil
 .text          0x08000398      0x110 c:/sysgcc/arm-eabi/bin/../lib/gcc/arm-eabi/7.2.0/../../../../arm-eabi/lib/thumb/fpu/cortex_m4\libm.a(lib_a-s_floor.o)
                0x08000398                floor
 .text          0x080004a8      0x378 c:/sysgcc/arm-eabi/bin/../lib/gcc/arm-eabi/7.2.0/thumb/fpu/cortex_m4\libgcc.a(_arm_addsubdf3.o)
                0x080004a8                __aeabi_drsub
                0x080004b0                __aeabi_dsub
                0x080004b0                __subdf3
                0x080004b4                __aeabi_dadd
                0x080004b4                __adddf3
                0x0800072c                __floatunsidf
                0x0800072c                __aeabi_ui2d
                0x0800074c                __floatsidf
                0x0800074c                __aeabi_i2d
                0x08000770                __aeabi_f2d
                0x08000770                __extendsfdf2
                0x080007b4                __floatundidf
                0x080007b4                __aeabi_ul2d
                0x080007c4                __floatdidf
                0x080007c4                __aeabi_l2d
 .text          0x08000820      0x424 c:/sysgcc/arm-eabi/bin/../lib/gcc/arm-eabi/7.2.0/thumb/fpu/cortex_m4\libgcc.a(_arm_muldivdf3.o)
                0x08000820                __aeabi_dmul
                0x08000820                __muldf3
                0x08000a74                __divdf3
                0x08000a74                __aeabi_ddiv
 .text          0x08000c44      0x110 c:/sysgcc/arm-eabi/bin/../lib/gcc/arm-eabi/7.2.0/thumb/fpu/cortex_m4\libgcc.a(_arm_cmpdf2.o)
                0x08000c44                __gtdf2
                0x08000c44                __gedf2
                0x08000c4c                __ltdf2
                0x08000c4c                __ledf2
                0x08000c54                __nedf2
                0x08000c54                __eqdf2
                0x08000c54                __cmpdf2
                0x08000cd0                __aeabi_cdrcmple
                0x08000ce0                __aeabi_cdcmpeq
                0x08000ce0                __aeabi_cdcmple
                0x08000cf0                __aeabi_dcmpeq
                0x08000d04                __aeabi_dcmplt
                0x08000d18                __aeabi_dcmple
                0x08000d2c                __aeabi_dcmpge
                0x08000d40                __aeabi_dcmpgt
 .text          0x08000d54       0x40 c:/sysgcc/arm-eabi/bin/../lib/gcc/arm-eabi/7.2.0/thumb/fpu/cortex_m4\libgcc.a(_arm_fixunsdfsi.o)
                0x08000d54                __aeabi_d2uiz
                0x08000d54                __fixunsdfsi
 .text          0x08000d94       0x30 c:/sysgcc/arm-eabi/bin/../lib/gcc/arm-eabi/7.2.0/thumb/fpu/cortex_m4\libgcc.a(_aeabi_uldivmod.o)
                0x08000d94                __aeabi_uldivmod
 .text          0x08000dc4      0x2cc c:/sysgcc/arm-eabi/bin/../lib/gcc/arm-eabi/7.2.0/thumb/fpu/cortex_m4\libgcc.a(_udivmoddi4.o)
                0x08000dc4                __udivmoddi4
 .text          0x08001090        0x4 c:/sysgcc/arm-eabi/bin/../lib/gcc/arm-eabi/7.2.0/thumb/fpu/cortex_m4\libgcc.a(_dvmd_tls.o)
                0x08001090                __aeabi_idiv0
                0x08001090                __aeabi_ldiv0
 .text          0x08001094       0x10 c:/sysgcc/arm-eabi/bin/../lib/gcc/arm-eabi/7.2.0/../../../../arm-eabi/lib/thumb/fpu/cortex_m4\libc_nano.a(lib_a-abort.o)
                0x08001094                abort
 .text          0x080010a4       0x1c c:/sysgcc/arm-eabi/bin/../lib/gcc/arm-eabi/7.2.0/../../../../arm-eabi/lib/thumb/fpu/cortex_m4\libc_nano.a(lib_a-cxa_atexit.o)
                0x080010a4                __cxa_atexit
 .text          0x080010c0       0x48 c:/sysgcc/arm-eabi/bin/../lib/gcc/arm-eabi/7.2.0/../../../../arm-eabi/lib/thumb/fpu/cortex_m4\libc_nano.a(lib_a-init.o)
                0x080010c0                __libc_init_array
 .text          0x08001108      0x134 c:/sysgcc/arm-eabi/bin/../lib/gcc/arm-eabi/7.2.0/../../../../arm-eabi/lib/thumb/fpu/cortex_m4\libc_nano.a(lib_a-memcpy.o)
                0x08001108                memcpy
 .text          0x0800123c       0xc8 c:/sysgcc/arm-eabi/bin/../lib/gcc/arm-eabi/7.2.0/../../../../arm-eabi/lib/thumb/fpu/cortex_m4\libc_nano.a(lib_a-memmove.o)
                0x0800123c                memmove
 .text          0x08001304       0x94 c:/sysgcc/arm-eabi/bin/../lib/gcc/arm-eabi/7.2.0/../../../../arm-eabi/lib/thumb/fpu/cortex_m4\libc_nano.a(lib_a-memset.o)
                0x08001304                memset
 .text          0x08001398       0xc8 c:/sysgcc/arm-eabi/bin/../lib/gcc/arm-eabi/7.2.0/../../../../arm-eabi/lib/thumb/fpu/cortex_m4\libc_nano.a(lib_a-nano-mallocr.o)
                0x08001398                _malloc_r
 .text          0x08001460       0x24 c:/sysgcc/arm-eabi/bin/../lib/gcc/arm-eabi/7.2.0/../../../../arm-eabi/lib/thumb/fpu/cortex_m4\libc_nano.a(lib_a-sbrkr.o)
                0x08001460                _sbrk_r
 .text          0x08001484      0x150 c:/sysgcc/arm-eabi/bin/../lib/gcc/arm-eabi/7.2.0/../../../../arm-eabi/lib/thumb/fpu/cortex_m4\libc_nano.a(lib_a-signal.o)
                0x080014ac                _init_signal_r
                0x080014b8                _signal_r
                0x080014ec                _raise_r
                0x08001540                __sigtramp_r
                0x08001590                raise
                0x080015a0                signal
                0x080015b0                _init_signal
                0x080015c4                __sigtramp
 .text          0x080015d4       0x2c c:/sysgcc/arm-eabi/bin/../lib/gcc/arm-eabi/7.2.0/../../../../arm-eabi/lib/thumb/fpu/cortex_m4\libc_nano.a(lib_a-signalr.o)
                0x080015d4                _kill_r
                0x080015fc                _getpid_r
 .text          0x08001600      0x2dc c:/sysgcc/arm-eabi/bin/../lib/gcc/arm-eabi/7.2.0/../../../../arm-eabi/lib/thumb/fpu/cortex_m4\libc_nano.a(lib_a-strcmp.o)
                0x08001608                strcmp
 *fill*         0x080018dc       0x24 
 .text          0x08001900       0xdc c:/sysgcc/arm-eabi/bin/../lib/gcc/arm-eabi/7.2.0/../../../../arm-eabi/lib/thumb/fpu/cortex_m4\libc_nano.a(lib_a-strlen.o)
                0x08001900                strlen
 .text          0x080019dc       0x18 c:/sysgcc/arm-eabi/bin/../lib/gcc/arm-eabi/7.2.0/../../../../arm-eabi/lib/thumb/fpu/cortex_m4\libc_nano.a(lib_a-syswrite.o)
                0x080019dc                write
 .text          0x080019f4       0x2c c:/sysgcc/arm-eabi/bin/../lib/gcc/arm-eabi/7.2.0/../../../../arm-eabi/lib/thumb/fpu/cortex_m4\libc_nano.a(lib_a-writer.o)
                0x080019f4                _write_r
 .text          0x08001a20        0x8 c:/sysgcc/arm-eabi/bin/../lib/gcc/arm-eabi/7.2.0/../../../../arm-eabi/lib/thumb/fpu/cortex_m4\libc_nano.a(lib_a-mlock.o)
                0x08001a20                __malloc_lock
                0x08001a24                __malloc_unlock
 .text          0x08001a28       0x10 c:/sysgcc/arm-eabi/bin/../lib/gcc/arm-eabi/7.2.0/../../../../arm-eabi/lib/thumb/fpu/cortex_m4\libnosys.a(getpid.o)
                0x08001a28                _getpid
 .text          0x08001a38       0x10 c:/sysgcc/arm-eabi/bin/../lib/gcc/arm-eabi/7.2.0/../../../../arm-eabi/lib/thumb/fpu/cortex_m4\libnosys.a(kill.o)
                0x08001a38                _kill
 .text          0x08001a48       0x1c c:/sysgcc/arm-eabi/bin/../lib/gcc/arm-eabi/7.2.0/../../../../arm-eabi/lib/thumb/fpu/cortex_m4\libnosys.a(sbrk.o)
                0x08001a48                _sbrk
 .text          0x08001a64       0x10 c:/sysgcc/arm-eabi/bin/../lib/gcc/arm-eabi/7.2.0/../../../../arm-eabi/lib/thumb/fpu/cortex_m4\libnosys.a(write.o)
                0x08001a64                _write
 .text          0x08001a74        0x4 c:/sysgcc/arm-eabi/bin/../lib/gcc/arm-eabi/7.2.0/../../../../arm-eabi/lib/thumb/fpu/cortex_m4\libnosys.a(_exit.o)
                0x08001a74                _exit
 *(.text*)
 .text._ZN7Chimera6System10initializeEv
                0x08001a78       0x10 VisualGDB/Debug/chimera_system.o
                0x08001a78                _ZN7Chimera6System10initializeEv
 .text._ZN4Thor6Driver3DMA8Internal6StreamD2Ev
                0x08001a88        0x2 VisualGDB/Debug/hw_dma_driver_stm32f4.o
                0x08001a88                _ZN4Thor6Driver3DMA8Internal6StreamD2Ev
                0x08001a88                _ZN4Thor6Driver3DMA8Internal6StreamD1Ev
 .text._ZN4Thor6Driver3DMA8Internal6Stream5abortEv
                0x08001a8a       0x12 VisualGDB/Debug/hw_dma_driver_stm32f4.o
                0x08001a8a                _ZN4Thor6Driver3DMA8Internal6Stream5abortEv
 .text._ZN4Thor6Driver3DMA6DriverD2Ev
                0x08001a9c        0x2 VisualGDB/Debug/hw_dma_driver_stm32f4.o
                0x08001a9c                _ZN4Thor6Driver3DMA6DriverD2Ev
                0x08001a9c                _ZN4Thor6Driver3DMA6DriverD1Ev
 .text._ZN4Thor6Driver3DMA8Internal6StreamD0Ev
                0x08001a9e        0xe VisualGDB/Debug/hw_dma_driver_stm32f4.o
                0x08001a9e                _ZN4Thor6Driver3DMA8Internal6StreamD0Ev
 .text._ZN4Thor6Driver3DMA6DriverD0Ev
                0x08001aac        0xe VisualGDB/Debug/hw_dma_driver_stm32f4.o
                0x08001aac                _ZN4Thor6Driver3DMA6DriverD0Ev
 *fill*         0x08001aba        0x2 
 .text._ZN4Thor6Driver3DMA8Internal6StreamC2Ev
                0x08001abc       0x2c VisualGDB/Debug/hw_dma_driver_stm32f4.o
                0x08001abc                _ZN4Thor6Driver3DMA8Internal6StreamC2Ev
                0x08001abc                _ZN4Thor6Driver3DMA8Internal6StreamC1Ev
 .text._ZN4Thor6Driver3DMA8Internal6Stream17enableTransferIRQEv
                0x08001ae8       0x24 VisualGDB/Debug/hw_dma_driver_stm32f4.o
                0x08001ae8                _ZN4Thor6Driver3DMA8Internal6Stream17enableTransferIRQEv
 .text._ZN4Thor6Driver3DMA8Internal6Stream20enterCriticalSectionEv
                0x08001b0c        0xc VisualGDB/Debug/hw_dma_driver_stm32f4.o
                0x08001b0c                _ZN4Thor6Driver3DMA8Internal6Stream20enterCriticalSectionEv
 .text._ZN4Thor6Driver3DMA8Internal6Stream19exitCriticalSectionEv
                0x08001b18        0xc VisualGDB/Debug/hw_dma_driver_stm32f4.o
                0x08001b18                _ZN4Thor6Driver3DMA8Internal6Stream19exitCriticalSectionEv
 .text._ZN4Thor6Driver3DMA8Internal6Stream15attachISRWakeupEPv
                0x08001b24       0x38 VisualGDB/Debug/hw_dma_driver_stm32f4.o
                0x08001b24                _ZN4Thor6Driver3DMA8Internal6Stream15attachISRWakeupEPv
 .text._ZN4Thor6Driver3DMA8Internal6Stream9configureEPNS1_12StreamConfigEPNS1_3TCBE
                0x08001b5c      0x17c VisualGDB/Debug/hw_dma_driver_stm32f4.o
                0x08001b5c                _ZN4Thor6Driver3DMA8Internal6Stream9configureEPNS1_12StreamConfigEPNS1_3TCBE
 .text._ZN4Thor6Driver3DMA8Internal6Stream5startEv
                0x08001cd8       0x36 VisualGDB/Debug/hw_dma_driver_stm32f4.o
                0x08001cd8                _ZN4Thor6Driver3DMA8Internal6Stream5startEv
 *fill*         0x08001d0e        0x2 
 .text._ZN4Thor6Driver3DMA6DriverC2Ev
                0x08001d10       0x10 VisualGDB/Debug/hw_dma_driver_stm32f4.o
                0x08001d10                _ZN4Thor6Driver3DMA6DriverC1Ev
                0x08001d10                _ZN4Thor6Driver3DMA6DriverC2Ev
 .text.DMA1_Stream0_IRQHandler
                0x08001d20        0xc VisualGDB/Debug/hw_dma_driver_stm32f4.o
                0x08001d20                DMA1_Stream0_IRQHandler
 .text.DMA1_Stream1_IRQHandler
                0x08001d2c        0xc VisualGDB/Debug/hw_dma_driver_stm32f4.o
                0x08001d2c                DMA1_Stream1_IRQHandler
 .text.DMA1_Stream2_IRQHandler
                0x08001d38        0xc VisualGDB/Debug/hw_dma_driver_stm32f4.o
                0x08001d38                DMA1_Stream2_IRQHandler
 .text.DMA1_Stream3_IRQHandler
                0x08001d44        0xc VisualGDB/Debug/hw_dma_driver_stm32f4.o
                0x08001d44                DMA1_Stream3_IRQHandler
 .text.DMA1_Stream4_IRQHandler
                0x08001d50        0xc VisualGDB/Debug/hw_dma_driver_stm32f4.o
                0x08001d50                DMA1_Stream4_IRQHandler
 .text.DMA1_Stream5_IRQHandler
                0x08001d5c        0xc VisualGDB/Debug/hw_dma_driver_stm32f4.o
                0x08001d5c                DMA1_Stream5_IRQHandler
 .text.DMA1_Stream6_IRQHandler
                0x08001d68        0xc VisualGDB/Debug/hw_dma_driver_stm32f4.o
                0x08001d68                DMA1_Stream6_IRQHandler
 .text.DMA1_Stream7_IRQHandler
                0x08001d74        0xc VisualGDB/Debug/hw_dma_driver_stm32f4.o
                0x08001d74                DMA1_Stream7_IRQHandler
 .text.DMA2_Stream0_IRQHandler
                0x08001d80        0xc VisualGDB/Debug/hw_dma_driver_stm32f4.o
                0x08001d80                DMA2_Stream0_IRQHandler
 .text.DMA2_Stream1_IRQHandler
                0x08001d8c        0xc VisualGDB/Debug/hw_dma_driver_stm32f4.o
                0x08001d8c                DMA2_Stream1_IRQHandler
 .text.DMA2_Stream2_IRQHandler
                0x08001d98        0xc VisualGDB/Debug/hw_dma_driver_stm32f4.o
                0x08001d98                DMA2_Stream2_IRQHandler
 .text.DMA2_Stream3_IRQHandler
                0x08001da4        0xc VisualGDB/Debug/hw_dma_driver_stm32f4.o
                0x08001da4                DMA2_Stream3_IRQHandler
 .text.DMA2_Stream4_IRQHandler
                0x08001db0        0xc VisualGDB/Debug/hw_dma_driver_stm32f4.o
                0x08001db0                DMA2_Stream4_IRQHandler
 .text.DMA2_Stream5_IRQHandler
                0x08001dbc        0xc VisualGDB/Debug/hw_dma_driver_stm32f4.o
                0x08001dbc                DMA2_Stream5_IRQHandler
 .text.DMA2_Stream6_IRQHandler
                0x08001dc8        0xc VisualGDB/Debug/hw_dma_driver_stm32f4.o
                0x08001dc8                DMA2_Stream6_IRQHandler
 .text.DMA2_Stream7_IRQHandler
                0x08001dd4        0xc VisualGDB/Debug/hw_dma_driver_stm32f4.o
                0x08001dd4                DMA2_Stream7_IRQHandler
 .text._ZNKSt10_HashtableIjSt4pairIKjjESaIS2_ENSt8__detail10_Select1stESt8equal_toIjESt4hashIjENS4_18_Mod_range_hashingENS4_20_Default_ranged_hashENS4_20_Prime_rehash_policyENS4_17_Hashtable_traitsILb0ELb0ELb1EEEE19_M_find_before_nodeEjRS1_j
                0x08001de0       0x3c VisualGDB/Debug/hw_dma_driver_stm32f4.o
                0x08001de0                _ZNKSt10_HashtableIjSt4pairIKjjESaIS2_ENSt8__detail10_Select1stESt8equal_toIjESt4hashIjENS4_18_Mod_range_hashingENS4_20_Default_ranged_hashENS4_20_Prime_rehash_policyENS4_17_Hashtable_traitsILb0ELb0ELb1EEEE19_M_find_before_nodeEjRS1_j
 .text._ZNKSt10_HashtableIjSt4pairIKjjESaIS2_ENSt8__detail10_Select1stESt8equal_toIjESt4hashIjENS4_18_Mod_range_hashingENS4_20_Default_ranged_hashENS4_20_Prime_rehash_policyENS4_17_Hashtable_traitsILb0ELb0ELb1EEEE4findERS1_
                0x08001e1c       0x20 VisualGDB/Debug/hw_dma_driver_stm32f4.o
                0x08001e1c                _ZNKSt10_HashtableIjSt4pairIKjjESaIS2_ENSt8__detail10_Select1stESt8equal_toIjESt4hashIjENS4_18_Mod_range_hashingENS4_20_Default_ranged_hashENS4_20_Prime_rehash_policyENS4_17_Hashtable_traitsILb0ELb0ELb1EEEE4findERS1_
 .text._ZN4Thor6Driver3DMA8Internal6Stream6attachEPNS1_7StreamXEPNS1_11RegisterMapE
                0x08001e3c       0x68 VisualGDB/Debug/hw_dma_driver_stm32f4.o
                0x08001e3c                _ZN4Thor6Driver3DMA8Internal6Stream6attachEPNS1_7StreamXEPNS1_11RegisterMapE
 .text._ZN4Thor6Driver3DMA6Driver11clockEnableEv
                0x08001ea4       0x58 VisualGDB/Debug/hw_dma_driver_stm32f4.o
                0x08001ea4                _ZN4Thor6Driver3DMA6Driver11clockEnableEv
 .text._ZN4Thor6Driver3DMA6Driver6attachEPNS1_11RegisterMapE
                0x08001efc        0xc VisualGDB/Debug/hw_dma_driver_stm32f4.o
                0x08001efc                _ZN4Thor6Driver3DMA6Driver6attachEPNS1_11RegisterMapE
 .text._ZN4Thor6Driver3DMA6Driver12clockDisableEv
                0x08001f08       0x58 VisualGDB/Debug/hw_dma_driver_stm32f4.o
                0x08001f08                _ZN4Thor6Driver3DMA6Driver12clockDisableEv
 .text._ZN4Thor6Driver3DMA6Driver5resetEv
                0x08001f60       0x58 VisualGDB/Debug/hw_dma_driver_stm32f4.o
                0x08001f60                _ZN4Thor6Driver3DMA6Driver5resetEv
 .text._ZN4Thor6Driver3DMA6Driver4initEv
                0x08001fb8       0xa0 VisualGDB/Debug/hw_dma_driver_stm32f4.o
                0x08001fb8                _ZN4Thor6Driver3DMA6Driver4initEv
 .text._ZN4Thor6Driver3DMA6Driver9configureEPNS1_7StreamXEPNS1_12StreamConfigEPNS1_3TCBE
                0x08002058       0x78 VisualGDB/Debug/hw_dma_driver_stm32f4.o
                0x08002058                _ZN4Thor6Driver3DMA6Driver9configureEPNS1_7StreamXEPNS1_12StreamConfigEPNS1_3TCBE
 .text._ZN4Thor6Driver3DMA6Driver5startEPNS1_7StreamXE
                0x080020d0       0x68 VisualGDB/Debug/hw_dma_driver_stm32f4.o
                0x080020d0                _ZN4Thor6Driver3DMA6Driver5startEPNS1_7StreamXE
 .text._ZN4Thor6Driver3DMA6Driver5abortEPNS1_7StreamXE
                0x08002138       0x68 VisualGDB/Debug/hw_dma_driver_stm32f4.o
                0x08002138                _ZN4Thor6Driver3DMA6Driver5abortEPNS1_7StreamXE
 .text._ZNSt8__detail16_Hashtable_allocISaINS_10_Hash_nodeISt4pairIKjjELb0EEEEE19_M_allocate_bucketsEj
                0x080021a0       0x22 VisualGDB/Debug/hw_dma_mapping.o
                0x080021a0                _ZNSt8__detail16_Hashtable_allocISaINS_10_Hash_nodeISt4pairIKjjELb0EEEEE19_M_allocate_bucketsEj
 .text._ZNSt8__detail16_Hashtable_allocISaINS_10_Hash_nodeISt4pairIKjjELb0EEEEE18_M_deallocate_nodeEPS5_
                0x080021c2        0xa VisualGDB/Debug/hw_dma_mapping.o
                0x080021c2                _ZNSt8__detail16_Hashtable_allocISaINS_10_Hash_nodeISt4pairIKjjELb0EEEEE18_M_deallocate_nodeEPS5_
 .text._ZNSt8__detail16_Hashtable_allocISaINS_10_Hash_nodeISt4pairIKjjELb0EEEEE19_M_deallocate_nodesEPS5_
                0x080021cc       0x14 VisualGDB/Debug/hw_dma_mapping.o
                0x080021cc                _ZNSt8__detail16_Hashtable_allocISaINS_10_Hash_nodeISt4pairIKjjELb0EEEEE19_M_deallocate_nodesEPS5_
 .text._ZNSt10_HashtableIjSt4pairIKjjESaIS2_ENSt8__detail10_Select1stESt8equal_toIjESt4hashIjENS4_18_Mod_range_hashingENS4_20_Default_ranged_hashENS4_20_Prime_rehash_policyENS4_17_Hashtable_traitsILb0ELb0ELb1EEEE5clearEv
                0x080021e0       0x1e VisualGDB/Debug/hw_dma_mapping.o
                0x080021e0                _ZNSt10_HashtableIjSt4pairIKjjESaIS2_ENSt8__detail10_Select1stESt8equal_toIjESt4hashIjENS4_18_Mod_range_hashingENS4_20_Default_ranged_hashENS4_20_Prime_rehash_policyENS4_17_Hashtable_traitsILb0ELb0ELb1EEEE5clearEv
 .text._ZNSt8__detail16_Hashtable_allocISaINS_10_Hash_nodeISt4pairIKjjELb0EEEEE21_M_deallocate_bucketsEPPNS_15_Hash_node_baseEj
                0x080021fe        0xa VisualGDB/Debug/hw_dma_mapping.o
                0x080021fe                _ZNSt8__detail16_Hashtable_allocISaINS_10_Hash_nodeISt4pairIKjjELb0EEEEE21_M_deallocate_bucketsEPPNS_15_Hash_node_baseEj
 .text._ZNSt10_HashtableIjSt4pairIKjjESaIS2_ENSt8__detail10_Select1stESt8equal_toIjESt4hashIjENS4_18_Mod_range_hashingENS4_20_Default_ranged_hashENS4_20_Prime_rehash_policyENS4_17_Hashtable_traitsILb0ELb0ELb1EEEED2Ev
                0x08002208       0x1e VisualGDB/Debug/hw_dma_mapping.o
                0x08002208                _ZNSt10_HashtableIjSt4pairIKjjESaIS2_ENSt8__detail10_Select1stESt8equal_toIjESt4hashIjENS4_18_Mod_range_hashingENS4_20_Default_ranged_hashENS4_20_Prime_rehash_policyENS4_17_Hashtable_traitsILb0ELb0ELb1EEEED1Ev
                0x08002208                _ZNSt10_HashtableIjSt4pairIKjjESaIS2_ENSt8__detail10_Select1stESt8equal_toIjESt4hashIjENS4_18_Mod_range_hashingENS4_20_Default_ranged_hashENS4_20_Prime_rehash_policyENS4_17_Hashtable_traitsILb0ELb0ELb1EEEED2Ev
 .text._ZNSt13unordered_mapIjjSt4hashIjESt8equal_toIjESaISt4pairIKjjEEED2Ev
                0x08002226        0xc VisualGDB/Debug/hw_dma_mapping.o
                0x08002226                _ZNSt13unordered_mapIjjSt4hashIjESt8equal_toIjESaISt4pairIKjjEEED1Ev
                0x08002226                _ZNSt13unordered_mapIjjSt4hashIjESt8equal_toIjESaISt4pairIKjjEEED2Ev
 .text._ZNSt8__detail16_Hashtable_allocISaINS_10_Hash_nodeISt4pairIKN7Chimera3DMA17TransferDirectionEmELb0EEEEE19_M_allocate_bucketsEj
                0x08002232       0x22 VisualGDB/Debug/hw_dma_mapping.o
                0x08002232                _ZNSt8__detail16_Hashtable_allocISaINS_10_Hash_nodeISt4pairIKN7Chimera3DMA17TransferDirectionEmELb0EEEEE19_M_allocate_bucketsEj
 .text._ZNSt8__detail16_Hashtable_allocISaINS_10_Hash_nodeISt4pairIKN7Chimera3DMA17TransferDirectionEmELb0EEEEE18_M_deallocate_nodeEPS8_
                0x08002254        0xa VisualGDB/Debug/hw_dma_mapping.o
                0x08002254                _ZNSt8__detail16_Hashtable_allocISaINS_10_Hash_nodeISt4pairIKN7Chimera3DMA17TransferDirectionEmELb0EEEEE18_M_deallocate_nodeEPS8_
 .text._ZNSt8__detail16_Hashtable_allocISaINS_10_Hash_nodeISt4pairIKN7Chimera3DMA17TransferDirectionEmELb0EEEEE19_M_deallocate_nodesEPS8_
                0x0800225e       0x14 VisualGDB/Debug/hw_dma_mapping.o
                0x0800225e                _ZNSt8__detail16_Hashtable_allocISaINS_10_Hash_nodeISt4pairIKN7Chimera3DMA17TransferDirectionEmELb0EEEEE19_M_deallocate_nodesEPS8_
 .text._ZNSt10_HashtableIN7Chimera3DMA17TransferDirectionESt4pairIKS2_mESaIS5_ENSt8__detail10_Select1stESt8equal_toIS2_ESt4hashIS2_ENS7_18_Mod_range_hashingENS7_20_Default_ranged_hashENS7_20_Prime_rehash_policyENS7_17_Hashtable_traitsILb0ELb0ELb1EEEE5clearEv
                0x08002272       0x1e VisualGDB/Debug/hw_dma_mapping.o
                0x08002272                _ZNSt10_HashtableIN7Chimera3DMA17TransferDirectionESt4pairIKS2_mESaIS5_ENSt8__detail10_Select1stESt8equal_toIS2_ESt4hashIS2_ENS7_18_Mod_range_hashingENS7_20_Default_ranged_hashENS7_20_Prime_rehash_policyENS7_17_Hashtable_traitsILb0ELb0ELb1EEEE5clearEv
 .text._ZNSt8__detail16_Hashtable_allocISaINS_10_Hash_nodeISt4pairIKN7Chimera3DMA17TransferDirectionEmELb0EEEEE21_M_deallocate_bucketsEPPNS_15_Hash_node_baseEj
                0x08002290        0xa VisualGDB/Debug/hw_dma_mapping.o
                0x08002290                _ZNSt8__detail16_Hashtable_allocISaINS_10_Hash_nodeISt4pairIKN7Chimera3DMA17TransferDirectionEmELb0EEEEE21_M_deallocate_bucketsEPPNS_15_Hash_node_baseEj
 .text._ZNSt10_HashtableIN7Chimera3DMA17TransferDirectionESt4pairIKS2_mESaIS5_ENSt8__detail10_Select1stESt8equal_toIS2_ESt4hashIS2_ENS7_18_Mod_range_hashingENS7_20_Default_ranged_hashENS7_20_Prime_rehash_policyENS7_17_Hashtable_traitsILb0ELb0ELb1EEEED2Ev
                0x0800229a       0x1e VisualGDB/Debug/hw_dma_mapping.o
                0x0800229a                _ZNSt10_HashtableIN7Chimera3DMA17TransferDirectionESt4pairIKS2_mESaIS5_ENSt8__detail10_Select1stESt8equal_toIS2_ESt4hashIS2_ENS7_18_Mod_range_hashingENS7_20_Default_ranged_hashENS7_20_Prime_rehash_policyENS7_17_Hashtable_traitsILb0ELb0ELb1EEEED2Ev
                0x0800229a                _ZNSt10_HashtableIN7Chimera3DMA17TransferDirectionESt4pairIKS2_mESaIS5_ENSt8__detail10_Select1stESt8equal_toIS2_ESt4hashIS2_ENS7_18_Mod_range_hashingENS7_20_Default_ranged_hashENS7_20_Prime_rehash_policyENS7_17_Hashtable_traitsILb0ELb0ELb1EEEED1Ev
 .text._ZNSt13unordered_mapIN7Chimera3DMA17TransferDirectionEmSt4hashIS2_ESt8equal_toIS2_ESaISt4pairIKS2_mEEED2Ev
                0x080022b8        0xc VisualGDB/Debug/hw_dma_mapping.o
                0x080022b8                _ZNSt13unordered_mapIN7Chimera3DMA17TransferDirectionEmSt4hashIS2_ESt8equal_toIS2_ESaISt4pairIKS2_mEEED2Ev
                0x080022b8                _ZNSt13unordered_mapIN7Chimera3DMA17TransferDirectionEmSt4hashIS2_ESt8equal_toIS2_ESaISt4pairIKS2_mEEED1Ev
 .text._ZNSt8__detail16_Hashtable_allocISaINS_10_Hash_nodeISt4pairIKN7Chimera3DMA4ModeEmELb0EEEEE19_M_allocate_bucketsEj
                0x080022c4       0x22 VisualGDB/Debug/hw_dma_mapping.o
                0x080022c4                _ZNSt8__detail16_Hashtable_allocISaINS_10_Hash_nodeISt4pairIKN7Chimera3DMA4ModeEmELb0EEEEE19_M_allocate_bucketsEj
 .text._ZNSt8__detail16_Hashtable_allocISaINS_10_Hash_nodeISt4pairIKN7Chimera3DMA4ModeEmELb0EEEEE18_M_deallocate_nodeEPS8_
                0x080022e6        0xa VisualGDB/Debug/hw_dma_mapping.o
                0x080022e6                _ZNSt8__detail16_Hashtable_allocISaINS_10_Hash_nodeISt4pairIKN7Chimera3DMA4ModeEmELb0EEEEE18_M_deallocate_nodeEPS8_
 .text._ZNSt8__detail16_Hashtable_allocISaINS_10_Hash_nodeISt4pairIKN7Chimera3DMA4ModeEmELb0EEEEE19_M_deallocate_nodesEPS8_
                0x080022f0       0x14 VisualGDB/Debug/hw_dma_mapping.o
                0x080022f0                _ZNSt8__detail16_Hashtable_allocISaINS_10_Hash_nodeISt4pairIKN7Chimera3DMA4ModeEmELb0EEEEE19_M_deallocate_nodesEPS8_
 .text._ZNSt10_HashtableIN7Chimera3DMA4ModeESt4pairIKS2_mESaIS5_ENSt8__detail10_Select1stESt8equal_toIS2_ESt4hashIS2_ENS7_18_Mod_range_hashingENS7_20_Default_ranged_hashENS7_20_Prime_rehash_policyENS7_17_Hashtable_traitsILb0ELb0ELb1EEEE5clearEv
                0x08002304       0x1e VisualGDB/Debug/hw_dma_mapping.o
                0x08002304                _ZNSt10_HashtableIN7Chimera3DMA4ModeESt4pairIKS2_mESaIS5_ENSt8__detail10_Select1stESt8equal_toIS2_ESt4hashIS2_ENS7_18_Mod_range_hashingENS7_20_Default_ranged_hashENS7_20_Prime_rehash_policyENS7_17_Hashtable_traitsILb0ELb0ELb1EEEE5clearEv
 .text._ZNSt8__detail16_Hashtable_allocISaINS_10_Hash_nodeISt4pairIKN7Chimera3DMA4ModeEmELb0EEEEE21_M_deallocate_bucketsEPPNS_15_Hash_node_baseEj
                0x08002322        0xa VisualGDB/Debug/hw_dma_mapping.o
                0x08002322                _ZNSt8__detail16_Hashtable_allocISaINS_10_Hash_nodeISt4pairIKN7Chimera3DMA4ModeEmELb0EEEEE21_M_deallocate_bucketsEPPNS_15_Hash_node_baseEj
 .text._ZNSt10_HashtableIN7Chimera3DMA4ModeESt4pairIKS2_mESaIS5_ENSt8__detail10_Select1stESt8equal_toIS2_ESt4hashIS2_ENS7_18_Mod_range_hashingENS7_20_Default_ranged_hashENS7_20_Prime_rehash_policyENS7_17_Hashtable_traitsILb0ELb0ELb1EEEED2Ev
                0x0800232c       0x1e VisualGDB/Debug/hw_dma_mapping.o
                0x0800232c                _ZNSt10_HashtableIN7Chimera3DMA4ModeESt4pairIKS2_mESaIS5_ENSt8__detail10_Select1stESt8equal_toIS2_ESt4hashIS2_ENS7_18_Mod_range_hashingENS7_20_Default_ranged_hashENS7_20_Prime_rehash_policyENS7_17_Hashtable_traitsILb0ELb0ELb1EEEED2Ev
                0x0800232c                _ZNSt10_HashtableIN7Chimera3DMA4ModeESt4pairIKS2_mESaIS5_ENSt8__detail10_Select1stESt8equal_toIS2_ESt4hashIS2_ENS7_18_Mod_range_hashingENS7_20_Default_ranged_hashENS7_20_Prime_rehash_policyENS7_17_Hashtable_traitsILb0ELb0ELb1EEEED1Ev
 .text._ZNSt13unordered_mapIN7Chimera3DMA4ModeEmSt4hashIS2_ESt8equal_toIS2_ESaISt4pairIKS2_mEEED2Ev
                0x0800234a        0xc VisualGDB/Debug/hw_dma_mapping.o
                0x0800234a                _ZNSt13unordered_mapIN7Chimera3DMA4ModeEmSt4hashIS2_ESt8equal_toIS2_ESaISt4pairIKS2_mEEED2Ev
                0x0800234a                _ZNSt13unordered_mapIN7Chimera3DMA4ModeEmSt4hashIS2_ESt8equal_toIS2_ESaISt4pairIKS2_mEEED1Ev
 .text._ZNSt8__detail16_Hashtable_allocISaINS_10_Hash_nodeISt4pairIKN7Chimera3DMA7ChannelEmELb0EEEEE19_M_allocate_bucketsEj
                0x08002356       0x22 VisualGDB/Debug/hw_dma_mapping.o
                0x08002356                _ZNSt8__detail16_Hashtable_allocISaINS_10_Hash_nodeISt4pairIKN7Chimera3DMA7ChannelEmELb0EEEEE19_M_allocate_bucketsEj
 .text._ZNSt8__detail16_Hashtable_allocISaINS_10_Hash_nodeISt4pairIKN7Chimera3DMA7ChannelEmELb0EEEEE18_M_deallocate_nodeEPS8_
                0x08002378        0xa VisualGDB/Debug/hw_dma_mapping.o
                0x08002378                _ZNSt8__detail16_Hashtable_allocISaINS_10_Hash_nodeISt4pairIKN7Chimera3DMA7ChannelEmELb0EEEEE18_M_deallocate_nodeEPS8_
 .text._ZNSt8__detail16_Hashtable_allocISaINS_10_Hash_nodeISt4pairIKN7Chimera3DMA7ChannelEmELb0EEEEE19_M_deallocate_nodesEPS8_
                0x08002382       0x14 VisualGDB/Debug/hw_dma_mapping.o
                0x08002382                _ZNSt8__detail16_Hashtable_allocISaINS_10_Hash_nodeISt4pairIKN7Chimera3DMA7ChannelEmELb0EEEEE19_M_deallocate_nodesEPS8_
 .text._ZNSt10_HashtableIN7Chimera3DMA7ChannelESt4pairIKS2_mESaIS5_ENSt8__detail10_Select1stESt8equal_toIS2_ESt4hashIS2_ENS7_18_Mod_range_hashingENS7_20_Default_ranged_hashENS7_20_Prime_rehash_policyENS7_17_Hashtable_traitsILb0ELb0ELb1EEEE5clearEv
                0x08002396       0x1e VisualGDB/Debug/hw_dma_mapping.o
                0x08002396                _ZNSt10_HashtableIN7Chimera3DMA7ChannelESt4pairIKS2_mESaIS5_ENSt8__detail10_Select1stESt8equal_toIS2_ESt4hashIS2_ENS7_18_Mod_range_hashingENS7_20_Default_ranged_hashENS7_20_Prime_rehash_policyENS7_17_Hashtable_traitsILb0ELb0ELb1EEEE5clearEv
 .text._ZNSt8__detail16_Hashtable_allocISaINS_10_Hash_nodeISt4pairIKN7Chimera3DMA7ChannelEmELb0EEEEE21_M_deallocate_bucketsEPPNS_15_Hash_node_baseEj
                0x080023b4        0xa VisualGDB/Debug/hw_dma_mapping.o
                0x080023b4                _ZNSt8__detail16_Hashtable_allocISaINS_10_Hash_nodeISt4pairIKN7Chimera3DMA7ChannelEmELb0EEEEE21_M_deallocate_bucketsEPPNS_15_Hash_node_baseEj
 .text._ZNSt10_HashtableIN7Chimera3DMA7ChannelESt4pairIKS2_mESaIS5_ENSt8__detail10_Select1stESt8equal_toIS2_ESt4hashIS2_ENS7_18_Mod_range_hashingENS7_20_Default_ranged_hashENS7_20_Prime_rehash_policyENS7_17_Hashtable_traitsILb0ELb0ELb1EEEED2Ev
                0x080023be       0x1e VisualGDB/Debug/hw_dma_mapping.o
                0x080023be                _ZNSt10_HashtableIN7Chimera3DMA7ChannelESt4pairIKS2_mESaIS5_ENSt8__detail10_Select1stESt8equal_toIS2_ESt4hashIS2_ENS7_18_Mod_range_hashingENS7_20_Default_ranged_hashENS7_20_Prime_rehash_policyENS7_17_Hashtable_traitsILb0ELb0ELb1EEEED1Ev
                0x080023be                _ZNSt10_HashtableIN7Chimera3DMA7ChannelESt4pairIKS2_mESaIS5_ENSt8__detail10_Select1stESt8equal_toIS2_ESt4hashIS2_ENS7_18_Mod_range_hashingENS7_20_Default_ranged_hashENS7_20_Prime_rehash_policyENS7_17_Hashtable_traitsILb0ELb0ELb1EEEED2Ev
 .text._ZNSt13unordered_mapIN7Chimera3DMA7ChannelEmSt4hashIS2_ESt8equal_toIS2_ESaISt4pairIKS2_mEEED2Ev
                0x080023dc        0xc VisualGDB/Debug/hw_dma_mapping.o
                0x080023dc                _ZNSt13unordered_mapIN7Chimera3DMA7ChannelEmSt4hashIS2_ESt8equal_toIS2_ESaISt4pairIKS2_mEEED1Ev
                0x080023dc                _ZNSt13unordered_mapIN7Chimera3DMA7ChannelEmSt4hashIS2_ESt8equal_toIS2_ESaISt4pairIKS2_mEEED2Ev
 .text._ZNSt8__detail16_Hashtable_allocISaINS_10_Hash_nodeISt4pairIKN7Chimera3DMA15MemoryIncrementEmELb0EEEEE19_M_allocate_bucketsEj
                0x080023e8       0x22 VisualGDB/Debug/hw_dma_mapping.o
                0x080023e8                _ZNSt8__detail16_Hashtable_allocISaINS_10_Hash_nodeISt4pairIKN7Chimera3DMA15MemoryIncrementEmELb0EEEEE19_M_allocate_bucketsEj
 .text._ZNSt8__detail16_Hashtable_allocISaINS_10_Hash_nodeISt4pairIKN7Chimera3DMA15MemoryIncrementEmELb0EEEEE18_M_deallocate_nodeEPS8_
                0x0800240a        0xa VisualGDB/Debug/hw_dma_mapping.o
                0x0800240a                _ZNSt8__detail16_Hashtable_allocISaINS_10_Hash_nodeISt4pairIKN7Chimera3DMA15MemoryIncrementEmELb0EEEEE18_M_deallocate_nodeEPS8_
 .text._ZNSt8__detail16_Hashtable_allocISaINS_10_Hash_nodeISt4pairIKN7Chimera3DMA15MemoryIncrementEmELb0EEEEE19_M_deallocate_nodesEPS8_
                0x08002414       0x14 VisualGDB/Debug/hw_dma_mapping.o
                0x08002414                _ZNSt8__detail16_Hashtable_allocISaINS_10_Hash_nodeISt4pairIKN7Chimera3DMA15MemoryIncrementEmELb0EEEEE19_M_deallocate_nodesEPS8_
 .text._ZNSt10_HashtableIN7Chimera3DMA15MemoryIncrementESt4pairIKS2_mESaIS5_ENSt8__detail10_Select1stESt8equal_toIS2_ESt4hashIS2_ENS7_18_Mod_range_hashingENS7_20_Default_ranged_hashENS7_20_Prime_rehash_policyENS7_17_Hashtable_traitsILb0ELb0ELb1EEEE5clearEv
                0x08002428       0x1e VisualGDB/Debug/hw_dma_mapping.o
                0x08002428                _ZNSt10_HashtableIN7Chimera3DMA15MemoryIncrementESt4pairIKS2_mESaIS5_ENSt8__detail10_Select1stESt8equal_toIS2_ESt4hashIS2_ENS7_18_Mod_range_hashingENS7_20_Default_ranged_hashENS7_20_Prime_rehash_policyENS7_17_Hashtable_traitsILb0ELb0ELb1EEEE5clearEv
 .text._ZNSt8__detail16_Hashtable_allocISaINS_10_Hash_nodeISt4pairIKN7Chimera3DMA15MemoryIncrementEmELb0EEEEE21_M_deallocate_bucketsEPPNS_15_Hash_node_baseEj
                0x08002446        0xa VisualGDB/Debug/hw_dma_mapping.o
                0x08002446                _ZNSt8__detail16_Hashtable_allocISaINS_10_Hash_nodeISt4pairIKN7Chimera3DMA15MemoryIncrementEmELb0EEEEE21_M_deallocate_bucketsEPPNS_15_Hash_node_baseEj
 .text._ZNSt10_HashtableIN7Chimera3DMA15MemoryIncrementESt4pairIKS2_mESaIS5_ENSt8__detail10_Select1stESt8equal_toIS2_ESt4hashIS2_ENS7_18_Mod_range_hashingENS7_20_Default_ranged_hashENS7_20_Prime_rehash_policyENS7_17_Hashtable_traitsILb0ELb0ELb1EEEED2Ev
                0x08002450       0x1e VisualGDB/Debug/hw_dma_mapping.o
                0x08002450                _ZNSt10_HashtableIN7Chimera3DMA15MemoryIncrementESt4pairIKS2_mESaIS5_ENSt8__detail10_Select1stESt8equal_toIS2_ESt4hashIS2_ENS7_18_Mod_range_hashingENS7_20_Default_ranged_hashENS7_20_Prime_rehash_policyENS7_17_Hashtable_traitsILb0ELb0ELb1EEEED1Ev
                0x08002450                _ZNSt10_HashtableIN7Chimera3DMA15MemoryIncrementESt4pairIKS2_mESaIS5_ENSt8__detail10_Select1stESt8equal_toIS2_ESt4hashIS2_ENS7_18_Mod_range_hashingENS7_20_Default_ranged_hashENS7_20_Prime_rehash_policyENS7_17_Hashtable_traitsILb0ELb0ELb1EEEED2Ev
 .text._ZNSt13unordered_mapIN7Chimera3DMA15MemoryIncrementEmSt4hashIS2_ESt8equal_toIS2_ESaISt4pairIKS2_mEEED2Ev
                0x0800246e        0xc VisualGDB/Debug/hw_dma_mapping.o
                0x0800246e                _ZNSt13unordered_mapIN7Chimera3DMA15MemoryIncrementEmSt4hashIS2_ESt8equal_toIS2_ESaISt4pairIKS2_mEEED1Ev
                0x0800246e                _ZNSt13unordered_mapIN7Chimera3DMA15MemoryIncrementEmSt4hashIS2_ESt8equal_toIS2_ESaISt4pairIKS2_mEEED2Ev
 .text._ZNSt8__detail16_Hashtable_allocISaINS_10_Hash_nodeISt4pairIKN7Chimera3DMA15MemoryAlignmentEmELb0EEEEE19_M_allocate_bucketsEj
                0x0800247a       0x22 VisualGDB/Debug/hw_dma_mapping.o
                0x0800247a                _ZNSt8__detail16_Hashtable_allocISaINS_10_Hash_nodeISt4pairIKN7Chimera3DMA15MemoryAlignmentEmELb0EEEEE19_M_allocate_bucketsEj
 .text._ZNSt8__detail16_Hashtable_allocISaINS_10_Hash_nodeISt4pairIKN7Chimera3DMA15MemoryAlignmentEmELb0EEEEE18_M_deallocate_nodeEPS8_
                0x0800249c        0xa VisualGDB/Debug/hw_dma_mapping.o
                0x0800249c                _ZNSt8__detail16_Hashtable_allocISaINS_10_Hash_nodeISt4pairIKN7Chimera3DMA15MemoryAlignmentEmELb0EEEEE18_M_deallocate_nodeEPS8_
 .text._ZNSt8__detail16_Hashtable_allocISaINS_10_Hash_nodeISt4pairIKN7Chimera3DMA15MemoryAlignmentEmELb0EEEEE19_M_deallocate_nodesEPS8_
                0x080024a6       0x14 VisualGDB/Debug/hw_dma_mapping.o
                0x080024a6                _ZNSt8__detail16_Hashtable_allocISaINS_10_Hash_nodeISt4pairIKN7Chimera3DMA15MemoryAlignmentEmELb0EEEEE19_M_deallocate_nodesEPS8_
 .text._ZNSt10_HashtableIN7Chimera3DMA15MemoryAlignmentESt4pairIKS2_mESaIS5_ENSt8__detail10_Select1stESt8equal_toIS2_ESt4hashIS2_ENS7_18_Mod_range_hashingENS7_20_Default_ranged_hashENS7_20_Prime_rehash_policyENS7_17_Hashtable_traitsILb0ELb0ELb1EEEE5clearEv
                0x080024ba       0x1e VisualGDB/Debug/hw_dma_mapping.o
                0x080024ba                _ZNSt10_HashtableIN7Chimera3DMA15MemoryAlignmentESt4pairIKS2_mESaIS5_ENSt8__detail10_Select1stESt8equal_toIS2_ESt4hashIS2_ENS7_18_Mod_range_hashingENS7_20_Default_ranged_hashENS7_20_Prime_rehash_policyENS7_17_Hashtable_traitsILb0ELb0ELb1EEEE5clearEv
 .text._ZNSt8__detail16_Hashtable_allocISaINS_10_Hash_nodeISt4pairIKN7Chimera3DMA15MemoryAlignmentEmELb0EEEEE21_M_deallocate_bucketsEPPNS_15_Hash_node_baseEj
                0x080024d8        0xa VisualGDB/Debug/hw_dma_mapping.o
                0x080024d8                _ZNSt8__detail16_Hashtable_allocISaINS_10_Hash_nodeISt4pairIKN7Chimera3DMA15MemoryAlignmentEmELb0EEEEE21_M_deallocate_bucketsEPPNS_15_Hash_node_baseEj
 .text._ZNSt10_HashtableIN7Chimera3DMA15MemoryAlignmentESt4pairIKS2_mESaIS5_ENSt8__detail10_Select1stESt8equal_toIS2_ESt4hashIS2_ENS7_18_Mod_range_hashingENS7_20_Default_ranged_hashENS7_20_Prime_rehash_policyENS7_17_Hashtable_traitsILb0ELb0ELb1EEEED2Ev
                0x080024e2       0x1e VisualGDB/Debug/hw_dma_mapping.o
                0x080024e2                _ZNSt10_HashtableIN7Chimera3DMA15MemoryAlignmentESt4pairIKS2_mESaIS5_ENSt8__detail10_Select1stESt8equal_toIS2_ESt4hashIS2_ENS7_18_Mod_range_hashingENS7_20_Default_ranged_hashENS7_20_Prime_rehash_policyENS7_17_Hashtable_traitsILb0ELb0ELb1EEEED1Ev
                0x080024e2                _ZNSt10_HashtableIN7Chimera3DMA15MemoryAlignmentESt4pairIKS2_mESaIS5_ENSt8__detail10_Select1stESt8equal_toIS2_ESt4hashIS2_ENS7_18_Mod_range_hashingENS7_20_Default_ranged_hashENS7_20_Prime_rehash_policyENS7_17_Hashtable_traitsILb0ELb0ELb1EEEED2Ev
 .text._ZNSt13unordered_mapIN7Chimera3DMA15MemoryAlignmentEmSt4hashIS2_ESt8equal_toIS2_ESaISt4pairIKS2_mEEED2Ev
                0x08002500        0xc VisualGDB/Debug/hw_dma_mapping.o
                0x08002500                _ZNSt13unordered_mapIN7Chimera3DMA15MemoryAlignmentEmSt4hashIS2_ESt8equal_toIS2_ESaISt4pairIKS2_mEEED1Ev
                0x08002500                _ZNSt13unordered_mapIN7Chimera3DMA15MemoryAlignmentEmSt4hashIS2_ESt8equal_toIS2_ESaISt4pairIKS2_mEEED2Ev
 .text._ZNSt8__detail16_Hashtable_allocISaINS_10_Hash_nodeISt4pairIKN7Chimera3DMA19PeripheralIncrementEmELb0EEEEE19_M_allocate_bucketsEj
                0x0800250c       0x22 VisualGDB/Debug/hw_dma_mapping.o
                0x0800250c                _ZNSt8__detail16_Hashtable_allocISaINS_10_Hash_nodeISt4pairIKN7Chimera3DMA19PeripheralIncrementEmELb0EEEEE19_M_allocate_bucketsEj
 .text._ZNSt8__detail16_Hashtable_allocISaINS_10_Hash_nodeISt4pairIKN7Chimera3DMA19PeripheralIncrementEmELb0EEEEE18_M_deallocate_nodeEPS8_
                0x0800252e        0xa VisualGDB/Debug/hw_dma_mapping.o
                0x0800252e                _ZNSt8__detail16_Hashtable_allocISaINS_10_Hash_nodeISt4pairIKN7Chimera3DMA19PeripheralIncrementEmELb0EEEEE18_M_deallocate_nodeEPS8_
 .text._ZNSt8__detail16_Hashtable_allocISaINS_10_Hash_nodeISt4pairIKN7Chimera3DMA19PeripheralIncrementEmELb0EEEEE19_M_deallocate_nodesEPS8_
                0x08002538       0x14 VisualGDB/Debug/hw_dma_mapping.o
                0x08002538                _ZNSt8__detail16_Hashtable_allocISaINS_10_Hash_nodeISt4pairIKN7Chimera3DMA19PeripheralIncrementEmELb0EEEEE19_M_deallocate_nodesEPS8_
 .text._ZNSt10_HashtableIN7Chimera3DMA19PeripheralIncrementESt4pairIKS2_mESaIS5_ENSt8__detail10_Select1stESt8equal_toIS2_ESt4hashIS2_ENS7_18_Mod_range_hashingENS7_20_Default_ranged_hashENS7_20_Prime_rehash_policyENS7_17_Hashtable_traitsILb0ELb0ELb1EEEE5clearEv
                0x0800254c       0x1e VisualGDB/Debug/hw_dma_mapping.o
                0x0800254c                _ZNSt10_HashtableIN7Chimera3DMA19PeripheralIncrementESt4pairIKS2_mESaIS5_ENSt8__detail10_Select1stESt8equal_toIS2_ESt4hashIS2_ENS7_18_Mod_range_hashingENS7_20_Default_ranged_hashENS7_20_Prime_rehash_policyENS7_17_Hashtable_traitsILb0ELb0ELb1EEEE5clearEv
 .text._ZNSt8__detail16_Hashtable_allocISaINS_10_Hash_nodeISt4pairIKN7Chimera3DMA19PeripheralIncrementEmELb0EEEEE21_M_deallocate_bucketsEPPNS_15_Hash_node_baseEj
                0x0800256a        0xa VisualGDB/Debug/hw_dma_mapping.o
                0x0800256a                _ZNSt8__detail16_Hashtable_allocISaINS_10_Hash_nodeISt4pairIKN7Chimera3DMA19PeripheralIncrementEmELb0EEEEE21_M_deallocate_bucketsEPPNS_15_Hash_node_baseEj
 .text._ZNSt10_HashtableIN7Chimera3DMA19PeripheralIncrementESt4pairIKS2_mESaIS5_ENSt8__detail10_Select1stESt8equal_toIS2_ESt4hashIS2_ENS7_18_Mod_range_hashingENS7_20_Default_ranged_hashENS7_20_Prime_rehash_policyENS7_17_Hashtable_traitsILb0ELb0ELb1EEEED2Ev
                0x08002574       0x1e VisualGDB/Debug/hw_dma_mapping.o
                0x08002574                _ZNSt10_HashtableIN7Chimera3DMA19PeripheralIncrementESt4pairIKS2_mESaIS5_ENSt8__detail10_Select1stESt8equal_toIS2_ESt4hashIS2_ENS7_18_Mod_range_hashingENS7_20_Default_ranged_hashENS7_20_Prime_rehash_policyENS7_17_Hashtable_traitsILb0ELb0ELb1EEEED2Ev
                0x08002574                _ZNSt10_HashtableIN7Chimera3DMA19PeripheralIncrementESt4pairIKS2_mESaIS5_ENSt8__detail10_Select1stESt8equal_toIS2_ESt4hashIS2_ENS7_18_Mod_range_hashingENS7_20_Default_ranged_hashENS7_20_Prime_rehash_policyENS7_17_Hashtable_traitsILb0ELb0ELb1EEEED1Ev
 .text._ZNSt13unordered_mapIN7Chimera3DMA19PeripheralIncrementEmSt4hashIS2_ESt8equal_toIS2_ESaISt4pairIKS2_mEEED2Ev
                0x08002592        0xc VisualGDB/Debug/hw_dma_mapping.o
                0x08002592                _ZNSt13unordered_mapIN7Chimera3DMA19PeripheralIncrementEmSt4hashIS2_ESt8equal_toIS2_ESaISt4pairIKS2_mEEED2Ev
                0x08002592                _ZNSt13unordered_mapIN7Chimera3DMA19PeripheralIncrementEmSt4hashIS2_ESt8equal_toIS2_ESaISt4pairIKS2_mEEED1Ev
 .text._ZNSt8__detail16_Hashtable_allocISaINS_10_Hash_nodeISt4pairIKN7Chimera3DMA19PeripheralAlignmentEmELb0EEEEE19_M_allocate_bucketsEj
                0x0800259e       0x22 VisualGDB/Debug/hw_dma_mapping.o
                0x0800259e                _ZNSt8__detail16_Hashtable_allocISaINS_10_Hash_nodeISt4pairIKN7Chimera3DMA19PeripheralAlignmentEmELb0EEEEE19_M_allocate_bucketsEj
 .text._ZNSt8__detail16_Hashtable_allocISaINS_10_Hash_nodeISt4pairIKN7Chimera3DMA19PeripheralAlignmentEmELb0EEEEE18_M_deallocate_nodeEPS8_
                0x080025c0        0xa VisualGDB/Debug/hw_dma_mapping.o
                0x080025c0                _ZNSt8__detail16_Hashtable_allocISaINS_10_Hash_nodeISt4pairIKN7Chimera3DMA19PeripheralAlignmentEmELb0EEEEE18_M_deallocate_nodeEPS8_
 .text._ZNSt8__detail16_Hashtable_allocISaINS_10_Hash_nodeISt4pairIKN7Chimera3DMA19PeripheralAlignmentEmELb0EEEEE19_M_deallocate_nodesEPS8_
                0x080025ca       0x14 VisualGDB/Debug/hw_dma_mapping.o
                0x080025ca                _ZNSt8__detail16_Hashtable_allocISaINS_10_Hash_nodeISt4pairIKN7Chimera3DMA19PeripheralAlignmentEmELb0EEEEE19_M_deallocate_nodesEPS8_
 .text._ZNSt10_HashtableIN7Chimera3DMA19PeripheralAlignmentESt4pairIKS2_mESaIS5_ENSt8__detail10_Select1stESt8equal_toIS2_ESt4hashIS2_ENS7_18_Mod_range_hashingENS7_20_Default_ranged_hashENS7_20_Prime_rehash_policyENS7_17_Hashtable_traitsILb0ELb0ELb1EEEE5clearEv
                0x080025de       0x1e VisualGDB/Debug/hw_dma_mapping.o
                0x080025de                _ZNSt10_HashtableIN7Chimera3DMA19PeripheralAlignmentESt4pairIKS2_mESaIS5_ENSt8__detail10_Select1stESt8equal_toIS2_ESt4hashIS2_ENS7_18_Mod_range_hashingENS7_20_Default_ranged_hashENS7_20_Prime_rehash_policyENS7_17_Hashtable_traitsILb0ELb0ELb1EEEE5clearEv
 .text._ZNSt8__detail16_Hashtable_allocISaINS_10_Hash_nodeISt4pairIKN7Chimera3DMA19PeripheralAlignmentEmELb0EEEEE21_M_deallocate_bucketsEPPNS_15_Hash_node_baseEj
                0x080025fc        0xa VisualGDB/Debug/hw_dma_mapping.o
                0x080025fc                _ZNSt8__detail16_Hashtable_allocISaINS_10_Hash_nodeISt4pairIKN7Chimera3DMA19PeripheralAlignmentEmELb0EEEEE21_M_deallocate_bucketsEPPNS_15_Hash_node_baseEj
 .text._ZNSt10_HashtableIN7Chimera3DMA19PeripheralAlignmentESt4pairIKS2_mESaIS5_ENSt8__detail10_Select1stESt8equal_toIS2_ESt4hashIS2_ENS7_18_Mod_range_hashingENS7_20_Default_ranged_hashENS7_20_Prime_rehash_policyENS7_17_Hashtable_traitsILb0ELb0ELb1EEEED2Ev
                0x08002606       0x1e VisualGDB/Debug/hw_dma_mapping.o
                0x08002606                _ZNSt10_HashtableIN7Chimera3DMA19PeripheralAlignmentESt4pairIKS2_mESaIS5_ENSt8__detail10_Select1stESt8equal_toIS2_ESt4hashIS2_ENS7_18_Mod_range_hashingENS7_20_Default_ranged_hashENS7_20_Prime_rehash_policyENS7_17_Hashtable_traitsILb0ELb0ELb1EEEED2Ev
                0x08002606                _ZNSt10_HashtableIN7Chimera3DMA19PeripheralAlignmentESt4pairIKS2_mESaIS5_ENSt8__detail10_Select1stESt8equal_toIS2_ESt4hashIS2_ENS7_18_Mod_range_hashingENS7_20_Default_ranged_hashENS7_20_Prime_rehash_policyENS7_17_Hashtable_traitsILb0ELb0ELb1EEEED1Ev
 .text._ZNSt13unordered_mapIN7Chimera3DMA19PeripheralAlignmentEmSt4hashIS2_ESt8equal_toIS2_ESaISt4pairIKS2_mEEED2Ev
                0x08002624        0xc VisualGDB/Debug/hw_dma_mapping.o
                0x08002624                _ZNSt13unordered_mapIN7Chimera3DMA19PeripheralAlignmentEmSt4hashIS2_ESt8equal_toIS2_ESaISt4pairIKS2_mEEED1Ev
                0x08002624                _ZNSt13unordered_mapIN7Chimera3DMA19PeripheralAlignmentEmSt4hashIS2_ESt8equal_toIS2_ESaISt4pairIKS2_mEEED2Ev
 .text._ZNSt8__detail16_Hashtable_allocISaINS_10_Hash_nodeISt4pairIKN7Chimera3DMA8PriorityEmELb0EEEEE19_M_allocate_bucketsEj
                0x08002630       0x22 VisualGDB/Debug/hw_dma_mapping.o
                0x08002630                _ZNSt8__detail16_Hashtable_allocISaINS_10_Hash_nodeISt4pairIKN7Chimera3DMA8PriorityEmELb0EEEEE19_M_allocate_bucketsEj
 .text._ZNSt8__detail16_Hashtable_allocISaINS_10_Hash_nodeISt4pairIKN7Chimera3DMA8PriorityEmELb0EEEEE18_M_deallocate_nodeEPS8_
                0x08002652        0xa VisualGDB/Debug/hw_dma_mapping.o
                0x08002652                _ZNSt8__detail16_Hashtable_allocISaINS_10_Hash_nodeISt4pairIKN7Chimera3DMA8PriorityEmELb0EEEEE18_M_deallocate_nodeEPS8_
 .text._ZNSt8__detail16_Hashtable_allocISaINS_10_Hash_nodeISt4pairIKN7Chimera3DMA8PriorityEmELb0EEEEE19_M_deallocate_nodesEPS8_
                0x0800265c       0x14 VisualGDB/Debug/hw_dma_mapping.o
                0x0800265c                _ZNSt8__detail16_Hashtable_allocISaINS_10_Hash_nodeISt4pairIKN7Chimera3DMA8PriorityEmELb0EEEEE19_M_deallocate_nodesEPS8_
 .text._ZNSt10_HashtableIN7Chimera3DMA8PriorityESt4pairIKS2_mESaIS5_ENSt8__detail10_Select1stESt8equal_toIS2_ESt4hashIS2_ENS7_18_Mod_range_hashingENS7_20_Default_ranged_hashENS7_20_Prime_rehash_policyENS7_17_Hashtable_traitsILb0ELb0ELb1EEEE5clearEv
                0x08002670       0x1e VisualGDB/Debug/hw_dma_mapping.o
                0x08002670                _ZNSt10_HashtableIN7Chimera3DMA8PriorityESt4pairIKS2_mESaIS5_ENSt8__detail10_Select1stESt8equal_toIS2_ESt4hashIS2_ENS7_18_Mod_range_hashingENS7_20_Default_ranged_hashENS7_20_Prime_rehash_policyENS7_17_Hashtable_traitsILb0ELb0ELb1EEEE5clearEv
 .text._ZNSt8__detail16_Hashtable_allocISaINS_10_Hash_nodeISt4pairIKN7Chimera3DMA8PriorityEmELb0EEEEE21_M_deallocate_bucketsEPPNS_15_Hash_node_baseEj
                0x0800268e        0xa VisualGDB/Debug/hw_dma_mapping.o
                0x0800268e                _ZNSt8__detail16_Hashtable_allocISaINS_10_Hash_nodeISt4pairIKN7Chimera3DMA8PriorityEmELb0EEEEE21_M_deallocate_bucketsEPPNS_15_Hash_node_baseEj
 .text._ZNSt10_HashtableIN7Chimera3DMA8PriorityESt4pairIKS2_mESaIS5_ENSt8__detail10_Select1stESt8equal_toIS2_ESt4hashIS2_ENS7_18_Mod_range_hashingENS7_20_Default_ranged_hashENS7_20_Prime_rehash_policyENS7_17_Hashtable_traitsILb0ELb0ELb1EEEED2Ev
                0x08002698       0x1e VisualGDB/Debug/hw_dma_mapping.o
                0x08002698                _ZNSt10_HashtableIN7Chimera3DMA8PriorityESt4pairIKS2_mESaIS5_ENSt8__detail10_Select1stESt8equal_toIS2_ESt4hashIS2_ENS7_18_Mod_range_hashingENS7_20_Default_ranged_hashENS7_20_Prime_rehash_policyENS7_17_Hashtable_traitsILb0ELb0ELb1EEEED1Ev
                0x08002698                _ZNSt10_HashtableIN7Chimera3DMA8PriorityESt4pairIKS2_mESaIS5_ENSt8__detail10_Select1stESt8equal_toIS2_ESt4hashIS2_ENS7_18_Mod_range_hashingENS7_20_Default_ranged_hashENS7_20_Prime_rehash_policyENS7_17_Hashtable_traitsILb0ELb0ELb1EEEED2Ev
 .text._ZNSt13unordered_mapIN7Chimera3DMA8PriorityEmSt4hashIS2_ESt8equal_toIS2_ESaISt4pairIKS2_mEEED2Ev
                0x080026b6        0xc VisualGDB/Debug/hw_dma_mapping.o
                0x080026b6                _ZNSt13unordered_mapIN7Chimera3DMA8PriorityEmSt4hashIS2_ESt8equal_toIS2_ESaISt4pairIKS2_mEEED2Ev
                0x080026b6                _ZNSt13unordered_mapIN7Chimera3DMA8PriorityEmSt4hashIS2_ESt8equal_toIS2_ESaISt4pairIKS2_mEEED1Ev
 .text._ZNSt8__detail16_Hashtable_allocISaINS_10_Hash_nodeISt4pairIKN7Chimera3DMA7ChannelEKPN4Thor6Driver3DMA7StreamXEELb0EEEEE19_M_allocate_bucketsEj
                0x080026c2       0x22 VisualGDB/Debug/hw_dma_mapping.o
                0x080026c2                _ZNSt8__detail16_Hashtable_allocISaINS_10_Hash_nodeISt4pairIKN7Chimera3DMA7ChannelEKPN4Thor6Driver3DMA7StreamXEELb0EEEEE19_M_allocate_bucketsEj
 .text._ZNSt8__detail16_Hashtable_allocISaINS_10_Hash_nodeISt4pairIKN7Chimera3DMA7ChannelEKPN4Thor6Driver3DMA7StreamXEELb0EEEEE18_M_deallocate_nodeEPSE_
                0x080026e4        0xa VisualGDB/Debug/hw_dma_mapping.o
                0x080026e4                _ZNSt8__detail16_Hashtable_allocISaINS_10_Hash_nodeISt4pairIKN7Chimera3DMA7ChannelEKPN4Thor6Driver3DMA7StreamXEELb0EEEEE18_M_deallocate_nodeEPSE_
 .text._ZNSt8__detail16_Hashtable_allocISaINS_10_Hash_nodeISt4pairIKN7Chimera3DMA7ChannelEKPN4Thor6Driver3DMA7StreamXEELb0EEEEE19_M_deallocate_nodesEPSE_
                0x080026ee       0x14 VisualGDB/Debug/hw_dma_mapping.o
                0x080026ee                _ZNSt8__detail16_Hashtable_allocISaINS_10_Hash_nodeISt4pairIKN7Chimera3DMA7ChannelEKPN4Thor6Driver3DMA7StreamXEELb0EEEEE19_M_deallocate_nodesEPSE_
 .text._ZNSt10_HashtableIN7Chimera3DMA7ChannelESt4pairIKS2_KPN4Thor6Driver3DMA7StreamXEESaISB_ENSt8__detail10_Select1stESt8equal_toIS2_ESt4hashIS2_ENSD_18_Mod_range_hashingENSD_20_Default_ranged_hashENSD_20_Prime_rehash_policyENSD_17_Hashtable_traitsILb0ELb0ELb1EEEE5clearEv
                0x08002702       0x1e VisualGDB/Debug/hw_dma_mapping.o
                0x08002702                _ZNSt10_HashtableIN7Chimera3DMA7ChannelESt4pairIKS2_KPN4Thor6Driver3DMA7StreamXEESaISB_ENSt8__detail10_Select1stESt8equal_toIS2_ESt4hashIS2_ENSD_18_Mod_range_hashingENSD_20_Default_ranged_hashENSD_20_Prime_rehash_policyENSD_17_Hashtable_traitsILb0ELb0ELb1EEEE5clearEv
 .text._ZNSt8__detail16_Hashtable_allocISaINS_10_Hash_nodeISt4pairIKN7Chimera3DMA7ChannelEKPN4Thor6Driver3DMA7StreamXEELb0EEEEE21_M_deallocate_bucketsEPPNS_15_Hash_node_baseEj
                0x08002720        0xa VisualGDB/Debug/hw_dma_mapping.o
                0x08002720                _ZNSt8__detail16_Hashtable_allocISaINS_10_Hash_nodeISt4pairIKN7Chimera3DMA7ChannelEKPN4Thor6Driver3DMA7StreamXEELb0EEEEE21_M_deallocate_bucketsEPPNS_15_Hash_node_baseEj
 .text._ZNSt10_HashtableIN7Chimera3DMA7ChannelESt4pairIKS2_KPN4Thor6Driver3DMA7StreamXEESaISB_ENSt8__detail10_Select1stESt8equal_toIS2_ESt4hashIS2_ENSD_18_Mod_range_hashingENSD_20_Default_ranged_hashENSD_20_Prime_rehash_policyENSD_17_Hashtable_traitsILb0ELb0ELb1EEEED2Ev
                0x0800272a       0x1e VisualGDB/Debug/hw_dma_mapping.o
                0x0800272a                _ZNSt10_HashtableIN7Chimera3DMA7ChannelESt4pairIKS2_KPN4Thor6Driver3DMA7StreamXEESaISB_ENSt8__detail10_Select1stESt8equal_toIS2_ESt4hashIS2_ENSD_18_Mod_range_hashingENSD_20_Default_ranged_hashENSD_20_Prime_rehash_policyENSD_17_Hashtable_traitsILb0ELb0ELb1EEEED1Ev
                0x0800272a                _ZNSt10_HashtableIN7Chimera3DMA7ChannelESt4pairIKS2_KPN4Thor6Driver3DMA7StreamXEESaISB_ENSt8__detail10_Select1stESt8equal_toIS2_ESt4hashIS2_ENSD_18_Mod_range_hashingENSD_20_Default_ranged_hashENSD_20_Prime_rehash_policyENSD_17_Hashtable_traitsILb0ELb0ELb1EEEED2Ev
 .text._ZNSt13unordered_mapIN7Chimera3DMA7ChannelEKPN4Thor6Driver3DMA7StreamXESt4hashIS2_ESt8equal_toIS2_ESaISt4pairIKS2_S8_EEED2Ev
                0x08002748        0xc VisualGDB/Debug/hw_dma_mapping.o
                0x08002748                _ZNSt13unordered_mapIN7Chimera3DMA7ChannelEKPN4Thor6Driver3DMA7StreamXESt4hashIS2_ESt8equal_toIS2_ESaISt4pairIKS2_S8_EEED2Ev
                0x08002748                _ZNSt13unordered_mapIN7Chimera3DMA7ChannelEKPN4Thor6Driver3DMA7StreamXESt4hashIS2_ESt8equal_toIS2_ESaISt4pairIKS2_S8_EEED1Ev
 .text._ZNSt8__detail16_Hashtable_allocISaINS_10_Hash_nodeISt4pairIKjjELb0EEEEE16_M_allocate_nodeIJRKS4_EEEPS5_DpOT_
                0x08002754       0x20 VisualGDB/Debug/hw_dma_mapping.o
                0x08002754                _ZNSt8__detail16_Hashtable_allocISaINS_10_Hash_nodeISt4pairIKjjELb0EEEEE16_M_allocate_nodeIJRKS4_EEEPS5_DpOT_
 .text._ZNSt10_HashtableIjSt4pairIKjjESaIS2_ENSt8__detail10_Select1stESt8equal_toIjESt4hashIjENS4_18_Mod_range_hashingENS4_20_Default_ranged_hashENS4_20_Prime_rehash_policyENS4_17_Hashtable_traitsILb0ELb0ELb1EEEE22_M_insert_bucket_beginEjPNS4_10_Hash_nodeIS2_Lb0EEE
                0x08002774       0x40 VisualGDB/Debug/hw_dma_mapping.o
                0x08002774                _ZNSt10_HashtableIjSt4pairIKjjESaIS2_ENSt8__detail10_Select1stESt8equal_toIjESt4hashIjENS4_18_Mod_range_hashingENS4_20_Default_ranged_hashENS4_20_Prime_rehash_policyENS4_17_Hashtable_traitsILb0ELb0ELb1EEEE22_M_insert_bucket_beginEjPNS4_10_Hash_nodeIS2_Lb0EEE
 .text._ZNKSt10_HashtableIN7Chimera3DMA17TransferDirectionESt4pairIKS2_mESaIS5_ENSt8__detail10_Select1stESt8equal_toIS2_ESt4hashIS2_ENS7_18_Mod_range_hashingENS7_20_Default_ranged_hashENS7_20_Prime_rehash_policyENS7_17_Hashtable_traitsILb0ELb0ELb1EEEE19_M_find_before_nodeEjRS4_j
                0x080027b4       0x3c VisualGDB/Debug/hw_dma_mapping.o
                0x080027b4                _ZNKSt10_HashtableIN7Chimera3DMA17TransferDirectionESt4pairIKS2_mESaIS5_ENSt8__detail10_Select1stESt8equal_toIS2_ESt4hashIS2_ENS7_18_Mod_range_hashingENS7_20_Default_ranged_hashENS7_20_Prime_rehash_policyENS7_17_Hashtable_traitsILb0ELb0ELb1EEEE19_M_find_before_nodeEjRS4_j
 .text._ZNSt8__detail16_Hashtable_allocISaINS_10_Hash_nodeISt4pairIKN7Chimera3DMA17TransferDirectionEmELb0EEEEE16_M_allocate_nodeIJRKS7_EEEPS8_DpOT_
                0x080027f0       0x20 VisualGDB/Debug/hw_dma_mapping.o
                0x080027f0                _ZNSt8__detail16_Hashtable_allocISaINS_10_Hash_nodeISt4pairIKN7Chimera3DMA17TransferDirectionEmELb0EEEEE16_M_allocate_nodeIJRKS7_EEEPS8_DpOT_
 .text._ZNSt10_HashtableIN7Chimera3DMA17TransferDirectionESt4pairIKS2_mESaIS5_ENSt8__detail10_Select1stESt8equal_toIS2_ESt4hashIS2_ENS7_18_Mod_range_hashingENS7_20_Default_ranged_hashENS7_20_Prime_rehash_policyENS7_17_Hashtable_traitsILb0ELb0ELb1EEEE22_M_insert_bucket_beginEjPNS7_10_Hash_nodeIS5_Lb0EEE
                0x08002810       0x40 VisualGDB/Debug/hw_dma_mapping.o
                0x08002810                _ZNSt10_HashtableIN7Chimera3DMA17TransferDirectionESt4pairIKS2_mESaIS5_ENSt8__detail10_Select1stESt8equal_toIS2_ESt4hashIS2_ENS7_18_Mod_range_hashingENS7_20_Default_ranged_hashENS7_20_Prime_rehash_policyENS7_17_Hashtable_traitsILb0ELb0ELb1EEEE22_M_insert_bucket_beginEjPNS7_10_Hash_nodeIS5_Lb0EEE
 .text._ZNKSt10_HashtableIN7Chimera3DMA4ModeESt4pairIKS2_mESaIS5_ENSt8__detail10_Select1stESt8equal_toIS2_ESt4hashIS2_ENS7_18_Mod_range_hashingENS7_20_Default_ranged_hashENS7_20_Prime_rehash_policyENS7_17_Hashtable_traitsILb0ELb0ELb1EEEE19_M_find_before_nodeEjRS4_j
                0x08002850       0x3c VisualGDB/Debug/hw_dma_mapping.o
                0x08002850                _ZNKSt10_HashtableIN7Chimera3DMA4ModeESt4pairIKS2_mESaIS5_ENSt8__detail10_Select1stESt8equal_toIS2_ESt4hashIS2_ENS7_18_Mod_range_hashingENS7_20_Default_ranged_hashENS7_20_Prime_rehash_policyENS7_17_Hashtable_traitsILb0ELb0ELb1EEEE19_M_find_before_nodeEjRS4_j
 .text._ZNSt8__detail16_Hashtable_allocISaINS_10_Hash_nodeISt4pairIKN7Chimera3DMA4ModeEmELb0EEEEE16_M_allocate_nodeIJRKS7_EEEPS8_DpOT_
                0x0800288c       0x20 VisualGDB/Debug/hw_dma_mapping.o
                0x0800288c                _ZNSt8__detail16_Hashtable_allocISaINS_10_Hash_nodeISt4pairIKN7Chimera3DMA4ModeEmELb0EEEEE16_M_allocate_nodeIJRKS7_EEEPS8_DpOT_
 .text._ZNSt10_HashtableIN7Chimera3DMA4ModeESt4pairIKS2_mESaIS5_ENSt8__detail10_Select1stESt8equal_toIS2_ESt4hashIS2_ENS7_18_Mod_range_hashingENS7_20_Default_ranged_hashENS7_20_Prime_rehash_policyENS7_17_Hashtable_traitsILb0ELb0ELb1EEEE22_M_insert_bucket_beginEjPNS7_10_Hash_nodeIS5_Lb0EEE
                0x080028ac       0x40 VisualGDB/Debug/hw_dma_mapping.o
                0x080028ac                _ZNSt10_HashtableIN7Chimera3DMA4ModeESt4pairIKS2_mESaIS5_ENSt8__detail10_Select1stESt8equal_toIS2_ESt4hashIS2_ENS7_18_Mod_range_hashingENS7_20_Default_ranged_hashENS7_20_Prime_rehash_policyENS7_17_Hashtable_traitsILb0ELb0ELb1EEEE22_M_insert_bucket_beginEjPNS7_10_Hash_nodeIS5_Lb0EEE
 .text._ZNKSt10_HashtableIN7Chimera3DMA7ChannelESt4pairIKS2_mESaIS5_ENSt8__detail10_Select1stESt8equal_toIS2_ESt4hashIS2_ENS7_18_Mod_range_hashingENS7_20_Default_ranged_hashENS7_20_Prime_rehash_policyENS7_17_Hashtable_traitsILb0ELb0ELb1EEEE19_M_find_before_nodeEjRS4_j
                0x080028ec       0x3c VisualGDB/Debug/hw_dma_mapping.o
                0x080028ec                _ZNKSt10_HashtableIN7Chimera3DMA7ChannelESt4pairIKS2_mESaIS5_ENSt8__detail10_Select1stESt8equal_toIS2_ESt4hashIS2_ENS7_18_Mod_range_hashingENS7_20_Default_ranged_hashENS7_20_Prime_rehash_policyENS7_17_Hashtable_traitsILb0ELb0ELb1EEEE19_M_find_before_nodeEjRS4_j
 .text._ZNSt8__detail16_Hashtable_allocISaINS_10_Hash_nodeISt4pairIKN7Chimera3DMA7ChannelEmELb0EEEEE16_M_allocate_nodeIJRKS7_EEEPS8_DpOT_
                0x08002928       0x20 VisualGDB/Debug/hw_dma_mapping.o
                0x08002928                _ZNSt8__detail16_Hashtable_allocISaINS_10_Hash_nodeISt4pairIKN7Chimera3DMA7ChannelEmELb0EEEEE16_M_allocate_nodeIJRKS7_EEEPS8_DpOT_
 .text._ZNSt10_HashtableIN7Chimera3DMA7ChannelESt4pairIKS2_mESaIS5_ENSt8__detail10_Select1stESt8equal_toIS2_ESt4hashIS2_ENS7_18_Mod_range_hashingENS7_20_Default_ranged_hashENS7_20_Prime_rehash_policyENS7_17_Hashtable_traitsILb0ELb0ELb1EEEE22_M_insert_bucket_beginEjPNS7_10_Hash_nodeIS5_Lb0EEE
                0x08002948       0x40 VisualGDB/Debug/hw_dma_mapping.o
                0x08002948                _ZNSt10_HashtableIN7Chimera3DMA7ChannelESt4pairIKS2_mESaIS5_ENSt8__detail10_Select1stESt8equal_toIS2_ESt4hashIS2_ENS7_18_Mod_range_hashingENS7_20_Default_ranged_hashENS7_20_Prime_rehash_policyENS7_17_Hashtable_traitsILb0ELb0ELb1EEEE22_M_insert_bucket_beginEjPNS7_10_Hash_nodeIS5_Lb0EEE
 .text._ZNKSt10_HashtableIN7Chimera3DMA15MemoryIncrementESt4pairIKS2_mESaIS5_ENSt8__detail10_Select1stESt8equal_toIS2_ESt4hashIS2_ENS7_18_Mod_range_hashingENS7_20_Default_ranged_hashENS7_20_Prime_rehash_policyENS7_17_Hashtable_traitsILb0ELb0ELb1EEEE19_M_find_before_nodeEjRS4_j
                0x08002988       0x3c VisualGDB/Debug/hw_dma_mapping.o
                0x08002988                _ZNKSt10_HashtableIN7Chimera3DMA15MemoryIncrementESt4pairIKS2_mESaIS5_ENSt8__detail10_Select1stESt8equal_toIS2_ESt4hashIS2_ENS7_18_Mod_range_hashingENS7_20_Default_ranged_hashENS7_20_Prime_rehash_policyENS7_17_Hashtable_traitsILb0ELb0ELb1EEEE19_M_find_before_nodeEjRS4_j
 .text._ZNSt8__detail16_Hashtable_allocISaINS_10_Hash_nodeISt4pairIKN7Chimera3DMA15MemoryIncrementEmELb0EEEEE16_M_allocate_nodeIJRKS7_EEEPS8_DpOT_
                0x080029c4       0x20 VisualGDB/Debug/hw_dma_mapping.o
                0x080029c4                _ZNSt8__detail16_Hashtable_allocISaINS_10_Hash_nodeISt4pairIKN7Chimera3DMA15MemoryIncrementEmELb0EEEEE16_M_allocate_nodeIJRKS7_EEEPS8_DpOT_
 .text._ZNSt10_HashtableIN7Chimera3DMA15MemoryIncrementESt4pairIKS2_mESaIS5_ENSt8__detail10_Select1stESt8equal_toIS2_ESt4hashIS2_ENS7_18_Mod_range_hashingENS7_20_Default_ranged_hashENS7_20_Prime_rehash_policyENS7_17_Hashtable_traitsILb0ELb0ELb1EEEE22_M_insert_bucket_beginEjPNS7_10_Hash_nodeIS5_Lb0EEE
                0x080029e4       0x40 VisualGDB/Debug/hw_dma_mapping.o
                0x080029e4                _ZNSt10_HashtableIN7Chimera3DMA15MemoryIncrementESt4pairIKS2_mESaIS5_ENSt8__detail10_Select1stESt8equal_toIS2_ESt4hashIS2_ENS7_18_Mod_range_hashingENS7_20_Default_ranged_hashENS7_20_Prime_rehash_policyENS7_17_Hashtable_traitsILb0ELb0ELb1EEEE22_M_insert_bucket_beginEjPNS7_10_Hash_nodeIS5_Lb0EEE
 .text._ZNKSt10_HashtableIN7Chimera3DMA15MemoryAlignmentESt4pairIKS2_mESaIS5_ENSt8__detail10_Select1stESt8equal_toIS2_ESt4hashIS2_ENS7_18_Mod_range_hashingENS7_20_Default_ranged_hashENS7_20_Prime_rehash_policyENS7_17_Hashtable_traitsILb0ELb0ELb1EEEE19_M_find_before_nodeEjRS4_j
                0x08002a24       0x3c VisualGDB/Debug/hw_dma_mapping.o
                0x08002a24                _ZNKSt10_HashtableIN7Chimera3DMA15MemoryAlignmentESt4pairIKS2_mESaIS5_ENSt8__detail10_Select1stESt8equal_toIS2_ESt4hashIS2_ENS7_18_Mod_range_hashingENS7_20_Default_ranged_hashENS7_20_Prime_rehash_policyENS7_17_Hashtable_traitsILb0ELb0ELb1EEEE19_M_find_before_nodeEjRS4_j
 .text._ZNSt8__detail16_Hashtable_allocISaINS_10_Hash_nodeISt4pairIKN7Chimera3DMA15MemoryAlignmentEmELb0EEEEE16_M_allocate_nodeIJRKS7_EEEPS8_DpOT_
                0x08002a60       0x20 VisualGDB/Debug/hw_dma_mapping.o
                0x08002a60                _ZNSt8__detail16_Hashtable_allocISaINS_10_Hash_nodeISt4pairIKN7Chimera3DMA15MemoryAlignmentEmELb0EEEEE16_M_allocate_nodeIJRKS7_EEEPS8_DpOT_
 .text._ZNSt10_HashtableIN7Chimera3DMA15MemoryAlignmentESt4pairIKS2_mESaIS5_ENSt8__detail10_Select1stESt8equal_toIS2_ESt4hashIS2_ENS7_18_Mod_range_hashingENS7_20_Default_ranged_hashENS7_20_Prime_rehash_policyENS7_17_Hashtable_traitsILb0ELb0ELb1EEEE22_M_insert_bucket_beginEjPNS7_10_Hash_nodeIS5_Lb0EEE
                0x08002a80       0x40 VisualGDB/Debug/hw_dma_mapping.o
                0x08002a80                _ZNSt10_HashtableIN7Chimera3DMA15MemoryAlignmentESt4pairIKS2_mESaIS5_ENSt8__detail10_Select1stESt8equal_toIS2_ESt4hashIS2_ENS7_18_Mod_range_hashingENS7_20_Default_ranged_hashENS7_20_Prime_rehash_policyENS7_17_Hashtable_traitsILb0ELb0ELb1EEEE22_M_insert_bucket_beginEjPNS7_10_Hash_nodeIS5_Lb0EEE
 .text._ZNKSt10_HashtableIN7Chimera3DMA19PeripheralIncrementESt4pairIKS2_mESaIS5_ENSt8__detail10_Select1stESt8equal_toIS2_ESt4hashIS2_ENS7_18_Mod_range_hashingENS7_20_Default_ranged_hashENS7_20_Prime_rehash_policyENS7_17_Hashtable_traitsILb0ELb0ELb1EEEE19_M_find_before_nodeEjRS4_j
                0x08002ac0       0x3c VisualGDB/Debug/hw_dma_mapping.o
                0x08002ac0                _ZNKSt10_HashtableIN7Chimera3DMA19PeripheralIncrementESt4pairIKS2_mESaIS5_ENSt8__detail10_Select1stESt8equal_toIS2_ESt4hashIS2_ENS7_18_Mod_range_hashingENS7_20_Default_ranged_hashENS7_20_Prime_rehash_policyENS7_17_Hashtable_traitsILb0ELb0ELb1EEEE19_M_find_before_nodeEjRS4_j
 .text._ZNSt8__detail16_Hashtable_allocISaINS_10_Hash_nodeISt4pairIKN7Chimera3DMA19PeripheralIncrementEmELb0EEEEE16_M_allocate_nodeIJRKS7_EEEPS8_DpOT_
                0x08002afc       0x20 VisualGDB/Debug/hw_dma_mapping.o
                0x08002afc                _ZNSt8__detail16_Hashtable_allocISaINS_10_Hash_nodeISt4pairIKN7Chimera3DMA19PeripheralIncrementEmELb0EEEEE16_M_allocate_nodeIJRKS7_EEEPS8_DpOT_
 .text._ZNSt10_HashtableIN7Chimera3DMA19PeripheralIncrementESt4pairIKS2_mESaIS5_ENSt8__detail10_Select1stESt8equal_toIS2_ESt4hashIS2_ENS7_18_Mod_range_hashingENS7_20_Default_ranged_hashENS7_20_Prime_rehash_policyENS7_17_Hashtable_traitsILb0ELb0ELb1EEEE22_M_insert_bucket_beginEjPNS7_10_Hash_nodeIS5_Lb0EEE
                0x08002b1c       0x40 VisualGDB/Debug/hw_dma_mapping.o
                0x08002b1c                _ZNSt10_HashtableIN7Chimera3DMA19PeripheralIncrementESt4pairIKS2_mESaIS5_ENSt8__detail10_Select1stESt8equal_toIS2_ESt4hashIS2_ENS7_18_Mod_range_hashingENS7_20_Default_ranged_hashENS7_20_Prime_rehash_policyENS7_17_Hashtable_traitsILb0ELb0ELb1EEEE22_M_insert_bucket_beginEjPNS7_10_Hash_nodeIS5_Lb0EEE
 .text._ZNKSt10_HashtableIN7Chimera3DMA19PeripheralAlignmentESt4pairIKS2_mESaIS5_ENSt8__detail10_Select1stESt8equal_toIS2_ESt4hashIS2_ENS7_18_Mod_range_hashingENS7_20_Default_ranged_hashENS7_20_Prime_rehash_policyENS7_17_Hashtable_traitsILb0ELb0ELb1EEEE19_M_find_before_nodeEjRS4_j
                0x08002b5c       0x3c VisualGDB/Debug/hw_dma_mapping.o
                0x08002b5c                _ZNKSt10_HashtableIN7Chimera3DMA19PeripheralAlignmentESt4pairIKS2_mESaIS5_ENSt8__detail10_Select1stESt8equal_toIS2_ESt4hashIS2_ENS7_18_Mod_range_hashingENS7_20_Default_ranged_hashENS7_20_Prime_rehash_policyENS7_17_Hashtable_traitsILb0ELb0ELb1EEEE19_M_find_before_nodeEjRS4_j
 .text._ZNSt8__detail16_Hashtable_allocISaINS_10_Hash_nodeISt4pairIKN7Chimera3DMA19PeripheralAlignmentEmELb0EEEEE16_M_allocate_nodeIJRKS7_EEEPS8_DpOT_
                0x08002b98       0x20 VisualGDB/Debug/hw_dma_mapping.o
                0x08002b98                _ZNSt8__detail16_Hashtable_allocISaINS_10_Hash_nodeISt4pairIKN7Chimera3DMA19PeripheralAlignmentEmELb0EEEEE16_M_allocate_nodeIJRKS7_EEEPS8_DpOT_
 .text._ZNSt10_HashtableIN7Chimera3DMA19PeripheralAlignmentESt4pairIKS2_mESaIS5_ENSt8__detail10_Select1stESt8equal_toIS2_ESt4hashIS2_ENS7_18_Mod_range_hashingENS7_20_Default_ranged_hashENS7_20_Prime_rehash_policyENS7_17_Hashtable_traitsILb0ELb0ELb1EEEE22_M_insert_bucket_beginEjPNS7_10_Hash_nodeIS5_Lb0EEE
                0x08002bb8       0x40 VisualGDB/Debug/hw_dma_mapping.o
                0x08002bb8                _ZNSt10_HashtableIN7Chimera3DMA19PeripheralAlignmentESt4pairIKS2_mESaIS5_ENSt8__detail10_Select1stESt8equal_toIS2_ESt4hashIS2_ENS7_18_Mod_range_hashingENS7_20_Default_ranged_hashENS7_20_Prime_rehash_policyENS7_17_Hashtable_traitsILb0ELb0ELb1EEEE22_M_insert_bucket_beginEjPNS7_10_Hash_nodeIS5_Lb0EEE
 .text._ZNKSt10_HashtableIN7Chimera3DMA8PriorityESt4pairIKS2_mESaIS5_ENSt8__detail10_Select1stESt8equal_toIS2_ESt4hashIS2_ENS7_18_Mod_range_hashingENS7_20_Default_ranged_hashENS7_20_Prime_rehash_policyENS7_17_Hashtable_traitsILb0ELb0ELb1EEEE19_M_find_before_nodeEjRS4_j
                0x08002bf8       0x3c VisualGDB/Debug/hw_dma_mapping.o
                0x08002bf8                _ZNKSt10_HashtableIN7Chimera3DMA8PriorityESt4pairIKS2_mESaIS5_ENSt8__detail10_Select1stESt8equal_toIS2_ESt4hashIS2_ENS7_18_Mod_range_hashingENS7_20_Default_ranged_hashENS7_20_Prime_rehash_policyENS7_17_Hashtable_traitsILb0ELb0ELb1EEEE19_M_find_before_nodeEjRS4_j
 .text._ZNSt8__detail16_Hashtable_allocISaINS_10_Hash_nodeISt4pairIKN7Chimera3DMA8PriorityEmELb0EEEEE16_M_allocate_nodeIJRKS7_EEEPS8_DpOT_
                0x08002c34       0x20 VisualGDB/Debug/hw_dma_mapping.o
                0x08002c34                _ZNSt8__detail16_Hashtable_allocISaINS_10_Hash_nodeISt4pairIKN7Chimera3DMA8PriorityEmELb0EEEEE16_M_allocate_nodeIJRKS7_EEEPS8_DpOT_
 .text._ZNSt10_HashtableIN7Chimera3DMA8PriorityESt4pairIKS2_mESaIS5_ENSt8__detail10_Select1stESt8equal_toIS2_ESt4hashIS2_ENS7_18_Mod_range_hashingENS7_20_Default_ranged_hashENS7_20_Prime_rehash_policyENS7_17_Hashtable_traitsILb0ELb0ELb1EEEE22_M_insert_bucket_beginEjPNS7_10_Hash_nodeIS5_Lb0EEE
                0x08002c54       0x40 VisualGDB/Debug/hw_dma_mapping.o
                0x08002c54                _ZNSt10_HashtableIN7Chimera3DMA8PriorityESt4pairIKS2_mESaIS5_ENSt8__detail10_Select1stESt8equal_toIS2_ESt4hashIS2_ENS7_18_Mod_range_hashingENS7_20_Default_ranged_hashENS7_20_Prime_rehash_policyENS7_17_Hashtable_traitsILb0ELb0ELb1EEEE22_M_insert_bucket_beginEjPNS7_10_Hash_nodeIS5_Lb0EEE
 .text._ZNKSt10_HashtableIN7Chimera3DMA7ChannelESt4pairIKS2_KPN4Thor6Driver3DMA7StreamXEESaISB_ENSt8__detail10_Select1stESt8equal_toIS2_ESt4hashIS2_ENSD_18_Mod_range_hashingENSD_20_Default_ranged_hashENSD_20_Prime_rehash_policyENSD_17_Hashtable_traitsILb0ELb0ELb1EEEE19_M_find_before_nodeEjRS4_j
                0x08002c94       0x3c VisualGDB/Debug/hw_dma_mapping.o
                0x08002c94                _ZNKSt10_HashtableIN7Chimera3DMA7ChannelESt4pairIKS2_KPN4Thor6Driver3DMA7StreamXEESaISB_ENSt8__detail10_Select1stESt8equal_toIS2_ESt4hashIS2_ENSD_18_Mod_range_hashingENSD_20_Default_ranged_hashENSD_20_Prime_rehash_policyENSD_17_Hashtable_traitsILb0ELb0ELb1EEEE19_M_find_before_nodeEjRS4_j
 .text._ZNSt8__detail16_Hashtable_allocISaINS_10_Hash_nodeISt4pairIKN7Chimera3DMA7ChannelEKPN4Thor6Driver3DMA7StreamXEELb0EEEEE16_M_allocate_nodeIJRKSD_EEEPSE_DpOT_
                0x08002cd0       0x20 VisualGDB/Debug/hw_dma_mapping.o
                0x08002cd0                _ZNSt8__detail16_Hashtable_allocISaINS_10_Hash_nodeISt4pairIKN7Chimera3DMA7ChannelEKPN4Thor6Driver3DMA7StreamXEELb0EEEEE16_M_allocate_nodeIJRKSD_EEEPSE_DpOT_
 .text._ZNSt10_HashtableIN7Chimera3DMA7ChannelESt4pairIKS2_KPN4Thor6Driver3DMA7StreamXEESaISB_ENSt8__detail10_Select1stESt8equal_toIS2_ESt4hashIS2_ENSD_18_Mod_range_hashingENSD_20_Default_ranged_hashENSD_20_Prime_rehash_policyENSD_17_Hashtable_traitsILb0ELb0ELb1EEEE22_M_insert_bucket_beginEjPNSD_10_Hash_nodeISB_Lb0EEE
                0x08002cf0       0x40 VisualGDB/Debug/hw_dma_mapping.o
                0x08002cf0                _ZNSt10_HashtableIN7Chimera3DMA7ChannelESt4pairIKS2_KPN4Thor6Driver3DMA7StreamXEESaISB_ENSt8__detail10_Select1stESt8equal_toIS2_ESt4hashIS2_ENSD_18_Mod_range_hashingENSD_20_Default_ranged_hashENSD_20_Prime_rehash_policyENSD_17_Hashtable_traitsILb0ELb0ELb1EEEE22_M_insert_bucket_beginEjPNSD_10_Hash_nodeISB_Lb0EEE
 .text._ZNSt10_HashtableIjSt4pairIKjjESaIS2_ENSt8__detail10_Select1stESt8equal_toIjESt4hashIjENS4_18_Mod_range_hashingENS4_20_Default_ranged_hashENS4_20_Prime_rehash_policyENS4_17_Hashtable_traitsILb0ELb0ELb1EEEE13_M_rehash_auxEjSt17integral_constantIbLb1EE
                0x08002d30       0x7c VisualGDB/Debug/hw_dma_mapping.o
                0x08002d30                _ZNSt10_HashtableIjSt4pairIKjjESaIS2_ENSt8__detail10_Select1stESt8equal_toIjESt4hashIjENS4_18_Mod_range_hashingENS4_20_Default_ranged_hashENS4_20_Prime_rehash_policyENS4_17_Hashtable_traitsILb0ELb0ELb1EEEE13_M_rehash_auxEjSt17integral_constantIbLb1EE
 .text._ZNSt10_HashtableIjSt4pairIKjjESaIS2_ENSt8__detail10_Select1stESt8equal_toIjESt4hashIjENS4_18_Mod_range_hashingENS4_20_Default_ranged_hashENS4_20_Prime_rehash_policyENS4_17_Hashtable_traitsILb0ELb0ELb1EEEE9_M_rehashEjRS1_
                0x08002dac        0xc VisualGDB/Debug/hw_dma_mapping.o
                0x08002dac                _ZNSt10_HashtableIjSt4pairIKjjESaIS2_ENSt8__detail10_Select1stESt8equal_toIjESt4hashIjENS4_18_Mod_range_hashingENS4_20_Default_ranged_hashENS4_20_Prime_rehash_policyENS4_17_Hashtable_traitsILb0ELb0ELb1EEEE9_M_rehashEjRS1_
 .text._ZNSt10_HashtableIjSt4pairIKjjESaIS2_ENSt8__detail10_Select1stESt8equal_toIjESt4hashIjENS4_18_Mod_range_hashingENS4_20_Default_ranged_hashENS4_20_Prime_rehash_policyENS4_17_Hashtable_traitsILb0ELb0ELb1EEEE21_M_insert_unique_nodeEjjPNS4_10_Hash_nodeIS2_Lb0EEE
                0x08002db8       0x54 VisualGDB/Debug/hw_dma_mapping.o
                0x08002db8                _ZNSt10_HashtableIjSt4pairIKjjESaIS2_ENSt8__detail10_Select1stESt8equal_toIjESt4hashIjENS4_18_Mod_range_hashingENS4_20_Default_ranged_hashENS4_20_Prime_rehash_policyENS4_17_Hashtable_traitsILb0ELb0ELb1EEEE21_M_insert_unique_nodeEjjPNS4_10_Hash_nodeIS2_Lb0EEE
 .text._ZNSt10_HashtableIjSt4pairIKjjESaIS2_ENSt8__detail10_Select1stESt8equal_toIjESt4hashIjENS4_18_Mod_range_hashingENS4_20_Default_ranged_hashENS4_20_Prime_rehash_policyENS4_17_Hashtable_traitsILb0ELb0ELb1EEEE9_M_insertIRKS2_NS4_10_AllocNodeISaINS4_10_Hash_nodeIS2_Lb0EEEEEEEES0_INS4_14_Node_iteratorIS2_Lb0ELb0EEEbEOT_RKT0_St17integral_constantIbLb1EE
                0x08002e0c       0x52 VisualGDB/Debug/hw_dma_mapping.o
                0x08002e0c                _ZNSt10_HashtableIjSt4pairIKjjESaIS2_ENSt8__detail10_Select1stESt8equal_toIjESt4hashIjENS4_18_Mod_range_hashingENS4_20_Default_ranged_hashENS4_20_Prime_rehash_policyENS4_17_Hashtable_traitsILb0ELb0ELb1EEEE9_M_insertIRKS2_NS4_10_AllocNodeISaINS4_10_Hash_nodeIS2_Lb0EEEEEEEES0_INS4_14_Node_iteratorIS2_Lb0ELb0EEEbEOT_RKT0_St17integral_constantIbLb1EE
 .text._ZNSt10_HashtableIjSt4pairIKjjESaIS2_ENSt8__detail10_Select1stESt8equal_toIjESt4hashIjENS4_18_Mod_range_hashingENS4_20_Default_ranged_hashENS4_20_Prime_rehash_policyENS4_17_Hashtable_traitsILb0ELb0ELb1EEEEC2IPKS2_EET_SJ_jRKS9_RKSA_RKSB_RKS7_RKS5_RKS3_
                0x08002e5e       0x8a VisualGDB/Debug/hw_dma_mapping.o
                0x08002e5e                _ZNSt10_HashtableIjSt4pairIKjjESaIS2_ENSt8__detail10_Select1stESt8equal_toIjESt4hashIjENS4_18_Mod_range_hashingENS4_20_Default_ranged_hashENS4_20_Prime_rehash_policyENS4_17_Hashtable_traitsILb0ELb0ELb1EEEEC2IPKS2_EET_SJ_jRKS9_RKSA_RKSB_RKS7_RKS5_RKS3_
                0x08002e5e                _ZNSt10_HashtableIjSt4pairIKjjESaIS2_ENSt8__detail10_Select1stESt8equal_toIjESt4hashIjENS4_18_Mod_range_hashingENS4_20_Default_ranged_hashENS4_20_Prime_rehash_policyENS4_17_Hashtable_traitsILb0ELb0ELb1EEEEC1IPKS2_EET_SJ_jRKS9_RKSA_RKSB_RKS7_RKS5_RKS3_
 .text._ZNSt13unordered_mapIjjSt4hashIjESt8equal_toIjESaISt4pairIKjjEEEC2ESt16initializer_listIS6_EjRKS1_RKS3_RKS7_
                0x08002ee8       0x40 VisualGDB/Debug/hw_dma_mapping.o
                0x08002ee8                _ZNSt13unordered_mapIjjSt4hashIjESt8equal_toIjESaISt4pairIKjjEEEC2ESt16initializer_listIS6_EjRKS1_RKS3_RKS7_
                0x08002ee8                _ZNSt13unordered_mapIjjSt4hashIjESt8equal_toIjESaISt4pairIKjjEEEC1ESt16initializer_listIS6_EjRKS1_RKS3_RKS7_
 .text._ZNSt10_HashtableIN7Chimera3DMA17TransferDirectionESt4pairIKS2_mESaIS5_ENSt8__detail10_Select1stESt8equal_toIS2_ESt4hashIS2_ENS7_18_Mod_range_hashingENS7_20_Default_ranged_hashENS7_20_Prime_rehash_policyENS7_17_Hashtable_traitsILb0ELb0ELb1EEEE13_M_rehash_auxEjSt17integral_constantIbLb1EE
                0x08002f28       0x7c VisualGDB/Debug/hw_dma_mapping.o
                0x08002f28                _ZNSt10_HashtableIN7Chimera3DMA17TransferDirectionESt4pairIKS2_mESaIS5_ENSt8__detail10_Select1stESt8equal_toIS2_ESt4hashIS2_ENS7_18_Mod_range_hashingENS7_20_Default_ranged_hashENS7_20_Prime_rehash_policyENS7_17_Hashtable_traitsILb0ELb0ELb1EEEE13_M_rehash_auxEjSt17integral_constantIbLb1EE
 .text._ZNSt10_HashtableIN7Chimera3DMA17TransferDirectionESt4pairIKS2_mESaIS5_ENSt8__detail10_Select1stESt8equal_toIS2_ESt4hashIS2_ENS7_18_Mod_range_hashingENS7_20_Default_ranged_hashENS7_20_Prime_rehash_policyENS7_17_Hashtable_traitsILb0ELb0ELb1EEEE9_M_rehashEjRKj
                0x08002fa4        0xc VisualGDB/Debug/hw_dma_mapping.o
                0x08002fa4                _ZNSt10_HashtableIN7Chimera3DMA17TransferDirectionESt4pairIKS2_mESaIS5_ENSt8__detail10_Select1stESt8equal_toIS2_ESt4hashIS2_ENS7_18_Mod_range_hashingENS7_20_Default_ranged_hashENS7_20_Prime_rehash_policyENS7_17_Hashtable_traitsILb0ELb0ELb1EEEE9_M_rehashEjRKj
 .text._ZNSt10_HashtableIN7Chimera3DMA17TransferDirectionESt4pairIKS2_mESaIS5_ENSt8__detail10_Select1stESt8equal_toIS2_ESt4hashIS2_ENS7_18_Mod_range_hashingENS7_20_Default_ranged_hashENS7_20_Prime_rehash_policyENS7_17_Hashtable_traitsILb0ELb0ELb1EEEE21_M_insert_unique_nodeEjjPNS7_10_Hash_nodeIS5_Lb0EEE
                0x08002fb0       0x54 VisualGDB/Debug/hw_dma_mapping.o
                0x08002fb0                _ZNSt10_HashtableIN7Chimera3DMA17TransferDirectionESt4pairIKS2_mESaIS5_ENSt8__detail10_Select1stESt8equal_toIS2_ESt4hashIS2_ENS7_18_Mod_range_hashingENS7_20_Default_ranged_hashENS7_20_Prime_rehash_policyENS7_17_Hashtable_traitsILb0ELb0ELb1EEEE21_M_insert_unique_nodeEjjPNS7_10_Hash_nodeIS5_Lb0EEE
 .text._ZNSt10_HashtableIN7Chimera3DMA17TransferDirectionESt4pairIKS2_mESaIS5_ENSt8__detail10_Select1stESt8equal_toIS2_ESt4hashIS2_ENS7_18_Mod_range_hashingENS7_20_Default_ranged_hashENS7_20_Prime_rehash_policyENS7_17_Hashtable_traitsILb0ELb0ELb1EEEE9_M_insertIRKS5_NS7_10_AllocNodeISaINS7_10_Hash_nodeIS5_Lb0EEEEEEEES3_INS7_14_Node_iteratorIS5_Lb0ELb0EEEbEOT_RKT0_St17integral_constantIbLb1EE
                0x08003004       0x52 VisualGDB/Debug/hw_dma_mapping.o
                0x08003004                _ZNSt10_HashtableIN7Chimera3DMA17TransferDirectionESt4pairIKS2_mESaIS5_ENSt8__detail10_Select1stESt8equal_toIS2_ESt4hashIS2_ENS7_18_Mod_range_hashingENS7_20_Default_ranged_hashENS7_20_Prime_rehash_policyENS7_17_Hashtable_traitsILb0ELb0ELb1EEEE9_M_insertIRKS5_NS7_10_AllocNodeISaINS7_10_Hash_nodeIS5_Lb0EEEEEEEES3_INS7_14_Node_iteratorIS5_Lb0ELb0EEEbEOT_RKT0_St17integral_constantIbLb1EE
 .text._ZNSt10_HashtableIN7Chimera3DMA17TransferDirectionESt4pairIKS2_mESaIS5_ENSt8__detail10_Select1stESt8equal_toIS2_ESt4hashIS2_ENS7_18_Mod_range_hashingENS7_20_Default_ranged_hashENS7_20_Prime_rehash_policyENS7_17_Hashtable_traitsILb0ELb0ELb1EEEEC2IPKS5_EET_SM_jRKSC_RKSD_RKSE_RKSA_RKS8_RKS6_
                0x08003056       0x8a VisualGDB/Debug/hw_dma_mapping.o
                0x08003056                _ZNSt10_HashtableIN7Chimera3DMA17TransferDirectionESt4pairIKS2_mESaIS5_ENSt8__detail10_Select1stESt8equal_toIS2_ESt4hashIS2_ENS7_18_Mod_range_hashingENS7_20_Default_ranged_hashENS7_20_Prime_rehash_policyENS7_17_Hashtable_traitsILb0ELb0ELb1EEEEC2IPKS5_EET_SM_jRKSC_RKSD_RKSE_RKSA_RKS8_RKS6_
                0x08003056                _ZNSt10_HashtableIN7Chimera3DMA17TransferDirectionESt4pairIKS2_mESaIS5_ENSt8__detail10_Select1stESt8equal_toIS2_ESt4hashIS2_ENS7_18_Mod_range_hashingENS7_20_Default_ranged_hashENS7_20_Prime_rehash_policyENS7_17_Hashtable_traitsILb0ELb0ELb1EEEEC1IPKS5_EET_SM_jRKSC_RKSD_RKSE_RKSA_RKS8_RKS6_
 .text._ZNSt10_HashtableIN7Chimera3DMA4ModeESt4pairIKS2_mESaIS5_ENSt8__detail10_Select1stESt8equal_toIS2_ESt4hashIS2_ENS7_18_Mod_range_hashingENS7_20_Default_ranged_hashENS7_20_Prime_rehash_policyENS7_17_Hashtable_traitsILb0ELb0ELb1EEEE13_M_rehash_auxEjSt17integral_constantIbLb1EE
                0x080030e0       0x7c VisualGDB/Debug/hw_dma_mapping.o
                0x080030e0                _ZNSt10_HashtableIN7Chimera3DMA4ModeESt4pairIKS2_mESaIS5_ENSt8__detail10_Select1stESt8equal_toIS2_ESt4hashIS2_ENS7_18_Mod_range_hashingENS7_20_Default_ranged_hashENS7_20_Prime_rehash_policyENS7_17_Hashtable_traitsILb0ELb0ELb1EEEE13_M_rehash_auxEjSt17integral_constantIbLb1EE
 .text._ZNSt10_HashtableIN7Chimera3DMA4ModeESt4pairIKS2_mESaIS5_ENSt8__detail10_Select1stESt8equal_toIS2_ESt4hashIS2_ENS7_18_Mod_range_hashingENS7_20_Default_ranged_hashENS7_20_Prime_rehash_policyENS7_17_Hashtable_traitsILb0ELb0ELb1EEEE9_M_rehashEjRKj
                0x0800315c        0xc VisualGDB/Debug/hw_dma_mapping.o
                0x0800315c                _ZNSt10_HashtableIN7Chimera3DMA4ModeESt4pairIKS2_mESaIS5_ENSt8__detail10_Select1stESt8equal_toIS2_ESt4hashIS2_ENS7_18_Mod_range_hashingENS7_20_Default_ranged_hashENS7_20_Prime_rehash_policyENS7_17_Hashtable_traitsILb0ELb0ELb1EEEE9_M_rehashEjRKj
 .text._ZNSt10_HashtableIN7Chimera3DMA4ModeESt4pairIKS2_mESaIS5_ENSt8__detail10_Select1stESt8equal_toIS2_ESt4hashIS2_ENS7_18_Mod_range_hashingENS7_20_Default_ranged_hashENS7_20_Prime_rehash_policyENS7_17_Hashtable_traitsILb0ELb0ELb1EEEE21_M_insert_unique_nodeEjjPNS7_10_Hash_nodeIS5_Lb0EEE
                0x08003168       0x54 VisualGDB/Debug/hw_dma_mapping.o
                0x08003168                _ZNSt10_HashtableIN7Chimera3DMA4ModeESt4pairIKS2_mESaIS5_ENSt8__detail10_Select1stESt8equal_toIS2_ESt4hashIS2_ENS7_18_Mod_range_hashingENS7_20_Default_ranged_hashENS7_20_Prime_rehash_policyENS7_17_Hashtable_traitsILb0ELb0ELb1EEEE21_M_insert_unique_nodeEjjPNS7_10_Hash_nodeIS5_Lb0EEE
 .text._ZNSt10_HashtableIN7Chimera3DMA4ModeESt4pairIKS2_mESaIS5_ENSt8__detail10_Select1stESt8equal_toIS2_ESt4hashIS2_ENS7_18_Mod_range_hashingENS7_20_Default_ranged_hashENS7_20_Prime_rehash_policyENS7_17_Hashtable_traitsILb0ELb0ELb1EEEE9_M_insertIRKS5_NS7_10_AllocNodeISaINS7_10_Hash_nodeIS5_Lb0EEEEEEEES3_INS7_14_Node_iteratorIS5_Lb0ELb0EEEbEOT_RKT0_St17integral_constantIbLb1EE
                0x080031bc       0x52 VisualGDB/Debug/hw_dma_mapping.o
                0x080031bc                _ZNSt10_HashtableIN7Chimera3DMA4ModeESt4pairIKS2_mESaIS5_ENSt8__detail10_Select1stESt8equal_toIS2_ESt4hashIS2_ENS7_18_Mod_range_hashingENS7_20_Default_ranged_hashENS7_20_Prime_rehash_policyENS7_17_Hashtable_traitsILb0ELb0ELb1EEEE9_M_insertIRKS5_NS7_10_AllocNodeISaINS7_10_Hash_nodeIS5_Lb0EEEEEEEES3_INS7_14_Node_iteratorIS5_Lb0ELb0EEEbEOT_RKT0_St17integral_constantIbLb1EE
 .text._ZNSt10_HashtableIN7Chimera3DMA4ModeESt4pairIKS2_mESaIS5_ENSt8__detail10_Select1stESt8equal_toIS2_ESt4hashIS2_ENS7_18_Mod_range_hashingENS7_20_Default_ranged_hashENS7_20_Prime_rehash_policyENS7_17_Hashtable_traitsILb0ELb0ELb1EEEEC2IPKS5_EET_SM_jRKSC_RKSD_RKSE_RKSA_RKS8_RKS6_
                0x0800320e       0x8a VisualGDB/Debug/hw_dma_mapping.o
                0x0800320e                _ZNSt10_HashtableIN7Chimera3DMA4ModeESt4pairIKS2_mESaIS5_ENSt8__detail10_Select1stESt8equal_toIS2_ESt4hashIS2_ENS7_18_Mod_range_hashingENS7_20_Default_ranged_hashENS7_20_Prime_rehash_policyENS7_17_Hashtable_traitsILb0ELb0ELb1EEEEC1IPKS5_EET_SM_jRKSC_RKSD_RKSE_RKSA_RKS8_RKS6_
                0x0800320e                _ZNSt10_HashtableIN7Chimera3DMA4ModeESt4pairIKS2_mESaIS5_ENSt8__detail10_Select1stESt8equal_toIS2_ESt4hashIS2_ENS7_18_Mod_range_hashingENS7_20_Default_ranged_hashENS7_20_Prime_rehash_policyENS7_17_Hashtable_traitsILb0ELb0ELb1EEEEC2IPKS5_EET_SM_jRKSC_RKSD_RKSE_RKSA_RKS8_RKS6_
 .text._ZNSt10_HashtableIN7Chimera3DMA7ChannelESt4pairIKS2_mESaIS5_ENSt8__detail10_Select1stESt8equal_toIS2_ESt4hashIS2_ENS7_18_Mod_range_hashingENS7_20_Default_ranged_hashENS7_20_Prime_rehash_policyENS7_17_Hashtable_traitsILb0ELb0ELb1EEEE13_M_rehash_auxEjSt17integral_constantIbLb1EE
                0x08003298       0x7c VisualGDB/Debug/hw_dma_mapping.o
                0x08003298                _ZNSt10_HashtableIN7Chimera3DMA7ChannelESt4pairIKS2_mESaIS5_ENSt8__detail10_Select1stESt8equal_toIS2_ESt4hashIS2_ENS7_18_Mod_range_hashingENS7_20_Default_ranged_hashENS7_20_Prime_rehash_policyENS7_17_Hashtable_traitsILb0ELb0ELb1EEEE13_M_rehash_auxEjSt17integral_constantIbLb1EE
 .text._ZNSt10_HashtableIN7Chimera3DMA7ChannelESt4pairIKS2_mESaIS5_ENSt8__detail10_Select1stESt8equal_toIS2_ESt4hashIS2_ENS7_18_Mod_range_hashingENS7_20_Default_ranged_hashENS7_20_Prime_rehash_policyENS7_17_Hashtable_traitsILb0ELb0ELb1EEEE9_M_rehashEjRKj
                0x08003314        0xc VisualGDB/Debug/hw_dma_mapping.o
                0x08003314                _ZNSt10_HashtableIN7Chimera3DMA7ChannelESt4pairIKS2_mESaIS5_ENSt8__detail10_Select1stESt8equal_toIS2_ESt4hashIS2_ENS7_18_Mod_range_hashingENS7_20_Default_ranged_hashENS7_20_Prime_rehash_policyENS7_17_Hashtable_traitsILb0ELb0ELb1EEEE9_M_rehashEjRKj
 .text._ZNSt10_HashtableIN7Chimera3DMA7ChannelESt4pairIKS2_mESaIS5_ENSt8__detail10_Select1stESt8equal_toIS2_ESt4hashIS2_ENS7_18_Mod_range_hashingENS7_20_Default_ranged_hashENS7_20_Prime_rehash_policyENS7_17_Hashtable_traitsILb0ELb0ELb1EEEE21_M_insert_unique_nodeEjjPNS7_10_Hash_nodeIS5_Lb0EEE
                0x08003320       0x54 VisualGDB/Debug/hw_dma_mapping.o
                0x08003320                _ZNSt10_HashtableIN7Chimera3DMA7ChannelESt4pairIKS2_mESaIS5_ENSt8__detail10_Select1stESt8equal_toIS2_ESt4hashIS2_ENS7_18_Mod_range_hashingENS7_20_Default_ranged_hashENS7_20_Prime_rehash_policyENS7_17_Hashtable_traitsILb0ELb0ELb1EEEE21_M_insert_unique_nodeEjjPNS7_10_Hash_nodeIS5_Lb0EEE
 .text._ZNSt10_HashtableIN7Chimera3DMA7ChannelESt4pairIKS2_mESaIS5_ENSt8__detail10_Select1stESt8equal_toIS2_ESt4hashIS2_ENS7_18_Mod_range_hashingENS7_20_Default_ranged_hashENS7_20_Prime_rehash_policyENS7_17_Hashtable_traitsILb0ELb0ELb1EEEE9_M_insertIRKS5_NS7_10_AllocNodeISaINS7_10_Hash_nodeIS5_Lb0EEEEEEEES3_INS7_14_Node_iteratorIS5_Lb0ELb0EEEbEOT_RKT0_St17integral_constantIbLb1EE
                0x08003374       0x52 VisualGDB/Debug/hw_dma_mapping.o
                0x08003374                _ZNSt10_HashtableIN7Chimera3DMA7ChannelESt4pairIKS2_mESaIS5_ENSt8__detail10_Select1stESt8equal_toIS2_ESt4hashIS2_ENS7_18_Mod_range_hashingENS7_20_Default_ranged_hashENS7_20_Prime_rehash_policyENS7_17_Hashtable_traitsILb0ELb0ELb1EEEE9_M_insertIRKS5_NS7_10_AllocNodeISaINS7_10_Hash_nodeIS5_Lb0EEEEEEEES3_INS7_14_Node_iteratorIS5_Lb0ELb0EEEbEOT_RKT0_St17integral_constantIbLb1EE
 .text._ZNSt10_HashtableIN7Chimera3DMA7ChannelESt4pairIKS2_mESaIS5_ENSt8__detail10_Select1stESt8equal_toIS2_ESt4hashIS2_ENS7_18_Mod_range_hashingENS7_20_Default_ranged_hashENS7_20_Prime_rehash_policyENS7_17_Hashtable_traitsILb0ELb0ELb1EEEEC2IPKS5_EET_SM_jRKSC_RKSD_RKSE_RKSA_RKS8_RKS6_
                0x080033c6       0x8a VisualGDB/Debug/hw_dma_mapping.o
                0x080033c6                _ZNSt10_HashtableIN7Chimera3DMA7ChannelESt4pairIKS2_mESaIS5_ENSt8__detail10_Select1stESt8equal_toIS2_ESt4hashIS2_ENS7_18_Mod_range_hashingENS7_20_Default_ranged_hashENS7_20_Prime_rehash_policyENS7_17_Hashtable_traitsILb0ELb0ELb1EEEEC1IPKS5_EET_SM_jRKSC_RKSD_RKSE_RKSA_RKS8_RKS6_
                0x080033c6                _ZNSt10_HashtableIN7Chimera3DMA7ChannelESt4pairIKS2_mESaIS5_ENSt8__detail10_Select1stESt8equal_toIS2_ESt4hashIS2_ENS7_18_Mod_range_hashingENS7_20_Default_ranged_hashENS7_20_Prime_rehash_policyENS7_17_Hashtable_traitsILb0ELb0ELb1EEEEC2IPKS5_EET_SM_jRKSC_RKSD_RKSE_RKSA_RKS8_RKS6_
 .text._ZNSt13unordered_mapIN7Chimera3DMA7ChannelEmSt4hashIS2_ESt8equal_toIS2_ESaISt4pairIKS2_mEEEC2ESt16initializer_listIS9_EjRKS4_RKS6_RKSA_
                0x08003450       0x40 VisualGDB/Debug/hw_dma_mapping.o
                0x08003450                _ZNSt13unordered_mapIN7Chimera3DMA7ChannelEmSt4hashIS2_ESt8equal_toIS2_ESaISt4pairIKS2_mEEEC1ESt16initializer_listIS9_EjRKS4_RKS6_RKSA_
                0x08003450                _ZNSt13unordered_mapIN7Chimera3DMA7ChannelEmSt4hashIS2_ESt8equal_toIS2_ESaISt4pairIKS2_mEEEC2ESt16initializer_listIS9_EjRKS4_RKS6_RKSA_
 .text._ZNSt10_HashtableIN7Chimera3DMA15MemoryIncrementESt4pairIKS2_mESaIS5_ENSt8__detail10_Select1stESt8equal_toIS2_ESt4hashIS2_ENS7_18_Mod_range_hashingENS7_20_Default_ranged_hashENS7_20_Prime_rehash_policyENS7_17_Hashtable_traitsILb0ELb0ELb1EEEE13_M_rehash_auxEjSt17integral_constantIbLb1EE
                0x08003490       0x7c VisualGDB/Debug/hw_dma_mapping.o
                0x08003490                _ZNSt10_HashtableIN7Chimera3DMA15MemoryIncrementESt4pairIKS2_mESaIS5_ENSt8__detail10_Select1stESt8equal_toIS2_ESt4hashIS2_ENS7_18_Mod_range_hashingENS7_20_Default_ranged_hashENS7_20_Prime_rehash_policyENS7_17_Hashtable_traitsILb0ELb0ELb1EEEE13_M_rehash_auxEjSt17integral_constantIbLb1EE
 .text._ZNSt10_HashtableIN7Chimera3DMA15MemoryIncrementESt4pairIKS2_mESaIS5_ENSt8__detail10_Select1stESt8equal_toIS2_ESt4hashIS2_ENS7_18_Mod_range_hashingENS7_20_Default_ranged_hashENS7_20_Prime_rehash_policyENS7_17_Hashtable_traitsILb0ELb0ELb1EEEE9_M_rehashEjRKj
                0x0800350c        0xc VisualGDB/Debug/hw_dma_mapping.o
                0x0800350c                _ZNSt10_HashtableIN7Chimera3DMA15MemoryIncrementESt4pairIKS2_mESaIS5_ENSt8__detail10_Select1stESt8equal_toIS2_ESt4hashIS2_ENS7_18_Mod_range_hashingENS7_20_Default_ranged_hashENS7_20_Prime_rehash_policyENS7_17_Hashtable_traitsILb0ELb0ELb1EEEE9_M_rehashEjRKj
 .text._ZNSt10_HashtableIN7Chimera3DMA15MemoryIncrementESt4pairIKS2_mESaIS5_ENSt8__detail10_Select1stESt8equal_toIS2_ESt4hashIS2_ENS7_18_Mod_range_hashingENS7_20_Default_ranged_hashENS7_20_Prime_rehash_policyENS7_17_Hashtable_traitsILb0ELb0ELb1EEEE21_M_insert_unique_nodeEjjPNS7_10_Hash_nodeIS5_Lb0EEE
                0x08003518       0x54 VisualGDB/Debug/hw_dma_mapping.o
                0x08003518                _ZNSt10_HashtableIN7Chimera3DMA15MemoryIncrementESt4pairIKS2_mESaIS5_ENSt8__detail10_Select1stESt8equal_toIS2_ESt4hashIS2_ENS7_18_Mod_range_hashingENS7_20_Default_ranged_hashENS7_20_Prime_rehash_policyENS7_17_Hashtable_traitsILb0ELb0ELb1EEEE21_M_insert_unique_nodeEjjPNS7_10_Hash_nodeIS5_Lb0EEE
 .text._ZNSt10_HashtableIN7Chimera3DMA15MemoryIncrementESt4pairIKS2_mESaIS5_ENSt8__detail10_Select1stESt8equal_toIS2_ESt4hashIS2_ENS7_18_Mod_range_hashingENS7_20_Default_ranged_hashENS7_20_Prime_rehash_policyENS7_17_Hashtable_traitsILb0ELb0ELb1EEEE9_M_insertIRKS5_NS7_10_AllocNodeISaINS7_10_Hash_nodeIS5_Lb0EEEEEEEES3_INS7_14_Node_iteratorIS5_Lb0ELb0EEEbEOT_RKT0_St17integral_constantIbLb1EE
                0x0800356c       0x52 VisualGDB/Debug/hw_dma_mapping.o
                0x0800356c                _ZNSt10_HashtableIN7Chimera3DMA15MemoryIncrementESt4pairIKS2_mESaIS5_ENSt8__detail10_Select1stESt8equal_toIS2_ESt4hashIS2_ENS7_18_Mod_range_hashingENS7_20_Default_ranged_hashENS7_20_Prime_rehash_policyENS7_17_Hashtable_traitsILb0ELb0ELb1EEEE9_M_insertIRKS5_NS7_10_AllocNodeISaINS7_10_Hash_nodeIS5_Lb0EEEEEEEES3_INS7_14_Node_iteratorIS5_Lb0ELb0EEEbEOT_RKT0_St17integral_constantIbLb1EE
 .text._ZNSt10_HashtableIN7Chimera3DMA15MemoryIncrementESt4pairIKS2_mESaIS5_ENSt8__detail10_Select1stESt8equal_toIS2_ESt4hashIS2_ENS7_18_Mod_range_hashingENS7_20_Default_ranged_hashENS7_20_Prime_rehash_policyENS7_17_Hashtable_traitsILb0ELb0ELb1EEEEC2IPKS5_EET_SM_jRKSC_RKSD_RKSE_RKSA_RKS8_RKS6_
                0x080035be       0x8a VisualGDB/Debug/hw_dma_mapping.o
                0x080035be                _ZNSt10_HashtableIN7Chimera3DMA15MemoryIncrementESt4pairIKS2_mESaIS5_ENSt8__detail10_Select1stESt8equal_toIS2_ESt4hashIS2_ENS7_18_Mod_range_hashingENS7_20_Default_ranged_hashENS7_20_Prime_rehash_policyENS7_17_Hashtable_traitsILb0ELb0ELb1EEEEC2IPKS5_EET_SM_jRKSC_RKSD_RKSE_RKSA_RKS8_RKS6_
                0x080035be                _ZNSt10_HashtableIN7Chimera3DMA15MemoryIncrementESt4pairIKS2_mESaIS5_ENSt8__detail10_Select1stESt8equal_toIS2_ESt4hashIS2_ENS7_18_Mod_range_hashingENS7_20_Default_ranged_hashENS7_20_Prime_rehash_policyENS7_17_Hashtable_traitsILb0ELb0ELb1EEEEC1IPKS5_EET_SM_jRKSC_RKSD_RKSE_RKSA_RKS8_RKS6_
 .text._ZNSt10_HashtableIN7Chimera3DMA15MemoryAlignmentESt4pairIKS2_mESaIS5_ENSt8__detail10_Select1stESt8equal_toIS2_ESt4hashIS2_ENS7_18_Mod_range_hashingENS7_20_Default_ranged_hashENS7_20_Prime_rehash_policyENS7_17_Hashtable_traitsILb0ELb0ELb1EEEE13_M_rehash_auxEjSt17integral_constantIbLb1EE
                0x08003648       0x7c VisualGDB/Debug/hw_dma_mapping.o